../Core/Src/fsm.c:93:13:FSM_GenerateOtp	16	static
../Core/Src/fsm.c:99:13:FSM_Transition	16	static
../Core/Src/fsm.c:106:13:FSM_StateJustEntered	4	static
../Core/Src/fsm.c:116:13:FSM_ClearBuffer	24	static
../Core/Src/fsm.c:122:13:FSM_IsDigit	16	static
../Core/Src/fsm.c:127:13:FSM_DisplayMessage	16	static
../Core/Src/fsm.c:140:13:FSM_DisplayMaskedInput	24	static
../Core/Src/fsm.c:159:13:FSM_AppendDigit	24	static
../Core/Src/fsm.c:169:13:FSM_RemoveLastDigit	16	static
../Core/Src/fsm.c:178:13:FSM_ResetSessionData	8	static
../Core/Src/fsm.c:194:13:FSM_ShowReadyScreen	8	static
../Core/Src/fsm.c:199:13:FSM_SignalPinError	8	static
../Core/Src/fsm.c:204:13:FSM_SignalAdminError	8	static
../Core/Src/fsm.c:209:13:FSM_SignalPinMismatch	8	static
../Core/Src/fsm.c:214:13:FSM_SignalSuccess	8	static
../Core/Src/fsm.c:223:6:FSM_Init	8	static
../Core/Src/fsm.c:236:13:FSM_GetState	4	static
../Core/Src/fsm.c:241:6:FSM_OnEspAckOtpSent	4	static
../Core/Src/fsm.c:246:6:FSM_OnEspOtpReceived	16	static
../Core/Src/fsm.c:261:6:FSM_Update	16	static
