../Core/Src/fsm.c:85:13:FSM_Transition	16	static
../Core/Src/fsm.c:92:13:FSM_StateJustEntered	4	static
../Core/Src/fsm.c:102:13:FSM_ClearBuffer	24	static
../Core/Src/fsm.c:108:13:FSM_IsDigit	16	static
../Core/Src/fsm.c:113:13:FSM_DisplayMessage	16	static
../Core/Src/fsm.c:126:13:FSM_DisplayMaskedInput	24	static
../Core/Src/fsm.c:145:13:FSM_AppendDigit	24	static
../Core/Src/fsm.c:155:13:FSM_RemoveLastDigit	16	static
../Core/Src/fsm.c:164:13:FSM_ResetSessionData	8	static
../Core/Src/fsm.c:180:13:FSM_ShowReadyScreen	8	static
../Core/Src/fsm.c:185:13:FSM_SignalPinError	8	static
../Core/Src/fsm.c:190:13:FSM_SignalAdminError	8	static
../Core/Src/fsm.c:195:13:FSM_SignalPinMismatch	8	static
../Core/Src/fsm.c:204:6:FSM_Init	8	static
../Core/Src/fsm.c:217:13:FSM_GetState	4	static
../Core/Src/fsm.c:223:6:FSM_OnEspAckOtpSent	4	static
../Core/Src/fsm.c:228:6:FSM_OnEspOtpReceived	16	static
../Core/Src/fsm.c:243:6:FSM_Update	16	static
