../Core/Src/main.c:86:5:main	8	static
../Core/Src/main.c:163:6:SystemClock_Config	128	static
../Core/Src/main.c:215:13:MX_I2C1_Init	8	static
../Core/Src/main.c:263:13:MX_SPI1_Init	8	static
../Core/Src/main.c:303:13:MX_TIM1_Init	96	static
../Core/Src/main.c:373:13:MX_TIM2_Init	48	static
../Core/Src/main.c:422:13:MX_USART2_UART_Init	8	static
../Core/Src/main.c:457:13:MX_USB_PCD_Init	8	static
../Core/Src/main.c:488:13:MX_GPIO_Init	48	static
../Core/Src/main.c:566:6:Error_Handler	4	static,ignoring_inline_asm
