Archive member included to satisfy reference by file (symbol)

C:/ST/STM32CubeIDE_1.14.1/STM32CubeIDE/plugins/com.st.stm32cube.ide.mcu.externaltools.gnu-tools-for-stm32.11.3.rel1.win32_1.1.100.202309141235/tools/bin/../lib/gcc/arm-none-eabi/11.3.1/../../../../arm-none-eabi/lib/thumb/v7e-m+fp/hard\libc_nano.a(libc_a-exit.o)
                              C:/ST/STM32CubeIDE_1.14.1/STM32CubeIDE/plugins/com.st.stm32cube.ide.mcu.externaltools.gnu-tools-for-stm32.11.3.rel1.win32_1.1.100.202309141235/tools/bin/../lib/gcc/arm-none-eabi/11.3.1/../../../../arm-none-eabi/lib/thumb/v7e-m+fp/hard/crt0.o (exit)
C:/ST/STM32CubeIDE_1.14.1/STM32CubeIDE/plugins/com.st.stm32cube.ide.mcu.externaltools.gnu-tools-for-stm32.11.3.rel1.win32_1.1.100.202309141235/tools/bin/../lib/gcc/arm-none-eabi/11.3.1/../../../../arm-none-eabi/lib/thumb/v7e-m+fp/hard\libc_nano.a(libc_a-findfp.o)
                              C:/ST/STM32CubeIDE_1.14.1/STM32CubeIDE/plugins/com.st.stm32cube.ide.mcu.externaltools.gnu-tools-for-stm32.11.3.rel1.win32_1.1.100.202309141235/tools/bin/../lib/gcc/arm-none-eabi/11.3.1/../../../../arm-none-eabi/lib/thumb/v7e-m+fp/hard\libc_nano.a(libc_a-exit.o) (__stdio_exit_handler)
C:/ST/STM32CubeIDE_1.14.1/STM32CubeIDE/plugins/com.st.stm32cube.ide.mcu.externaltools.gnu-tools-for-stm32.11.3.rel1.win32_1.1.100.202309141235/tools/bin/../lib/gcc/arm-none-eabi/11.3.1/../../../../arm-none-eabi/lib/thumb/v7e-m+fp/hard\libc_nano.a(libc_a-fwalk.o)
                              C:/ST/STM32CubeIDE_1.14.1/STM32CubeIDE/plugins/com.st.stm32cube.ide.mcu.externaltools.gnu-tools-for-stm32.11.3.rel1.win32_1.1.100.202309141235/tools/bin/../lib/gcc/arm-none-eabi/11.3.1/../../../../arm-none-eabi/lib/thumb/v7e-m+fp/hard\libc_nano.a(libc_a-findfp.o) (_fwalk_sglue)
C:/ST/STM32CubeIDE_1.14.1/STM32CubeIDE/plugins/com.st.stm32cube.ide.mcu.externaltools.gnu-tools-for-stm32.11.3.rel1.win32_1.1.100.202309141235/tools/bin/../lib/gcc/arm-none-eabi/11.3.1/../../../../arm-none-eabi/lib/thumb/v7e-m+fp/hard\libc_nano.a(libc_a-snprintf.o)
                              ./Core/Src/esp_uart.o (snprintf)
C:/ST/STM32CubeIDE_1.14.1/STM32CubeIDE/plugins/com.st.stm32cube.ide.mcu.externaltools.gnu-tools-for-stm32.11.3.rel1.win32_1.1.100.202309141235/tools/bin/../lib/gcc/arm-none-eabi/11.3.1/../../../../arm-none-eabi/lib/thumb/v7e-m+fp/hard\libc_nano.a(libc_a-stdio.o)
                              C:/ST/STM32CubeIDE_1.14.1/STM32CubeIDE/plugins/com.st.stm32cube.ide.mcu.externaltools.gnu-tools-for-stm32.11.3.rel1.win32_1.1.100.202309141235/tools/bin/../lib/gcc/arm-none-eabi/11.3.1/../../../../arm-none-eabi/lib/thumb/v7e-m+fp/hard\libc_nano.a(libc_a-findfp.o) (__sread)
C:/ST/STM32CubeIDE_1.14.1/STM32CubeIDE/plugins/com.st.stm32cube.ide.mcu.externaltools.gnu-tools-for-stm32.11.3.rel1.win32_1.1.100.202309141235/tools/bin/../lib/gcc/arm-none-eabi/11.3.1/../../../../arm-none-eabi/lib/thumb/v7e-m+fp/hard\libc_nano.a(libc_a-memset.o)
                              C:/ST/STM32CubeIDE_1.14.1/STM32CubeIDE/plugins/com.st.stm32cube.ide.mcu.externaltools.gnu-tools-for-stm32.11.3.rel1.win32_1.1.100.202309141235/tools/bin/../lib/gcc/arm-none-eabi/11.3.1/../../../../arm-none-eabi/lib/thumb/v7e-m+fp/hard/crt0.o (memset)
C:/ST/STM32CubeIDE_1.14.1/STM32CubeIDE/plugins/com.st.stm32cube.ide.mcu.externaltools.gnu-tools-for-stm32.11.3.rel1.win32_1.1.100.202309141235/tools/bin/../lib/gcc/arm-none-eabi/11.3.1/../../../../arm-none-eabi/lib/thumb/v7e-m+fp/hard\libc_nano.a(libc_a-strncmp.o)
                              ./Core/Src/esp_uart.o (strncmp)
C:/ST/STM32CubeIDE_1.14.1/STM32CubeIDE/plugins/com.st.stm32cube.ide.mcu.externaltools.gnu-tools-for-stm32.11.3.rel1.win32_1.1.100.202309141235/tools/bin/../lib/gcc/arm-none-eabi/11.3.1/../../../../arm-none-eabi/lib/thumb/v7e-m+fp/hard\libc_nano.a(libc_a-strncpy.o)
                              ./Core/Src/esp_uart.o (strncpy)
C:/ST/STM32CubeIDE_1.14.1/STM32CubeIDE/plugins/com.st.stm32cube.ide.mcu.externaltools.gnu-tools-for-stm32.11.3.rel1.win32_1.1.100.202309141235/tools/bin/../lib/gcc/arm-none-eabi/11.3.1/../../../../arm-none-eabi/lib/thumb/v7e-m+fp/hard\libc_nano.a(libc_a-closer.o)
                              C:/ST/STM32CubeIDE_1.14.1/STM32CubeIDE/plugins/com.st.stm32cube.ide.mcu.externaltools.gnu-tools-for-stm32.11.3.rel1.win32_1.1.100.202309141235/tools/bin/../lib/gcc/arm-none-eabi/11.3.1/../../../../arm-none-eabi/lib/thumb/v7e-m+fp/hard\libc_nano.a(libc_a-stdio.o) (_close_r)
C:/ST/STM32CubeIDE_1.14.1/STM32CubeIDE/plugins/com.st.stm32cube.ide.mcu.externaltools.gnu-tools-for-stm32.11.3.rel1.win32_1.1.100.202309141235/tools/bin/../lib/gcc/arm-none-eabi/11.3.1/../../../../arm-none-eabi/lib/thumb/v7e-m+fp/hard\libc_nano.a(libc_a-reent.o)
                              C:/ST/STM32CubeIDE_1.14.1/STM32CubeIDE/plugins/com.st.stm32cube.ide.mcu.externaltools.gnu-tools-for-stm32.11.3.rel1.win32_1.1.100.202309141235/tools/bin/../lib/gcc/arm-none-eabi/11.3.1/../../../../arm-none-eabi/lib/thumb/v7e-m+fp/hard\libc_nano.a(libc_a-closer.o) (errno)
[...]
Memory Configuration

Name             Origin             Length             Attributes
CCMRAM           0x0000000010000000 0x0000000000002000 xrw
RAM              0x0000000020000000 0x000000000000a000 xrw
FLASH            0x0000000008000000 0x0000000000040000 xr
*default*        0x0000000000000000 0xffffffffffffffff

Linker script and memory map

LOAD C:/ST/STM32CubeIDE_1.14.1/STM32CubeIDE/plugins/com.st.stm32cube.ide.mcu.externaltools.gnu-tools-for-stm32.11.3.rel1.win32_1.1.100.202309141235/tools/bin/../lib/gcc/arm-none-eabi/11.3.1/thumb/v7e-m+fp/hard/crti.o
LOAD C:/ST/STM32CubeIDE_1.14.1/STM32CubeIDE/plugins/com.st.stm32cube.ide.mcu.externaltools.gnu-tools-for-stm32.11.3.rel1.win32_1.1.100.202309141235/tools/bin/../lib/gcc/arm-none-eabi/11.3.1/thumb/v7e-m+fp/hard/crtbegin.o
LOAD C:/ST/STM32CubeIDE_1.14.1/STM32CubeIDE/plugins/com.st.stm32cube.ide.mcu.externaltools.gnu-tools-for-stm32.11.3.rel1.win32_1.1.100.202309141235/tools/bin/../lib/gcc/arm-none-eabi/11.3.1/../../../../arm-none-eabi/lib/thumb/v7e-m+fp/hard/crt0.o
LOAD ./Core/Src/alarm.o
LOAD ./Core/Src/esp_uart.o
LOAD ./Core/Src/fonts.o
LOAD ./Core/Src/fsm.o
LOAD ./Core/Src/keypad.o
LOAD ./Core/Src/main.o
LOAD ./Core/Src/servo.o
LOAD ./Core/Src/ssd1306.o
LOAD ./Core/Src/stm32f3xx_hal_msp.o
LOAD ./Core/Src/stm32f3xx_it.o
LOAD ./Core/Src/syscalls.o
LOAD ./Core/Src/sysmem.o
LOAD ./Core/Src/system_stm32f3xx.o
LOAD ./Core/Startup/startup_stm32f303vctx.o
LOAD ./Drivers/STM32F3xx_HAL_Driver/Src/stm32f3xx_hal.o
LOAD ./Drivers/STM32F3xx_HAL_Driver/Src/stm32f3xx_hal_cortex.o
LOAD ./Drivers/STM32F3xx_HAL_Driver/Src/stm32f3xx_hal_dma.o
LOAD ./Drivers/STM32F3xx_HAL_Driver/Src/stm32f3xx_hal_exti.o
LOAD ./Drivers/STM32F3xx_HAL_Driver/Src/stm32f3xx_hal_flash.o
LOAD ./Drivers/STM32F3xx_HAL_Driver/Src/stm32f3xx_hal_flash_ex.o
LOAD ./Drivers/STM32F3xx_HAL_Driver/Src/stm32f3xx_hal_gpio.o
LOAD ./Drivers/STM32F3xx_HAL_Driver/Src/stm32f3xx_hal_i2c.o
LOAD ./Drivers/STM32F3xx_HAL_Driver/Src/stm32f3xx_hal_i2c_ex.o
LOAD ./Drivers/STM32F3xx_HAL_Driver/Src/stm32f3xx_hal_pcd.o
LOAD ./Drivers/STM32F3xx_HAL_Driver/Src/stm32f3xx_hal_pcd_ex.o
LOAD ./Drivers/STM32F3xx_HAL_Driver/Src/stm32f3xx_hal_pwr.o
LOAD ./Drivers/STM32F3xx_HAL_Driver/Src/stm32f3xx_hal_pwr_ex.o
LOAD ./Drivers/STM32F3xx_HAL_Driver/Src/stm32f3xx_hal_rcc.o
LOAD ./Drivers/STM32F3xx_HAL_Driver/Src/stm32f3xx_hal_rcc_ex.o
LOAD ./Drivers/STM32F3xx_HAL_Driver/Src/stm32f3xx_hal_spi.o
LOAD ./Drivers/STM32F3xx_HAL_Driver/Src/stm32f3xx_hal_spi_ex.o
LOAD ./Drivers/STM32F3xx_HAL_Driver/Src/stm32f3xx_hal_tim.o
LOAD ./Drivers/STM32F3xx_HAL_Driver/Src/stm32f3xx_hal_tim_ex.o
LOAD ./Drivers/STM32F3xx_HAL_Driver/Src/stm32f3xx_hal_uart.o
LOAD ./Drivers/STM32F3xx_HAL_Driver/Src/stm32f3xx_hal_uart_ex.o
LOAD ./Drivers/STM32F3xx_HAL_Driver/Src/stm32f3xx_ll_usb.o
START GROUP
LOAD C:/ST/STM32CubeIDE_1.14.1/STM32CubeIDE/plugins/com.st.stm32cube.ide.mcu.externaltools.gnu-tools-for-stm32.11.3.rel1.win32_1.1.100.202309141235/tools/bin/../lib/gcc/arm-none-eabi/11.3.1/../../../../arm-none-eabi/lib/thumb/v7e-m+fp/hard\libc_nano.a
LOAD C:/ST/STM32CubeIDE_1.14.1/STM32CubeIDE/plugins/com.st.stm32cube.ide.mcu.externaltools.gnu-tools-for-stm32.11.3.rel1.win32_1.1.100.202309141235/tools/bin/../lib/gcc/arm-none-eabi/11.3.1/../../../../arm-none-eabi/lib/thumb/v7e-m+fp/hard\libm.a
END GROUP
START GROUP
LOAD C:/ST/STM32CubeIDE_1.14.1/STM32CubeIDE/plugins/com.st.stm32cube.ide.mcu.externaltools.gnu-tools-for-stm32.11.3.rel1.win32_1.1.100.202309141235/tools/bin/../lib/gcc/arm-none-eabi/11.3.1/thumb/v7e-m+fp/hard\libgcc.a
LOAD C:/ST/STM32CubeIDE_1.14.1/STM32CubeIDE/plugins/com.st.stm32cube.ide.mcu.externaltools.gnu-tools-for-stm32.11.3.rel1.win32_1.1.100.202309141235/tools/bin/../lib/gcc/arm-none-eabi/11.3.1/../../../../arm-none-eabi/lib/thumb/v7e-m+fp/hard\libc_nano.a
END GROUP
START GROUP
LOAD C:/ST/STM32CubeIDE_1.14.1/STM32CubeIDE/plugins/com.st.stm32cube.ide.mcu.externaltools.gnu-tools-for-stm32.11.3.rel1.win32_1.1.100.202309141235/tools/bin/../lib/gcc/arm-none-eabi/11.3.1/thumb/v7e-m+fp/hard\libgcc.a
LOAD C:/ST/STM32CubeIDE_1.14.1/STM32CubeIDE/plugins/com.st.stm32cube.ide.mcu.externaltools.gnu-tools-for-stm32.11.3.rel1.win32_1.1.100.202309141235/tools/bin/../lib/gcc/arm-none-eabi/11.3.1/../../../../arm-none-eabi/lib/thumb/v7e-m+fp/hard\libc_nano.a
LOAD C:/ST/STM32CubeIDE_1.14.1/STM32CubeIDE/plugins/com.st.stm32cube.ide.mcu.externaltools.gnu-tools-for-stm32.11.3.rel1.win32_1.1.100.202309141235/tools/bin/../lib/gcc/arm-none-eabi/11.3.1/../../../../arm-none-eabi/lib/thumb/v7e-m+fp/hard\libnosys.a
END GROUP
START GROUP
LOAD C:/ST/STM32CubeIDE_1.14.1/STM32CubeIDE/plugins/com.st.stm32cube.ide.mcu.externaltools.gnu-tools-for-stm32.11.3.rel1.win32_1.1.100.202309141235/tools/bin/../lib/gcc/arm-none-eabi/11.3.1/thumb/v7e-m+fp/hard\libgcc.a
LOAD C:/ST/STM32CubeIDE_1.14.1/STM32CubeIDE/plugins/com.st.stm32cube.ide.mcu.externaltools.gnu-tools-for-stm32.11.3.rel1.win32_1.1.100.202309141235/tools/bin/../lib/gcc/arm-none-eabi/11.3.1/../../../../arm-none-eabi/lib/thumb/v7e-m+fp/hard\libc_nano.a
LOAD C:/ST/STM32CubeIDE_1.14.1/STM32CubeIDE/plugins/com.st.stm32cube.ide.mcu.externaltools.gnu-tools-for-stm32.11.3.rel1.win32_1.1.100.202309141235/tools/bin/../lib/gcc/arm-none-eabi/11.3.1/../../../../arm-none-eabi/lib/thumb/v7e-m+fp/hard\libnosys.a
END GROUP
LOAD C:/ST/STM32CubeIDE_1.14.1/STM32CubeIDE/plugins/com.st.stm32cube.ide.mcu.externaltools.gnu-tools-for-stm32.11.3.rel1.win32_1.1.100.202309141235/tools/bin/../lib/gcc/arm-none-eabi/11.3.1/thumb/v7e-m+fp/hard/crtend.o
LOAD C:/ST/STM32CubeIDE_1.14.1/STM32CubeIDE/plugins/com.st.stm32cube.ide.mcu.externaltools.gnu-tools-for-stm32.11.3.rel1.win32_1.1.100.202309141235/tools/bin/../lib/gcc/arm-none-eabi/11.3.1/thumb/v7e-m+fp/hard/crtn.o
                0x000000002000a000                _estack = (ORIGIN (RAM) + LENGTH (RAM))
                0x0000000000000200                _Min_Heap_Size = 0x200
                0x0000000000000400                _Min_Stack_Size = 0x400

.isr_vector     0x0000000008000000      0x188
                0x0000000008000000                . = ALIGN (0x4)
 *(.isr_vector)
 .isr_vector    0x0000000008000000      0x188 ./Core/Startup/startup_stm32f303vctx.o
                0x0000000008000000                g_pfnVectors
                0x0000000008000188                . = ALIGN (0x4)

.text           0x0000000008000190     0x7758
                0x0000000008000190                . = ALIGN (0x4)
 *(.text)
 .text          0x0000000008000190       0x40 C:/ST/STM32CubeIDE_1.14.1/STM32CubeIDE/plugins/com.st.stm32cube.ide.mcu.externaltools.gnu-tools-for-stm32.11.3.rel1.win32_1.1.100.202309141235/tools/bin/../lib/gcc/arm-none-eabi/11.3.1/thumb/v7e-m+fp/hard/crtbegin.o
 .text          0x00000000080001d0       0x14 C:/ST/STM32CubeIDE_1.14.1/STM32CubeIDE/plugins/com.st.stm32cube.ide.mcu.externaltools.gnu-tools-for-stm32.11.3.rel1.win32_1.1.100.202309141235/tools/bin/../lib/gcc/arm-none-eabi/11.3.1/../../../../arm-none-eabi/lib/thumb/v7e-m+fp/hard\libc_nano.a(libc_a-strcmp.o)
                0x00000000080001d0                strcmp
 .text          0x00000000080001e4       0x10 C:/ST/STM32CubeIDE_1.14.1/STM32CubeIDE/plugins/com.st.stm32cube.ide.mcu.externaltools.gnu-tools-for-stm32.11.3.rel1.win32_1.1.100.202309141235/tools/bin/../lib/gcc/arm-none-eabi/11.3.1/../../../../arm-none-eabi/lib/thumb/v7e-m+fp/hard\libc_nano.a(libc_a-strlen.o)
                0x00000000080001e4                strlen
 *fill*         0x00000000080001f4        0xc 
 .text          0x0000000008000200       0xa0 C:/ST/STM32CubeIDE_1.14.1/STM32CubeIDE/plugins/com.st.stm32cube.ide.mcu.externaltools.gnu-tools-for-stm32.11.3.rel1.win32_1.1.100.202309141235/tools/bin/../lib/gcc/arm-none-eabi/11.3.1/../../../../arm-none-eabi/lib/thumb/v7e-m+fp/hard\libc_nano.a(libc_a-memchr.o)
                0x0000000008000200                memchr
 *(.text*)
 .text.Alarm_SetSelectedLeds
                0x00000000080002a0       0x64 ./Core/Src/alarm.o
 .text.Alarm_Init
                0x0000000008000304       0x24 ./Core/Src/alarm.o
                0x0000000008000304                Alarm_Init
 .text.Alarm_Start
                0x0000000008000328       0xa4 ./Core/Src/alarm.o
                0x0000000008000328                Alarm_Start
 .text.Alarm_LedStart
                0x00000000080003cc       0x68 ./Core/Src/alarm.o
                0x00000000080003cc                Alarm_LedStart
 .text.Alarm_Stop
                0x0000000008000434       0x6c ./Core/Src/alarm.o
                0x0000000008000434                Alarm_Stop
 .text.Alarm_LedStop
                0x00000000080004a0       0x40 ./Core/Src/alarm.o
                0x00000000080004a0                Alarm_LedStop
 .text.Alarm_Update
                0x00000000080004e0      0x168 ./Core/Src/alarm.o
                0x00000000080004e0                Alarm_Update
 .text.ESP_UART_ProcessLine
                0x0000000008000648       0xdc ./Core/Src/esp_uart.o
 .text.ESP_UART_Init
                0x0000000008000724       0x44 ./Core/Src/esp_uart.o
                0x0000000008000724                ESP_UART_Init
 .text.ESP_UART_Update
                0x0000000008000768        0xe ./Core/Src/esp_uart.o
                0x0000000008000768                ESP_UART_Update
 *fill*         0x0000000008000776        0x2 
 .text.ESP_UART_SendCommand
                0x0000000008000778       0x54 ./Core/Src/esp_uart.o
                0x0000000008000778                ESP_UART_SendCommand
 .text.ESP_UART_SendLockdownAlert
                0x00000000080007cc       0x14 ./Core/Src/esp_uart.o
                0x00000000080007cc                ESP_UART_SendLockdownAlert
 .text.ESP_UART_SendOtp
                0x00000000080007e0       0x2c ./Core/Src/esp_uart.o
                0x00000000080007e0                ESP_UART_SendOtp
 .text.ESP_UART_IsAckOtpSent
                0x000000000800080c       0x18 ./Core/Src/esp_uart.o
                0x000000000800080c                ESP_UART_IsAckOtpSent
 .text.ESP_UART_HasOtp
                0x0000000008000824       0x18 ./Core/Src/esp_uart.o
                0x0000000008000824                ESP_UART_HasOtp
 .text.ESP_UART_GetOtp
                0x000000000800083c       0x14 ./Core/Src/esp_uart.o
                0x000000000800083c                ESP_UART_GetOtp
 .text.ESP_UART_ClearAckOtpSent
                0x0000000008000850       0x18 ./Core/Src/esp_uart.o
                0x0000000008000850                ESP_UART_ClearAckOtpSent
 .text.ESP_UART_ClearOtp
                0x0000000008000868       0x20 ./Core/Src/esp_uart.o
                0x0000000008000868                ESP_UART_ClearOtp
 .text.HAL_UART_RxCpltCallback
                0x0000000008000888       0xc4 ./Core/Src/esp_uart.o
                0x0000000008000888                HAL_UART_RxCpltCallback
 .text.FSM_GenerateOtp
                0x000000000800094c       0x44 ./Core/Src/fsm.o
 .text.FSM_Transition
                0x0000000008000990       0x34 ./Core/Src/fsm.o
 .text.FSM_StateJustEntered
                0x00000000080009c4       0x28 ./Core/Src/fsm.o
 .text.FSM_ClearBuffer
                0x00000000080009ec       0x2a ./Core/Src/fsm.o
 .text.FSM_IsDigit
                0x0000000008000a16       0x2e ./Core/Src/fsm.o
 .text.FSM_DisplayMessage
                0x0000000008000a44       0x36 ./Core/Src/fsm.o
 .text.FSM_DisplayMaskedInput
                0x0000000008000a7a       0x6e ./Core/Src/fsm.o
 .text.FSM_AppendDigit
                0x0000000008000ae8       0x54 ./Core/Src/fsm.o
 .text.FSM_RemoveLastDigit
                0x0000000008000b3c       0x38 ./Core/Src/fsm.o
 .text.FSM_ResetSessionData
                0x0000000008000b74       0x98 ./Core/Src/fsm.o
 .text.FSM_ShowReadyScreen
                0x0000000008000c0c       0x18 ./Core/Src/fsm.o
 .text.FSM_SignalPinError
                0x0000000008000c24       0x14 ./Core/Src/fsm.o
 .text.FSM_SignalAdminError
                0x0000000008000c38       0x14 ./Core/Src/fsm.o
 .text.FSM_SignalPinMismatch
                0x0000000008000c4c       0x14 ./Core/Src/fsm.o
 .text.FSM_SignalSuccess
                0x0000000008000c60       0x14 ./Core/Src/fsm.o
 .text.FSM_Init
                0x0000000008000c74       0x4c ./Core/Src/fsm.o
                0x0000000008000c74                FSM_Init
 .text.FSM_OnEspAckOtpSent
                0x0000000008000cc0       0x18 ./Core/Src/fsm.o
                0x0000000008000cc0                FSM_OnEspAckOtpSent
 .text.FSM_OnEspOtpReceived
                0x0000000008000cd8       0x40 ./Core/Src/fsm.o
                0x0000000008000cd8                FSM_OnEspOtpReceived
 .text.FSM_Update
                0x0000000008000d18      0x8f8 ./Core/Src/fsm.o
                0x0000000008000d18                FSM_Update
 .text.Keypad_SetAllColumnsLow
                0x0000000008001610       0x38 ./Core/Src/keypad.o
 .text.Keypad_Init
                0x0000000008001648        0xc ./Core/Src/keypad.o
                0x0000000008001648                Keypad_Init
 .text.Keypad_GetKey
                0x0000000008001654      0x100 ./Core/Src/keypad.o
                0x0000000008001654                Keypad_GetKey
 .text.main     0x0000000008001754       0xb0 ./Core/Src/main.o
                0x0000000008001754                main
 .text.SystemClock_Config
                0x0000000008001804       0xcc ./Core/Src/main.o
                0x0000000008001804                SystemClock_Config
 .text.MX_I2C1_Init
                0x00000000080018d0       0x80 ./Core/Src/main.o
 .text.MX_SPI1_Init
                0x0000000008001950       0x7c ./Core/Src/main.o
 .text.MX_TIM1_Init
                0x00000000080019cc      0x120 ./Core/Src/main.o
 .text.MX_TIM2_Init
                0x0000000008001aec       0xb4 ./Core/Src/main.o
 .text.MX_USART2_UART_Init
                0x0000000008001ba0       0x60 ./Core/Src/main.o
 .text.MX_USB_PCD_Init
                0x0000000008001c00       0x44 ./Core/Src/main.o
 .text.MX_GPIO_Init
                0x0000000008001c44      0x158 ./Core/Src/main.o
 .text.Error_Handler
                0x0000000008001d9c        0xa ./Core/Src/main.o
                0x0000000008001d9c                Error_Handler
 *fill*         0x0000000008001da6        0x2 
 .text.Servo_Open
                0x0000000008001da8       0x70 ./Core/Src/servo.o
                0x0000000008001da8                Servo_Open
 .text.Servo_Close
                0x0000000008001e18       0x74 ./Core/Src/servo.o
                0x0000000008001e18                Servo_Close
 .text.SSD1306_WriteCommand
                0x0000000008001e8c       0x34 ./Core/Src/ssd1306.o
 .text.SSD1306_WriteData
                0x0000000008001ec0       0x48 ./Core/Src/ssd1306.o
 .text.SSD1306_Init
                0x0000000008001f08       0xd0 ./Core/Src/ssd1306.o
                0x0000000008001f08                SSD1306_Init
 .text.SSD1306_Clear
                0x0000000008001fd8       0x2c ./Core/Src/ssd1306.o
                0x0000000008001fd8                SSD1306_Clear
 .text.SSD1306_UpdateScreen
                0x0000000008002004       0x50 ./Core/Src/ssd1306.o
                0x0000000008002004                SSD1306_UpdateScreen
 .text.SSD1306_SetCursor
                0x0000000008002054       0x30 ./Core/Src/ssd1306.o
                0x0000000008002054                SSD1306_SetCursor
 .text.SSD1306_WriteChar
                0x0000000008002084       0xa4 ./Core/Src/ssd1306.o
                0x0000000008002084                SSD1306_WriteChar
 .text.SSD1306_WriteString
                0x0000000008002128       0x2c ./Core/Src/ssd1306.o
                0x0000000008002128                SSD1306_WriteString
 .text.HAL_MspInit
                0x0000000008002154       0x48 ./Core/Src/stm32f3xx_hal_msp.o
                0x0000000008002154                HAL_MspInit
 .text.HAL_I2C_MspInit
                0x000000000800219c       0xa8 ./Core/Src/stm32f3xx_hal_msp.o
                0x000000000800219c                HAL_I2C_MspInit
 .text.HAL_SPI_MspInit
                0x0000000008002244       0x84 ./Core/Src/stm32f3xx_hal_msp.o
                0x0000000008002244                HAL_SPI_MspInit
 .text.HAL_TIM_PWM_MspInit
                0x00000000080022c8       0x64 ./Core/Src/stm32f3xx_hal_msp.o
                0x00000000080022c8                HAL_TIM_PWM_MspInit
 .text.HAL_TIM_MspPostInit
                0x000000000800232c       0xb4 ./Core/Src/stm32f3xx_hal_msp.o
                0x000000000800232c                HAL_TIM_MspPostInit
 .text.HAL_UART_MspInit
                0x00000000080023e0       0x94 ./Core/Src/stm32f3xx_hal_msp.o
                0x00000000080023e0                HAL_UART_MspInit
 .text.HAL_PCD_MspInit
                0x0000000008002474       0x88 ./Core/Src/stm32f3xx_hal_msp.o
                0x0000000008002474                HAL_PCD_MspInit
 .text.NMI_Handler
                0x00000000080024fc        0x6 ./Core/Src/stm32f3xx_it.o
                0x00000000080024fc                NMI_Handler
 .text.HardFault_Handler
                0x0000000008002502        0x6 ./Core/Src/stm32f3xx_it.o
                0x0000000008002502                HardFault_Handler
 .text.MemManage_Handler
                0x0000000008002508        0x6 ./Core/Src/stm32f3xx_it.o
                0x0000000008002508                MemManage_Handler
 .text.BusFault_Handler
                0x000000000800250e        0x6 ./Core/Src/stm32f3xx_it.o
                0x000000000800250e                BusFault_Handler
 .text.UsageFault_Handler
                0x0000000008002514        0x6 ./Core/Src/stm32f3xx_it.o
                0x0000000008002514                UsageFault_Handler
 .text.SVC_Handler
                0x000000000800251a        0xe ./Core/Src/stm32f3xx_it.o
                0x000000000800251a                SVC_Handler
 .text.DebugMon_Handler
                0x0000000008002528        0xe ./Core/Src/stm32f3xx_it.o
                0x0000000008002528                DebugMon_Handler
 .text.PendSV_Handler
                0x0000000008002536        0xe ./Core/Src/stm32f3xx_it.o
                0x0000000008002536                PendSV_Handler
 .text.SysTick_Handler
                0x0000000008002544        0xc ./Core/Src/stm32f3xx_it.o
                0x0000000008002544                SysTick_Handler
 .text._sbrk    0x0000000008002550       0x6c ./Core/Src/sysmem.o
                0x0000000008002550                _sbrk
 .text.SystemInit
                0x00000000080025bc       0x24 ./Core/Src/system_stm32f3xx.o
                0x00000000080025bc                SystemInit
 .text.Reset_Handler
                0x00000000080025e0       0x50 ./Core/Startup/startup_stm32f303vctx.o
                0x00000000080025e0                Reset_Handler
 .text.Default_Handler
                0x0000000008002630        0x2 ./Core/Startup/startup_stm32f303vctx.o
                0x0000000008002630                RTC_Alarm_IRQHandler
                0x0000000008002630                TIM8_TRG_COM_IRQHandler
                0x0000000008002630                TIM8_CC_IRQHandler
                0x0000000008002630                TIM1_CC_IRQHandler
                0x0000000008002630                USB_HP_IRQHandler
                0x0000000008002630                PVD_IRQHandler
                0x0000000008002630                TAMP_STAMP_IRQHandler
                0x0000000008002630                EXTI3_IRQHandler
                0x0000000008002630                USB_HP_CAN_TX_IRQHandler
                0x0000000008002630                EXTI0_IRQHandler
                0x0000000008002630                I2C2_EV_IRQHandler
                0x0000000008002630                FPU_IRQHandler
                0x0000000008002630                TIM1_UP_TIM16_IRQHandler
                0x0000000008002630                ADC1_2_IRQHandler
                0x0000000008002630                SPI1_IRQHandler
                0x0000000008002630                CAN_SCE_IRQHandler
                0x0000000008002630                TIM6_DAC_IRQHandler
                0x0000000008002630                TIM8_UP_IRQHandler
                0x0000000008002630                DMA2_Channel2_IRQHandler
                0x0000000008002630                DMA1_Channel4_IRQHandler
                0x0000000008002630                USART3_IRQHandler
                0x0000000008002630                DMA1_Channel7_IRQHandler
                0x0000000008002630                UART5_IRQHandler
                0x0000000008002630                ADC3_IRQHandler
                0x0000000008002630                TIM4_IRQHandler
                0x0000000008002630                CAN_RX1_IRQHandler
                0x0000000008002630                DMA2_Channel1_IRQHandler
                0x0000000008002630                I2C1_EV_IRQHandler
                0x0000000008002630                DMA1_Channel6_IRQHandler
                0x0000000008002630                UART4_IRQHandler
                0x0000000008002630                DMA2_Channel4_IRQHandler
                0x0000000008002630                TIM3_IRQHandler
                0x0000000008002630                RCC_IRQHandler
                0x0000000008002630                DMA1_Channel1_IRQHandler
                0x0000000008002630                Default_Handler
                0x0000000008002630                USBWakeUp_RMP_IRQHandler
                0x0000000008002630                EXTI15_10_IRQHandler
                0x0000000008002630                TIM7_IRQHandler
                0x0000000008002630                EXTI9_5_IRQHandler
                0x0000000008002630                RTC_WKUP_IRQHandler
                0x0000000008002630                SPI2_IRQHandler
                0x0000000008002630                USB_LP_CAN_RX0_IRQHandler
                0x0000000008002630                DMA2_Channel5_IRQHandler
                0x0000000008002630                DMA1_Channel5_IRQHandler
                0x0000000008002630                USB_LP_IRQHandler
                0x0000000008002630                EXTI4_IRQHandler
                0x0000000008002630                TIM1_TRG_COM_TIM17_IRQHandler
                0x0000000008002630                DMA1_Channel3_IRQHandler
                0x0000000008002630                ADC4_IRQHandler
                0x0000000008002630                WWDG_IRQHandler
                0x0000000008002630                TIM2_IRQHandler
                0x0000000008002630                COMP7_IRQHandler
                0x0000000008002630                COMP1_2_3_IRQHandler
                0x0000000008002630                EXTI1_IRQHandler
                0x0000000008002630                USART2_IRQHandler
                0x0000000008002630                COMP4_5_6_IRQHandler
                0x0000000008002630                I2C2_ER_IRQHandler
                0x0000000008002630                DMA1_Channel2_IRQHandler
                0x0000000008002630                TIM8_BRK_IRQHandler
                0x0000000008002630                FLASH_IRQHandler
                0x0000000008002630                USART1_IRQHandler
                0x0000000008002630                SPI3_IRQHandler
                0x0000000008002630                I2C1_ER_IRQHandler
                0x0000000008002630                USBWakeUp_IRQHandler
                0x0000000008002630                DMA2_Channel3_IRQHandler
                0x0000000008002630                EXTI2_TSC_IRQHandler
                0x0000000008002630                TIM1_BRK_TIM15_IRQHandler
 *fill*         0x0000000008002632        0x2 
 .text.HAL_Init
                0x0000000008002634       0x2c ./Drivers/STM32F3xx_HAL_Driver/Src/stm32f3xx_hal.o
                0x0000000008002634                HAL_Init
 .text.HAL_InitTick
                0x0000000008002660       0x60 ./Drivers/STM32F3xx_HAL_Driver/Src/stm32f3xx_hal.o
                0x0000000008002660                HAL_InitTick
 .text.HAL_IncTick
                0x00000000080026c0       0x28 ./Drivers/STM32F3xx_HAL_Driver/Src/stm32f3xx_hal.o
                0x00000000080026c0                HAL_IncTick
 .text.HAL_GetTick
                0x00000000080026e8       0x18 ./Drivers/STM32F3xx_HAL_Driver/Src/stm32f3xx_hal.o
                0x00000000080026e8                HAL_GetTick
 .text.HAL_Delay
                0x0000000008002700       0x48 ./Drivers/STM32F3xx_HAL_Driver/Src/stm32f3xx_hal.o
                0x0000000008002700                HAL_Delay
 .text.__NVIC_SetPriorityGrouping
                0x0000000008002748       0x48 ./Drivers/STM32F3xx_HAL_Driver/Src/stm32f3xx_hal_cortex.o
 .text.__NVIC_GetPriorityGrouping
                0x0000000008002790       0x1c ./Drivers/STM32F3xx_HAL_Driver/Src/stm32f3xx_hal_cortex.o
 .text.__NVIC_EnableIRQ
                0x00000000080027ac       0x3c ./Drivers/STM32F3xx_HAL_Driver/Src/stm32f3xx_hal_cortex.o
 .text.__NVIC_SetPriority
                0x00000000080027e8       0x54 ./Drivers/STM32F3xx_HAL_Driver/Src/stm32f3xx_hal_cortex.o
 .text.NVIC_EncodePriority
                0x000000000800283c       0x66 ./Drivers/STM32F3xx_HAL_Driver/Src/stm32f3xx_hal_cortex.o
 *fill*         0x00000000080028a2        0x2 
 .text.SysTick_Config
                0x00000000080028a4       0x44 ./Drivers/STM32F3xx_HAL_Driver/Src/stm32f3xx_hal_cortex.o
 .text.HAL_NVIC_SetPriorityGrouping
                0x00000000080028e8       0x16 ./Drivers/STM32F3xx_HAL_Driver/Src/stm32f3xx_hal_cortex.o
                0x00000000080028e8                HAL_NVIC_SetPriorityGrouping
 .text.HAL_NVIC_SetPriority
                0x00000000080028fe       0x38 ./Drivers/STM32F3xx_HAL_Driver/Src/stm32f3xx_hal_cortex.o
                0x00000000080028fe                HAL_NVIC_SetPriority
 .text.HAL_NVIC_EnableIRQ
                0x0000000008002936       0x1c ./Drivers/STM32F3xx_HAL_Driver/Src/stm32f3xx_hal_cortex.o
                0x0000000008002936                HAL_NVIC_EnableIRQ
 .text.HAL_SYSTICK_Config
                0x0000000008002952       0x18 ./Drivers/STM32F3xx_HAL_Driver/Src/stm32f3xx_hal_cortex.o
                0x0000000008002952                HAL_SYSTICK_Config
 *fill*         0x000000000800296a        0x2 
 .text.HAL_GPIO_Init
                0x000000000800296c      0x2f4 ./Drivers/STM32F3xx_HAL_Driver/Src/stm32f3xx_hal_gpio.o
                0x000000000800296c                HAL_GPIO_Init
 .text.HAL_GPIO_ReadPin
                0x0000000008002c60       0x30 ./Drivers/STM32F3xx_HAL_Driver/Src/stm32f3xx_hal_gpio.o
                0x0000000008002c60                HAL_GPIO_ReadPin
 .text.HAL_GPIO_WritePin
                0x0000000008002c90       0x30 ./Drivers/STM32F3xx_HAL_Driver/Src/stm32f3xx_hal_gpio.o
                0x0000000008002c90                HAL_GPIO_WritePin
 .text.HAL_I2C_Init
                0x0000000008002cc0      0x136 ./Drivers/STM32F3xx_HAL_Driver/Src/stm32f3xx_hal_i2c.o
                0x0000000008002cc0                HAL_I2C_Init
 *fill*         0x0000000008002df6        0x2 
 .text.HAL_I2C_Master_Transmit
                0x0000000008002df8      0x230 ./Drivers/STM32F3xx_HAL_Driver/Src/stm32f3xx_hal_i2c.o
                0x0000000008002df8                HAL_I2C_Master_Transmit
 .text.I2C_Flush_TXDR
                0x0000000008003028       0x48 ./Drivers/STM32F3xx_HAL_Driver/Src/stm32f3xx_hal_i2c.o
 .text.I2C_WaitOnFlagUntilTimeout
                0x0000000008003070       0xb2 ./Drivers/STM32F3xx_HAL_Driver/Src/stm32f3xx_hal_i2c.o
 .text.I2C_WaitOnTXISFlagUntilTimeout
                0x0000000008003122       0x8e ./Drivers/STM32F3xx_HAL_Driver/Src/stm32f3xx_hal_i2c.o
 .text.I2C_WaitOnSTOPFlagUntilTimeout
                0x00000000080031b0       0x86 ./Drivers/STM32F3xx_HAL_Driver/Src/stm32f3xx_hal_i2c.o
 *fill*         0x0000000008003236        0x2 
 .text.I2C_IsErrorOccurred
                0x0000000008003238      0x1c0 ./Drivers/STM32F3xx_HAL_Driver/Src/stm32f3xx_hal_i2c.o
 .text.I2C_TransferConfig
                0x00000000080033f8       0x64 ./Drivers/STM32F3xx_HAL_Driver/Src/stm32f3xx_hal_i2c.o
 .text.HAL_I2CEx_ConfigAnalogFilter
                0x000000000800345c       0x96 ./Drivers/STM32F3xx_HAL_Driver/Src/stm32f3xx_hal_i2c_ex.o
                0x000000000800345c                HAL_I2CEx_ConfigAnalogFilter
 .text.HAL_I2CEx_ConfigDigitalFilter
                0x00000000080034f2       0x98 ./Drivers/STM32F3xx_HAL_Driver/Src/stm32f3xx_hal_i2c_ex.o
                0x00000000080034f2                HAL_I2CEx_ConfigDigitalFilter
 .text.HAL_PCD_Init
                0x000000000800358a      0x18e ./Drivers/STM32F3xx_HAL_Driver/Src/stm32f3xx_hal_pcd.o
                0x000000000800358a                HAL_PCD_Init
 .text.HAL_RCC_OscConfig
                0x0000000008003718     0x107c ./Drivers/STM32F3xx_HAL_Driver/Src/stm32f3xx_hal_rcc.o
                0x0000000008003718                HAL_RCC_OscConfig
 .text.HAL_RCC_ClockConfig
                0x0000000008004794      0x2f8 ./Drivers/STM32F3xx_HAL_Driver/Src/stm32f3xx_hal_rcc.o
                0x0000000008004794                HAL_RCC_ClockConfig
 .text.HAL_RCC_GetSysClockFreq
                0x0000000008004a8c       0xa8 ./Drivers/STM32F3xx_HAL_Driver/Src/stm32f3xx_hal_rcc.o
                0x0000000008004a8c                HAL_RCC_GetSysClockFreq
 .text.HAL_RCC_GetHCLKFreq
                0x0000000008004b34       0x18 ./Drivers/STM32F3xx_HAL_Driver/Src/stm32f3xx_hal_rcc.o
                0x0000000008004b34                HAL_RCC_GetHCLKFreq
 .text.HAL_RCC_GetPCLK1Freq
                0x0000000008004b4c       0x44 ./Drivers/STM32F3xx_HAL_Driver/Src/stm32f3xx_hal_rcc.o
                0x0000000008004b4c                HAL_RCC_GetPCLK1Freq
 .text.HAL_RCC_GetPCLK2Freq
                0x0000000008004b90       0x44 ./Drivers/STM32F3xx_HAL_Driver/Src/stm32f3xx_hal_rcc.o
                0x0000000008004b90                HAL_RCC_GetPCLK2Freq
 .text.HAL_RCCEx_PeriphCLKConfig
                0x0000000008004bd4      0x360 ./Drivers/STM32F3xx_HAL_Driver/Src/stm32f3xx_hal_rcc_ex.o
                0x0000000008004bd4                HAL_RCCEx_PeriphCLKConfig
 .text.HAL_SPI_Init
                0x0000000008004f34      0x156 ./Drivers/STM32F3xx_HAL_Driver/Src/stm32f3xx_hal_spi.o
                0x0000000008004f34                HAL_SPI_Init
 .text.HAL_TIM_PWM_Init
                0x000000000800508a       0xae ./Drivers/STM32F3xx_HAL_Driver/Src/stm32f3xx_hal_tim.o
                0x000000000800508a                HAL_TIM_PWM_Init
 .text.HAL_TIM_PWM_Start
                0x0000000008005138      0x200 ./Drivers/STM32F3xx_HAL_Driver/Src/stm32f3xx_hal_tim.o
                0x0000000008005138                HAL_TIM_PWM_Start
 .text.HAL_TIM_PWM_Stop
                0x0000000008005338      0x12c ./Drivers/STM32F3xx_HAL_Driver/Src/stm32f3xx_hal_tim.o
                0x0000000008005338                HAL_TIM_PWM_Stop
 .text.HAL_TIM_PWM_ConfigChannel
                0x0000000008005464      0x228 ./Drivers/STM32F3xx_HAL_Driver/Src/stm32f3xx_hal_tim.o
                0x0000000008005464                HAL_TIM_PWM_ConfigChannel
 .text.TIM_Base_SetConfig
                0x000000000800568c      0x138 ./Drivers/STM32F3xx_HAL_Driver/Src/stm32f3xx_hal_tim.o
                0x000000000800568c                TIM_Base_SetConfig
 .text.TIM_OC1_SetConfig
                0x00000000080057c4      0x120 ./Drivers/STM32F3xx_HAL_Driver/Src/stm32f3xx_hal_tim.o
 .text.TIM_OC2_SetConfig
                0x00000000080058e4      0x114 ./Drivers/STM32F3xx_HAL_Driver/Src/stm32f3xx_hal_tim.o
                0x00000000080058e4                TIM_OC2_SetConfig
 .text.TIM_OC3_SetConfig
                0x00000000080059f8      0x110 ./Drivers/STM32F3xx_HAL_Driver/Src/stm32f3xx_hal_tim.o
 .text.TIM_OC4_SetConfig
                0x0000000008005b08       0xd4 ./Drivers/STM32F3xx_HAL_Driver/Src/stm32f3xx_hal_tim.o
 .text.TIM_OC5_SetConfig
                0x0000000008005bdc       0xc8 ./Drivers/STM32F3xx_HAL_Driver/Src/stm32f3xx_hal_tim.o
 .text.TIM_OC6_SetConfig
                0x0000000008005ca4       0xcc ./Drivers/STM32F3xx_HAL_Driver/Src/stm32f3xx_hal_tim.o
 .text.TIM_CCxChannelCmd
                0x0000000008005d70       0x4a ./Drivers/STM32F3xx_HAL_Driver/Src/stm32f3xx_hal_tim.o
                0x0000000008005d70                TIM_CCxChannelCmd
 *fill*         0x0000000008005dba        0x2 
 .text.HAL_TIMEx_MasterConfigSynchronization
                0x0000000008005dbc      0x100 ./Drivers/STM32F3xx_HAL_Driver/Src/stm32f3xx_hal_tim_ex.o
                0x0000000008005dbc                HAL_TIMEx_MasterConfigSynchronization
 .text.HAL_TIMEx_ConfigBreakDeadTime
                0x0000000008005ebc       0xfc ./Drivers/STM32F3xx_HAL_Driver/Src/stm32f3xx_hal_tim_ex.o
                0x0000000008005ebc                HAL_TIMEx_ConfigBreakDeadTime
 .text.HAL_UART_Init
                0x0000000008005fb8       0x9c ./Drivers/STM32F3xx_HAL_Driver/Src/stm32f3xx_hal_uart.o
                0x0000000008005fb8                HAL_UART_Init
 .text.HAL_UART_Transmit
                0x0000000008006054      0x114 ./Drivers/STM32F3xx_HAL_Driver/Src/stm32f3xx_hal_uart.o
                0x0000000008006054                HAL_UART_Transmit
 .text.HAL_UART_Receive_IT
                0x0000000008006168       0x88 ./Drivers/STM32F3xx_HAL_Driver/Src/stm32f3xx_hal_uart.o
                0x0000000008006168                HAL_UART_Receive_IT
 .text.HAL_UARTEx_RxEventCallback
                0x00000000080061f0       0x18 ./Drivers/STM32F3xx_HAL_Driver/Src/stm32f3xx_hal_uart.o
                0x00000000080061f0                HAL_UARTEx_RxEventCallback
 .text.UART_SetConfig
                0x0000000008006208      0x3a8 ./Drivers/STM32F3xx_HAL_Driver/Src/stm32f3xx_hal_uart.o
                0x0000000008006208                UART_SetConfig
 .text.UART_AdvFeatureConfig
                0x00000000080065b0      0x144 ./Drivers/STM32F3xx_HAL_Driver/Src/stm32f3xx_hal_uart.o
                0x00000000080065b0                UART_AdvFeatureConfig
 .text.UART_CheckIdleState
                0x00000000080066f4      0x150 ./Drivers/STM32F3xx_HAL_Driver/Src/stm32f3xx_hal_uart.o
                0x00000000080066f4                UART_CheckIdleState
 .text.UART_WaitOnFlagUntilTimeout
                0x0000000008006844       0xda ./Drivers/STM32F3xx_HAL_Driver/Src/stm32f3xx_hal_uart.o
                0x0000000008006844                UART_WaitOnFlagUntilTimeout
 *fill*         0x000000000800691e        0x2 
 .text.UART_Start_Receive_IT
                0x0000000008006920      0x168 ./Drivers/STM32F3xx_HAL_Driver/Src/stm32f3xx_hal_uart.o
                0x0000000008006920                UART_Start_Receive_IT
 .text.UART_EndRxTransfer
                0x0000000008006a88       0xc8 ./Drivers/STM32F3xx_HAL_Driver/Src/stm32f3xx_hal_uart.o
 .text.UART_RxISR_8BIT
                0x0000000008006b50      0x1a8 ./Drivers/STM32F3xx_HAL_Driver/Src/stm32f3xx_hal_uart.o
 .text.UART_RxISR_16BIT
                0x0000000008006cf8      0x1a8 ./Drivers/STM32F3xx_HAL_Driver/Src/stm32f3xx_hal_uart.o
 .text.USB_DisableGlobalInt
                0x0000000008006ea0       0x36 ./Drivers/STM32F3xx_HAL_Driver/Src/stm32f3xx_ll_usb.o
                0x0000000008006ea0                USB_DisableGlobalInt
 .text.USB_DevInit
                0x0000000008006ed6       0x3c ./Drivers/STM32F3xx_HAL_Driver/Src/stm32f3xx_ll_usb.o
                0x0000000008006ed6                USB_DevInit
 *fill*         0x0000000008006f12        0x2 
 .text.snprintf
                0x0000000008006f14       0x68 C:/ST/STM32CubeIDE_1.14.1/STM32CubeIDE/plugins/com.st.stm32cube.ide.mcu.externaltools.gnu-tools-for-stm32.11.3.rel1.win32_1.1.100.202309141235/tools/bin/../lib/gcc/arm-none-eabi/11.3.1/../../../../arm-none-eabi/lib/thumb/v7e-m+fp/hard\libc_nano.a(libc_a-snprintf.o)
                0x0000000008006f14                sniprintf
                0x0000000008006f14                snprintf
 .text.memset   0x0000000008006f7c       0x10 C:/ST/STM32CubeIDE_1.14.1/STM32CubeIDE/plugins/com.st.stm32cube.ide.mcu.externaltools.gnu-tools-for-stm32.11.3.rel1.win32_1.1.100.202309141235/tools/bin/../lib/gcc/arm-none-eabi/11.3.1/../../../../arm-none-eabi/lib/thumb/v7e-m+fp/hard\libc_nano.a(libc_a-memset.o)
                0x0000000008006f7c                memset
 .text.strncmp  0x0000000008006f8c       0x24 C:/ST/STM32CubeIDE_1.14.1/STM32CubeIDE/plugins/com.st.stm32cube.ide.mcu.externaltools.gnu-tools-for-stm32.11.3.rel1.win32_1.1.100.202309141235/tools/bin/../lib/gcc/arm-none-eabi/11.3.1/../../../../arm-none-eabi/lib/thumb/v7e-m+fp/hard\libc_nano.a(libc_a-strncmp.o)
                0x0000000008006f8c                strncmp
 .text.strncpy  0x0000000008006fb0       0x26 C:/ST/STM32CubeIDE_1.14.1/STM32CubeIDE/plugins/com.st.stm32cube.ide.mcu.externaltools.gnu-tools-for-stm32.11.3.rel1.win32_1.1.100.202309141235/tools/bin/../lib/gcc/arm-none-eabi/11.3.1/../../../../arm-none-eabi/lib/thumb/v7e-m+fp/hard\libc_nano.a(libc_a-strncpy.o)
                0x0000000008006fb0                strncpy
 *fill*         0x0000000008006fd6        0x2 
 .text.__errno  0x0000000008006fd8        0xc C:/ST/STM32CubeIDE_1.14.1/STM32CubeIDE/plugins/com.st.stm32cube.ide.mcu.externaltools.gnu-tools-for-stm32.11.3.rel1.win32_1.1.100.202309141235/tools/bin/../lib/gcc/arm-none-eabi/11.3.1/../../../../arm-none-eabi/lib/thumb/v7e-m+fp/hard\libc_nano.a(libc_a-errno.o)
                0x0000000008006fd8                __errno
 .text.__libc_init_array
                0x0000000008006fe4       0x48 C:/ST/STM32CubeIDE_1.14.1/STM32CubeIDE/plugins/com.st.stm32cube.ide.mcu.externaltools.gnu-tools-for-stm32.11.3.rel1.win32_1.1.100.202309141235/tools/bin/../lib/gcc/arm-none-eabi/11.3.1/../../../../arm-none-eabi/lib/thumb/v7e-m+fp/hard\libc_nano.a(libc_a-init.o)
                0x0000000008006fe4                __libc_init_array
 .text.__retarget_lock_acquire_recursive
                0x000000000800702c        0x2 C:/ST/STM32CubeIDE_1.14.1/STM32CubeIDE/plugins/com.st.stm32cube.ide.mcu.externaltools.gnu-tools-for-stm32.11.3.rel1.win32_1.1.100.202309141235/tools/bin/../lib/gcc/arm-none-eabi/11.3.1/../../../../arm-none-eabi/lib/thumb/v7e-m+fp/hard\libc_nano.a(libc_a-lock.o)
                0x000000000800702c                __retarget_lock_acquire_recursive
 .text.__retarget_lock_release_recursive
                0x000000000800702e        0x2 C:/ST/STM32CubeIDE_1.14.1/STM32CubeIDE/plugins/com.st.stm32cube.ide.mcu.externaltools.gnu-tools-for-stm32.11.3.rel1.win32_1.1.100.202309141235/tools/bin/../lib/gcc/arm-none-eabi/11.3.1/../../../../arm-none-eabi/lib/thumb/v7e-m+fp/hard\libc_nano.a(libc_a-lock.o)
                0x000000000800702e                __retarget_lock_release_recursive
 .text.memcpy   0x0000000008007030       0x1c C:/ST/STM32CubeIDE_1.14.1/STM32CubeIDE/plugins/com.st.stm32cube.ide.mcu.externaltools.gnu-tools-for-stm32.11.3.rel1.win32_1.1.100.202309141235/tools/bin/../lib/gcc/arm-none-eabi/11.3.1/../../../../arm-none-eabi/lib/thumb/v7e-m+fp/hard\libc_nano.a(libc_a-memcpy-stub.o)
                0x0000000008007030                memcpy
 .text._free_r  0x000000000800704c       0x98 C:/ST/STM32CubeIDE_1.14.1/STM32CubeIDE/plugins/com.st.stm32cube.ide.mcu.externaltools.gnu-tools-for-stm32.11.3.rel1.win32_1.1.100.202309141235/tools/bin/../lib/gcc/arm-none-eabi/11.3.1/../../../../arm-none-eabi/lib/thumb/v7e-m+fp/hard\libc_nano.a(libc_a-freer.o)
                0x000000000800704c                _free_r
 .text.sbrk_aligned
                0x00000000080070e4       0x40 C:/ST/STM32CubeIDE_1.14.1/STM32CubeIDE/plugins/com.st.stm32cube.ide.mcu.externaltools.gnu-tools-for-stm32.11.3.rel1.win32_1.1.100.202309141235/tools/bin/../lib/gcc/arm-none-eabi/11.3.1/../../../../arm-none-eabi/lib/thumb/v7e-m+fp/hard\libc_nano.a(libc_a-mallocr.o)
 .text._malloc_r
                0x0000000008007124      0x100 C:/ST/STM32CubeIDE_1.14.1/STM32CubeIDE/plugins/com.st.stm32cube.ide.mcu.externaltools.gnu-tools-for-stm32.11.3.rel1.win32_1.1.100.202309141235/tools/bin/../lib/gcc/arm-none-eabi/11.3.1/../../../../arm-none-eabi/lib/thumb/v7e-m+fp/hard\libc_nano.a(libc_a-mallocr.o)
                0x0000000008007124                _malloc_r
 .text.__malloc_lock
                0x0000000008007224        0xc C:/ST/STM32CubeIDE_1.14.1/STM32CubeIDE/plugins/com.st.stm32cube.ide.mcu.externaltools.gnu-tools-for-stm32.11.3.rel1.win32_1.1.100.202309141235/tools/bin/../lib/gcc/arm-none-eabi/11.3.1/../../../../arm-none-eabi/lib/thumb/v7e-m+fp/hard\libc_nano.a(libc_a-mlock.o)
                0x0000000008007224                __malloc_lock
 .text.__malloc_unlock
                0x0000000008007230        0xc C:/ST/STM32CubeIDE_1.14.1/STM32CubeIDE/plugins/com.st.stm32cube.ide.mcu.externaltools.gnu-tools-for-stm32.11.3.rel1.win32_1.1.100.202309141235/tools/bin/../lib/gcc/arm-none-eabi/11.3.1/../../../../arm-none-eabi/lib/thumb/v7e-m+fp/hard\libc_nano.a(libc_a-mlock.o)
                0x0000000008007230                __malloc_unlock
 .text.__ssputs_r
                0x000000000800723c       0xb4 C:/ST/STM32CubeIDE_1.14.1/STM32CubeIDE/plugins/com.st.stm32cube.ide.mcu.externaltools.gnu-tools-for-stm32.11.3.rel1.win32_1.1.100.202309141235/tools/bin/../lib/gcc/arm-none-eabi/11.3.1/../../../../arm-none-eabi/lib/thumb/v7e-m+fp/hard\libc_nano.a(libc_a-nano-svfprintf.o)
                0x000000000800723c                __ssputs_r
 .text._svfprintf_r
                0x00000000080072f0      0x1fc C:/ST/STM32CubeIDE_1.14.1/STM32CubeIDE/plugins/com.st.stm32cube.ide.mcu.externaltools.gnu-tools-for-stm32.11.3.rel1.win32_1.1.100.202309141235/tools/bin/../lib/gcc/arm-none-eabi/11.3.1/../../../../arm-none-eabi/lib/thumb/v7e-m+fp/hard\libc_nano.a(libc_a-nano-svfprintf.o)
                0x00000000080072f0                _svfiprintf_r
                0x00000000080072f0                _svfprintf_r
 .text._printf_common
                0x00000000080074ec       0xda C:/ST/STM32CubeIDE_1.14.1/STM32CubeIDE/plugins/com.st.stm32cube.ide.mcu.externaltools.gnu-tools-for-stm32.11.3.rel1.win32_1.1.100.202309141235/tools/bin/../lib/gcc/arm-none-eabi/11.3.1/../../../../arm-none-eabi/lib/thumb/v7e-m+fp/hard\libc_nano.a(libc_a-nano-vfprintf_i.o)
                0x00000000080074ec                _printf_common
 *fill*         0x00000000080075c6        0x2 
 .text._printf_i
                0x00000000080075c8      0x244 C:/ST/STM32CubeIDE_1.14.1/STM32CubeIDE/plugins/com.st.stm32cube.ide.mcu.externaltools.gnu-tools-for-stm32.11.3.rel1.win32_1.1.100.202309141235/tools/bin/../lib/gcc/arm-none-eabi/11.3.1/../../../../arm-none-eabi/lib/thumb/v7e-m+fp/hard\libc_nano.a(libc_a-nano-vfprintf_i.o)
                0x00000000080075c8                _printf_i
 .text.memmove  0x000000000800780c       0x34 C:/ST/STM32CubeIDE_1.14.1/STM32CubeIDE/plugins/com.st.stm32cube.ide.mcu.externaltools.gnu-tools-for-stm32.11.3.rel1.win32_1.1.100.202309141235/tools/bin/../lib/gcc/arm-none-eabi/11.3.1/../../../../arm-none-eabi/lib/thumb/v7e-m+fp/hard\libc_nano.a(libc_a-memmove.o)
                0x000000000800780c                memmove
 .text._sbrk_r  0x0000000008007840       0x20 C:/ST/STM32CubeIDE_1.14.1/STM32CubeIDE/plugins/com.st.stm32cube.ide.mcu.externaltools.gnu-tools-for-stm32.11.3.rel1.win32_1.1.100.202309141235/tools/bin/../lib/gcc/arm-none-eabi/11.3.1/../../../../arm-none-eabi/lib/thumb/v7e-m+fp/hard\libc_nano.a(libc_a-sbrkr.o)
                0x0000000008007840                _sbrk_r
 .text._realloc_r
                0x0000000008007860       0x5e C:/ST/STM32CubeIDE_1.14.1/STM32CubeIDE/plugins/com.st.stm32cube.ide.mcu.externaltools.gnu-tools-for-stm32.11.3.rel1.win32_1.1.100.202309141235/tools/bin/../lib/gcc/arm-none-eabi/11.3.1/../../../../arm-none-eabi/lib/thumb/v7e-m+fp/hard\libc_nano.a(libc_a-reallocr.o)
                0x0000000008007860                _realloc_r
 .text._malloc_usable_size_r
                0x00000000080078be       0x10 C:/ST/STM32CubeIDE_1.14.1/STM32CubeIDE/plugins/com.st.stm32cube.ide.mcu.externaltools.gnu-tools-for-stm32.11.3.rel1.win32_1.1.100.202309141235/tools/bin/../lib/gcc/arm-none-eabi/11.3.1/../../../../arm-none-eabi/lib/thumb/v7e-m+fp/hard\libc_nano.a(libc_a-msizer.o)
                0x00000000080078be                _malloc_usable_size_r
 *(.glue_7)
 .glue_7        0x00000000080078ce        0x0 linker stubs
 *(.glue_7t)
 .glue_7t       0x00000000080078ce        0x0 linker stubs
 *(.eh_frame)
 *fill*         0x00000000080078ce        0x2 
 .eh_frame      0x00000000080078d0        0x0 C:/ST/STM32CubeIDE_1.14.1/STM32CubeIDE/plugins/com.st.stm32cube.ide.mcu.externaltools.gnu-tools-for-stm32.11.3.rel1.win32_1.1.100.202309141235/tools/bin/../lib/gcc/arm-none-eabi/11.3.1/thumb/v7e-m+fp/hard/crtbegin.o
 *(.init)
 .init          0x00000000080078d0        0x4 C:/ST/STM32CubeIDE_1.14.1/STM32CubeIDE/plugins/com.st.stm32cube.ide.mcu.externaltools.gnu-tools-for-stm32.11.3.rel1.win32_1.1.100.202309141235/tools/bin/../lib/gcc/arm-none-eabi/11.3.1/thumb/v7e-m+fp/hard/crti.o
                0x00000000080078d0                _init
 .init          0x00000000080078d4        0x8 C:/ST/STM32CubeIDE_1.14.1/STM32CubeIDE/plugins/com.st.stm32cube.ide.mcu.externaltools.gnu-tools-for-stm32.11.3.rel1.win32_1.1.100.202309141235/tools/bin/../lib/gcc/arm-none-eabi/11.3.1/thumb/v7e-m+fp/hard/crtn.o
 *(.fini)
 .fini          0x00000000080078dc        0x4 C:/ST/STM32CubeIDE_1.14.1/STM32CubeIDE/plugins/com.st.stm32cube.ide.mcu.externaltools.gnu-tools-for-stm32.11.3.rel1.win32_1.1.100.202309141235/tools/bin/../lib/gcc/arm-none-eabi/11.3.1/thumb/v7e-m+fp/hard/crti.o
                0x00000000080078dc                _fini
 .fini          0x00000000080078e0        0x8 C:/ST/STM32CubeIDE_1.14.1/STM32CubeIDE/plugins/com.st.stm32cube.ide.mcu.externaltools.gnu-tools-for-stm32.11.3.rel1.win32_1.1.100.202309141235/tools/bin/../lib/gcc/arm-none-eabi/11.3.1/thumb/v7e-m+fp/hard/crtn.o
                0x00000000080078e8                . = ALIGN (0x4)
                0x00000000080078e8                _etext = .

.vfp11_veneer   0x00000000080078e8        0x0
 .vfp11_veneer  0x00000000080078e8        0x0 linker stubs

.v4_bx          0x00000000080078e8        0x0
 .v4_bx         0x00000000080078e8        0x0 linker stubs

.iplt           0x00000000080078e8        0x0
 .iplt          0x00000000080078e8        0x0 C:/ST/STM32CubeIDE_1.14.1/STM32CubeIDE/plugins/com.st.stm32cube.ide.mcu.externaltools.gnu-tools-for-stm32.11.3.rel1.win32_1.1.100.202309141235/tools/bin/../lib/gcc/arm-none-eabi/11.3.1/thumb/v7e-m+fp/hard/crtbegin.o

.rodata         0x00000000080078e8      0x3f0
                0x00000000080078e8                . = ALIGN (0x4)
 *(.rodata)
 .rodata        0x00000000080078e8       0x56 ./Core/Src/esp_uart.o
 *fill*         0x000000000800793e        0x2 
 .rodata        0x0000000008007940      0x144 ./Core/Src/fsm.o
 .rodata        0x0000000008007a84       0x10 ./Core/Src/keypad.o
 *(.rodata*)
 .rodata.Font5x7
                0x0000000008007a94      0x1c7 ./Core/Src/fonts.o
                0x0000000008007a94                Font5x7
 *fill*         0x0000000008007c5b        0x1 
 .rodata.keymap
                0x0000000008007c5c       0x10 ./Core/Src/keypad.o
 .rodata.AHBPrescTable
                0x0000000008007c6c       0x10 ./Core/Src/system_stm32f3xx.o
                0x0000000008007c6c                AHBPrescTable
 .rodata.APBPrescTable
                0x0000000008007c7c        0x8 ./Core/Src/system_stm32f3xx.o
                0x0000000008007c7c                APBPrescTable
 .rodata.aPLLMULFactorTable
                0x0000000008007c84       0x10 ./Drivers/STM32F3xx_HAL_Driver/Src/stm32f3xx_hal_rcc.o
 .rodata.aPredivFactorTable
                0x0000000008007c94       0x10 ./Drivers/STM32F3xx_HAL_Driver/Src/stm32f3xx_hal_rcc.o
 .rodata._svfprintf_r.str1.1
                0x0000000008007ca4       0x11 C:/ST/STM32CubeIDE_1.14.1/STM32CubeIDE/plugins/com.st.stm32cube.ide.mcu.externaltools.gnu-tools-for-stm32.11.3.rel1.win32_1.1.100.202309141235/tools/bin/../lib/gcc/arm-none-eabi/11.3.1/../../../../arm-none-eabi/lib/thumb/v7e-m+fp/hard\libc_nano.a(libc_a-nano-svfprintf.o)
 .rodata._printf_i.str1.1
                0x0000000008007cb5       0x22 C:/ST/STM32CubeIDE_1.14.1/STM32CubeIDE/plugins/com.st.stm32cube.ide.mcu.externaltools.gnu-tools-for-stm32.11.3.rel1.win32_1.1.100.202309141235/tools/bin/../lib/gcc/arm-none-eabi/11.3.1/../../../../arm-none-eabi/lib/thumb/v7e-m+fp/hard\libc_nano.a(libc_a-nano-vfprintf_i.o)
                0x0000000008007cd8                . = ALIGN (0x4)
 *fill*         0x0000000008007cd7        0x1 

.rel.dyn        0x0000000008007cd8        0x0
 .rel.iplt      0x0000000008007cd8        0x0 C:/ST/STM32CubeIDE_1.14.1/STM32CubeIDE/plugins/com.st.stm32cube.ide.mcu.externaltools.gnu-tools-for-stm32.11.3.rel1.win32_1.1.100.202309141235/tools/bin/../lib/gcc/arm-none-eabi/11.3.1/thumb/v7e-m+fp/hard/crtbegin.o

.ARM.extab      0x0000000008007cd8        0x0
                0x0000000008007cd8                . = ALIGN (0x4)
 *(.ARM.extab* .gnu.linkonce.armextab.*)
                0x0000000008007cd8                . = ALIGN (0x4)

.ARM            0x0000000008007cd8        0x0
                0x0000000008007cd8                . = ALIGN (0x4)
                0x0000000008007cd8                __exidx_start = .
 *(.ARM.exidx*)
                0x0000000008007cd8                __exidx_end = .
                0x0000000008007cd8                . = ALIGN (0x4)

.preinit_array  0x0000000008007cd8        0x0
                0x0000000008007cd8                . = ALIGN (0x4)
                0x0000000008007cd8                PROVIDE (__preinit_array_start = .)
 *(.preinit_array*)
                0x0000000008007cd8                PROVIDE (__preinit_array_end = .)
                0x0000000008007cd8                . = ALIGN (0x4)

.init_array     0x0000000008007cd8        0x4
                0x0000000008007cd8                . = ALIGN (0x4)
                0x0000000008007cd8                PROVIDE (__init_array_start = .)
 *(SORT_BY_NAME(.init_array.*))
 *(.init_array*)
 .init_array    0x0000000008007cd8        0x4 C:/ST/STM32CubeIDE_1.14.1/STM32CubeIDE/plugins/com.st.stm32cube.ide.mcu.externaltools.gnu-tools-for-stm32.11.3.rel1.win32_1.1.100.202309141235/tools/bin/../lib/gcc/arm-none-eabi/11.3.1/thumb/v7e-m+fp/hard/crtbegin.o
                0x0000000008007cdc                PROVIDE (__init_array_end = .)
                0x0000000008007cdc                . = ALIGN (0x4)

.fini_array     0x0000000008007cdc        0x4
                0x0000000008007cdc                . = ALIGN (0x4)
                [!provide]                        PROVIDE (__fini_array_start = .)
 *(SORT_BY_NAME(.fini_array.*))
 *(.fini_array*)
 .fini_array    0x0000000008007cdc        0x4 C:/ST/STM32CubeIDE_1.14.1/STM32CubeIDE/plugins/com.st.stm32cube.ide.mcu.externaltools.gnu-tools-for-stm32.11.3.rel1.win32_1.1.100.202309141235/tools/bin/../lib/gcc/arm-none-eabi/11.3.1/thumb/v7e-m+fp/hard/crtbegin.o
                [!provide]                        PROVIDE (__fini_array_end = .)
                0x0000000008007ce0                . = ALIGN (0x4)
                0x0000000008007ce0                _sidata = LOADADDR (.data)

.data           0x0000000020000000       0x70 load address 0x0000000008007ce0
                0x0000000020000000                . = ALIGN (0x4)
                0x0000000020000000                _sdata = .
 *(.data)
 *(.data*)
 .data.stateEntryPending
                0x0000000020000000        0x1 ./Core/Src/fsm.o
 *fill*         0x0000000020000001        0x3 
 .data.userPin  0x0000000020000004        0x5 ./Core/Src/fsm.o
 *fill*         0x0000000020000009        0x3 
 .data.adminPin
                0x000000002000000c        0x7 ./Core/Src/fsm.o
 *fill*         0x0000000020000013        0x1 
 .data.SystemCoreClock
                0x0000000020000014        0x4 ./Core/Src/system_stm32f3xx.o
                0x0000000020000014                SystemCoreClock
 .data.uwTickPrio
                0x0000000020000018        0x4 ./Drivers/STM32F3xx_HAL_Driver/Src/stm32f3xx_hal.o
                0x0000000020000018                uwTickPrio
 .data.uwTickFreq
                0x000000002000001c        0x1 ./Drivers/STM32F3xx_HAL_Driver/Src/stm32f3xx_hal.o
                0x000000002000001c                uwTickFreq
 *fill*         0x000000002000001d        0x3 
 .data._impure_data
                0x0000000020000020       0x4c C:/ST/STM32CubeIDE_1.14.1/STM32CubeIDE/plugins/com.st.stm32cube.ide.mcu.externaltools.gnu-tools-for-stm32.11.3.rel1.win32_1.1.100.202309141235/tools/bin/../lib/gcc/arm-none-eabi/11.3.1/../../../../arm-none-eabi/lib/thumb/v7e-m+fp/hard\libc_nano.a(libc_a-impure.o)
                0x0000000020000020                _impure_data
 .data._impure_ptr
                0x000000002000006c        0x4 C:/ST/STM32CubeIDE_1.14.1/STM32CubeIDE/plugins/com.st.stm32cube.ide.mcu.externaltools.gnu-tools-for-stm32.11.3.rel1.win32_1.1.100.202309141235/tools/bin/../lib/gcc/arm-none-eabi/11.3.1/../../../../arm-none-eabi/lib/thumb/v7e-m+fp/hard\libc_nano.a(libc_a-impure.o)
                0x000000002000006c                _impure_ptr
 *(.RamFunc)
 *(.RamFunc*)
                0x0000000020000070                . = ALIGN (0x4)
                0x0000000020000070                _edata = .
                0x0000000008007d50                _siccmram = LOADADDR (.ccmram)

.igot.plt       0x0000000020000070        0x0 load address 0x0000000008007d50
 .igot.plt      0x0000000020000070        0x0 C:/ST/STM32CubeIDE_1.14.1/STM32CubeIDE/plugins/com.st.stm32cube.ide.mcu.externaltools.gnu-tools-for-stm32.11.3.rel1.win32_1.1.100.202309141235/tools/bin/../lib/gcc/arm-none-eabi/11.3.1/thumb/v7e-m+fp/hard/crtbegin.o

.ccmram         0x0000000010000000        0x0 load address 0x0000000008007d50
                0x0000000010000000                . = ALIGN (0x4)
                0x0000000010000000                _sccmram = .
 *(.ccmram)
 *(.ccmram*)
                0x0000000010000000                . = ALIGN (0x4)
                0x0000000010000000                _eccmram = .
                0x0000000010000000                . = ALIGN (0x4)

.bss            0x0000000020000070      0xadc
                0x0000000020000070                _sbss = .
                0x0000000020000070                __bss_start__ = _sbss
 *(.bss)
 .bss           0x0000000020000070       0x1c C:/ST/STM32CubeIDE_1.14.1/STM32CubeIDE/plugins/com.st.stm32cube.ide.mcu.externaltools.gnu-tools-for-stm32.11.3.rel1.win32_1.1.100.202309141235/tools/bin/../lib/gcc/arm-none-eabi/11.3.1/thumb/v7e-m+fp/hard/crtbegin.o
 *(.bss*)
 .bss.alarm_tim
                0x000000002000008c        0x4 ./Core/Src/alarm.o
 .bss.alarm_active
                0x0000000020000090        0x1 ./Core/Src/alarm.o
 .bss.buzzer_phase_on
                0x0000000020000091        0x1 ./Core/Src/alarm.o
 .bss.buzzer_leds_blink
                0x0000000020000092        0x1 ./Core/Src/alarm.o
 *fill*         0x0000000020000093        0x1 
 .bss.alarm_start_time
                0x0000000020000094        0x4 ./Core/Src/alarm.o
 .bss.phase_start_time
                0x0000000020000098        0x4 ./Core/Src/alarm.o
 .bss.alarm_duration
                0x000000002000009c        0x4 ./Core/Src/alarm.o
 .bss.led_active
                0x00000000200000a0        0x1 ./Core/Src/alarm.o
 .bss.led_blink
                0x00000000200000a1        0x1 ./Core/Src/alarm.o
 *fill*         0x00000000200000a2        0x2 
 .bss.led_start_time
                0x00000000200000a4        0x4 ./Core/Src/alarm.o
 .bss.led_duration
                0x00000000200000a8        0x4 ./Core/Src/alarm.o
 .bss.active_led_mask
                0x00000000200000ac        0x1 ./Core/Src/alarm.o
 *fill*         0x00000000200000ad        0x3 
 .bss.esp_huart
                0x00000000200000b0        0x4 ./Core/Src/esp_uart.o
 .bss.rxByte    0x00000000200000b4        0x1 ./Core/Src/esp_uart.o
 *fill*         0x00000000200000b5        0x3 
 .bss.rxLine    0x00000000200000b8       0x40 ./Core/Src/esp_uart.o
 .bss.rxIndex   0x00000000200000f8        0x1 ./Core/Src/esp_uart.o
 .bss.ackOtpSent
                0x00000000200000f9        0x1 ./Core/Src/esp_uart.o
 .bss.ackLockdownSent
                0x00000000200000fa        0x1 ./Core/Src/esp_uart.o
 .bss.otpAvailable
                0x00000000200000fb        0x1 ./Core/Src/esp_uart.o
 .bss.receivedOtp
                0x00000000200000fc        0x7 ./Core/Src/esp_uart.o
 .bss.currentState
                0x0000000020000103        0x1 ./Core/Src/fsm.o
 .bss.stateEntryTime
                0x0000000020000104        0x4 ./Core/Src/fsm.o
 .bss.pinBuffer
                0x0000000020000108        0x5 ./Core/Src/fsm.o
 .bss.pinIndex  0x000000002000010d        0x1 ./Core/Src/fsm.o
 *fill*         0x000000002000010e        0x2 
 .bss.adminPinBuffer
                0x0000000020000110        0x7 ./Core/Src/fsm.o
 .bss.adminPinIndex
                0x0000000020000117        0x1 ./Core/Src/fsm.o
 .bss.newUserPinBuffer
                0x0000000020000118        0x5 ./Core/Src/fsm.o
 .bss.newUserPinIndex
                0x000000002000011d        0x1 ./Core/Src/fsm.o
 *fill*         0x000000002000011e        0x2 
 .bss.confirmPinBuffer
                0x0000000020000120        0x5 ./Core/Src/fsm.o
 .bss.confirmPinIndex
                0x0000000020000125        0x1 ./Core/Src/fsm.o
 *fill*         0x0000000020000126        0x2 
 .bss.storedOtp
                0x0000000020000128        0x7 ./Core/Src/fsm.o
 *fill*         0x000000002000012f        0x1 
 .bss.otpBuffer
                0x0000000020000130        0x7 ./Core/Src/fsm.o
 .bss.otpIndex  0x0000000020000137        0x1 ./Core/Src/fsm.o
 .bss.espAckReceived
                0x0000000020000138        0x1 ./Core/Src/fsm.o
 .bss.otpReceivedFromEsp
                0x0000000020000139        0x1 ./Core/Src/fsm.o
 .bss.otpValid  0x000000002000013a        0x1 ./Core/Src/fsm.o
 .bss.pinErrorCount
                0x000000002000013b        0x1 ./Core/Src/fsm.o
 .bss.otpErrorCount
                0x000000002000013c        0x1 ./Core/Src/fsm.o
 .bss.servoIsOpen
                0x000000002000013d        0x1 ./Core/Src/fsm.o
 *fill*         0x000000002000013e        0x2 
 .bss.otpSendTimeStamp
                0x0000000020000140        0x4 ./Core/Src/fsm.o
 .bss.hi2c1     0x0000000020000144       0x54 ./Core/Src/main.o
                0x0000000020000144                hi2c1
 .bss.hspi1     0x0000000020000198       0x64 ./Core/Src/main.o
                0x0000000020000198                hspi1
 .bss.htim1     0x00000000200001fc       0x4c ./Core/Src/main.o
                0x00000000200001fc                htim1
 .bss.htim2     0x0000000020000248       0x4c ./Core/Src/main.o
                0x0000000020000248                htim2
 .bss.huart2    0x0000000020000294       0x88 ./Core/Src/main.o
                0x0000000020000294                huart2
 .bss.hpcd_USB_FS
                0x000000002000031c      0x2d4 ./Core/Src/main.o
                0x000000002000031c                hpcd_USB_FS
 .bss.key       0x00000000200005f0        0x1 ./Core/Src/main.o
                0x00000000200005f0                key
 *fill*         0x00000000200005f1        0x3 
 .bss.ssd1306_i2c
                0x00000000200005f4        0x4 ./Core/Src/ssd1306.o
 .bss.SSD1306_Buffer
                0x00000000200005f8      0x400 ./Core/Src/ssd1306.o
 .bss.CurrentX  0x00000000200009f8        0x1 ./Core/Src/ssd1306.o
 .bss.CurrentY  0x00000000200009f9        0x1 ./Core/Src/ssd1306.o
 *fill*         0x00000000200009fa        0x2 
 .bss.__sbrk_heap_end
                0x00000000200009fc        0x4 ./Core/Src/sysmem.o
 .bss.uwTick    0x0000000020000a00        0x4 ./Drivers/STM32F3xx_HAL_Driver/Src/stm32f3xx_hal.o
                0x0000000020000a00                uwTick
 .bss.__sf      0x0000000020000a04      0x138 C:/ST/STM32CubeIDE_1.14.1/STM32CubeIDE/plugins/com.st.stm32cube.ide.mcu.externaltools.gnu-tools-for-stm32.11.3.rel1.win32_1.1.100.202309141235/tools/bin/../lib/gcc/arm-none-eabi/11.3.1/../../../../arm-none-eabi/lib/thumb/v7e-m+fp/hard\libc_nano.a(libc_a-findfp.o)
                0x0000000020000a04                __sf
 .bss.errno     0x0000000020000b3c        0x4 C:/ST/STM32CubeIDE_1.14.1/STM32CubeIDE/plugins/com.st.stm32cube.ide.mcu.externaltools.gnu-tools-for-stm32.11.3.rel1.win32_1.1.100.202309141235/tools/bin/../lib/gcc/arm-none-eabi/11.3.1/../../../../arm-none-eabi/lib/thumb/v7e-m+fp/hard\libc_nano.a(libc_a-reent.o)
                0x0000000020000b3c                errno
 .bss.__lock___malloc_recursive_mutex
                0x0000000020000b40        0x1 C:/ST/STM32CubeIDE_1.14.1/STM32CubeIDE/plugins/com.st.stm32cube.ide.mcu.externaltools.gnu-tools-for-stm32.11.3.rel1.win32_1.1.100.202309141235/tools/bin/../lib/gcc/arm-none-eabi/11.3.1/../../../../arm-none-eabi/lib/thumb/v7e-m+fp/hard\libc_nano.a(libc_a-lock.o)
                0x0000000020000b40                __lock___malloc_recursive_mutex
 *fill*         0x0000000020000b41        0x3 
 .bss.__malloc_free_list
                0x0000000020000b44        0x4 C:/ST/STM32CubeIDE_1.14.1/STM32CubeIDE/plugins/com.st.stm32cube.ide.mcu.externaltools.gnu-tools-for-stm32.11.3.rel1.win32_1.1.100.202309141235/tools/bin/../lib/gcc/arm-none-eabi/11.3.1/../../../../arm-none-eabi/lib/thumb/v7e-m+fp/hard\libc_nano.a(libc_a-mallocr.o)
                0x0000000020000b44                __malloc_free_list
 .bss.__malloc_sbrk_start
                0x0000000020000b48        0x4 C:/ST/STM32CubeIDE_1.14.1/STM32CubeIDE/plugins/com.st.stm32cube.ide.mcu.externaltools.gnu-tools-for-stm32.11.3.rel1.win32_1.1.100.202309141235/tools/bin/../lib/gcc/arm-none-eabi/11.3.1/../../../../arm-none-eabi/lib/thumb/v7e-m+fp/hard\libc_nano.a(libc_a-mallocr.o)
                0x0000000020000b48                __malloc_sbrk_start
 *(COMMON)
                0x0000000020000b4c                . = ALIGN (0x4)
                0x0000000020000b4c                _ebss = .
                0x0000000020000b4c                __bss_end__ = _ebss

._user_heap_stack
                0x0000000020000b4c      0x604
                0x0000000020000b50                . = ALIGN (0x8)
 *fill*         0x0000000020000b4c        0x4 
                [!provide]                        PROVIDE (end = .)
                0x0000000020000b50                PROVIDE (_end = .)
                0x0000000020000d50                . = (. + _Min_Heap_Size)
 *fill*         0x0000000020000b50      0x200 
                0x0000000020001150                . = (. + _Min_Stack_Size)
 *fill*         0x0000000020000d50      0x400 
                0x0000000020001150                . = ALIGN (0x8)

/DISCARD/
 libc.a(*)
 libm.a(*)
 libgcc.a(*)

.ARM.attributes
                0x0000000000000000       0x30
 *(.ARM.attributes)
 .ARM.attributes
                0x0000000000000000       0x1e C:/ST/STM32CubeIDE_1.14.1/STM32CubeIDE/plugins/com.st.stm32cube.ide.mcu.externaltools.gnu-tools-for-stm32.11.3.rel1.win32_1.1.100.202309141235/tools/bin/../lib/gcc/arm-none-eabi/11.3.1/thumb/v7e-m+fp/hard/crti.o
 .ARM.attributes
                0x000000000000001e       0x34 C:/ST/STM32CubeIDE_1.14.1/STM32CubeIDE/plugins/com.st.stm32cube.ide.mcu.externaltools.gnu-tools-for-stm32.11.3.rel1.win32_1.1.100.202309141235/tools/bin/../lib/gcc/arm-none-eabi/11.3.1/thumb/v7e-m+fp/hard/crtbegin.o
 .ARM.attributes
                0x0000000000000052       0x34 ./Core/Src/alarm.o
 .ARM.attributes
                0x0000000000000086       0x34 ./Core/Src/esp_uart.o
 .ARM.attributes
                0x00000000000000ba       0x34 ./Core/Src/fonts.o
 .ARM.attributes
                0x00000000000000ee       0x34 ./Core/Src/fsm.o
 .ARM.attributes
                0x0000000000000122       0x34 ./Core/Src/keypad.o
 .ARM.attributes
                0x0000000000000156       0x34 ./Core/Src/main.o
 .ARM.attributes
                0x000000000000018a       0x34 ./Core/Src/servo.o
 .ARM.attributes
                0x00000000000001be       0x34 ./Core/Src/ssd1306.o
 .ARM.attributes
                0x00000000000001f2       0x34 ./Core/Src/stm32f3xx_hal_msp.o
 .ARM.attributes
                0x0000000000000226       0x34 ./Core/Src/stm32f3xx_it.o
 .ARM.attributes
                0x000000000000025a       0x34 ./Core/Src/sysmem.o
 .ARM.attributes
                0x000000000000028e       0x34 ./Core/Src/system_stm32f3xx.o
 .ARM.attributes
                0x00000000000002c2       0x21 ./Core/Startup/startup_stm32f303vctx.o
 .ARM.attributes
                0x00000000000002e3       0x34 ./Drivers/STM32F3xx_HAL_Driver/Src/stm32f3xx_hal.o
 .ARM.attributes
                0x0000000000000317       0x34 ./Drivers/STM32F3xx_HAL_Driver/Src/stm32f3xx_hal_cortex.o
 .ARM.attributes
                0x000000000000034b       0x34 ./Drivers/STM32F3xx_HAL_Driver/Src/stm32f3xx_hal_gpio.o
 .ARM.attributes
                0x000000000000037f       0x34 ./Drivers/STM32F3xx_HAL_Driver/Src/stm32f3xx_hal_i2c.o
 .ARM.attributes
                0x00000000000003b3       0x34 ./Drivers/STM32F3xx_HAL_Driver/Src/stm32f3xx_hal_i2c_ex.o
 .ARM.attributes
                0x00000000000003e7       0x34 ./Drivers/STM32F3xx_HAL_Driver/Src/stm32f3xx_hal_pcd.o
 .ARM.attributes
                0x000000000000041b       0x34 ./Drivers/STM32F3xx_HAL_Driver/Src/stm32f3xx_hal_rcc.o
 .ARM.attributes
                0x000000000000044f       0x34 ./Drivers/STM32F3xx_HAL_Driver/Src/stm32f3xx_hal_rcc_ex.o
 .ARM.attributes
                0x0000000000000483       0x34 ./Drivers/STM32F3xx_HAL_Driver/Src/stm32f3xx_hal_spi.o
 .ARM.attributes
                0x00000000000004b7       0x34 ./Drivers/STM32F3xx_HAL_Driver/Src/stm32f3xx_hal_tim.o
 .ARM.attributes
                0x00000000000004eb       0x34 ./Drivers/STM32F3xx_HAL_Driver/Src/stm32f3xx_hal_tim_ex.o
 .ARM.attributes
                0x000000000000051f       0x34 ./Drivers/STM32F3xx_HAL_Driver/Src/stm32f3xx_hal_uart.o
 .ARM.attributes
                0x0000000000000553       0x34 ./Drivers/STM32F3xx_HAL_Driver/Src/stm32f3xx_ll_usb.o
 .ARM.attributes
                0x0000000000000587       0x34 C:/ST/STM32CubeIDE_1.14.1/STM32CubeIDE/plugins/com.st.stm32cube.ide.mcu.externaltools.gnu-tools-for-stm32.11.3.rel1.win32_1.1.100.202309141235/tools/bin/../lib/gcc/arm-none-eabi/11.3.1/../../../../arm-none-eabi/lib/thumb/v7e-m+fp/hard\libc_nano.a(libc_a-findfp.o)
 .ARM.attributes
                0x00000000000005bb       0x34 C:/ST/STM32CubeIDE_1.14.1/STM32CubeIDE/plugins/com.st.stm32cube.ide.mcu.externaltools.gnu-tools-for-stm32.11.3.rel1.win32_1.1.100.202309141235/tools/bin/../lib/gcc/arm-none-eabi/11.3.1/../../../../arm-none-eabi/lib/thumb/v7e-m+fp/hard\libc_nano.a(libc_a-snprintf.o)
 .ARM.attributes
                0x00000000000005ef       0x34 C:/ST/STM32CubeIDE_1.14.1/STM32CubeIDE/plugins/com.st.stm32cube.ide.mcu.externaltools.gnu-tools-for-stm32.11.3.rel1.win32_1.1.100.202309141235/tools/bin/../lib/gcc/arm-none-eabi/11.3.1/../../../../arm-none-eabi/lib/thumb/v7e-m+fp/hard\libc_nano.a(libc_a-memset.o)
 .ARM.attributes
                0x0000000000000623       0x34 C:/ST/STM32CubeIDE_1.14.1/STM32CubeIDE/plugins/com.st.stm32cube.ide.mcu.externaltools.gnu-tools-for-stm32.11.3.rel1.win32_1.1.100.202309141235/tools/bin/../lib/gcc/arm-none-eabi/11.3.1/../../../../arm-none-eabi/lib/thumb/v7e-m+fp/hard\libc_nano.a(libc_a-strncmp.o)
 .ARM.attributes
                0x0000000000000657       0x34 C:/ST/STM32CubeIDE_1.14.1/STM32CubeIDE/plugins/com.st.stm32cube.ide.mcu.externaltools.gnu-tools-for-stm32.11.3.rel1.win32_1.1.100.202309141235/tools/bin/../lib/gcc/arm-none-eabi/11.3.1/../../../../arm-none-eabi/lib/thumb/v7e-m+fp/hard\libc_nano.a(libc_a-strncpy.o)
 .ARM.attributes
                0x000000000000068b       0x34 C:/ST/STM32CubeIDE_1.14.1/STM32CubeIDE/plugins/com.st.stm32cube.ide.mcu.externaltools.gnu-tools-for-stm32.11.3.rel1.win32_1.1.100.202309141235/tools/bin/../lib/gcc/arm-none-eabi/11.3.1/../../../../arm-none-eabi/lib/thumb/v7e-m+fp/hard\libc_nano.a(libc_a-reent.o)
 .ARM.attributes
                0x00000000000006bf       0x34 C:/ST/STM32CubeIDE_1.14.1/STM32CubeIDE/plugins/com.st.stm32cube.ide.mcu.externaltools.gnu-tools-for-stm32.11.3.rel1.win32_1.1.100.202309141235/tools/bin/../lib/gcc/arm-none-eabi/11.3.1/../../../../arm-none-eabi/lib/thumb/v7e-m+fp/hard\libc_nano.a(libc_a-impure.o)
 .ARM.attributes
                0x00000000000006f3       0x34 C:/ST/STM32CubeIDE_1.14.1/STM32CubeIDE/plugins/com.st.stm32cube.ide.mcu.externaltools.gnu-tools-for-stm32.11.3.rel1.win32_1.1.100.202309141235/tools/bin/../lib/gcc/arm-none-eabi/11.3.1/../../../../arm-none-eabi/lib/thumb/v7e-m+fp/hard\libc_nano.a(libc_a-errno.o)
 .ARM.attributes
                0x0000000000000727       0x34 C:/ST/STM32CubeIDE_1.14.1/STM32CubeIDE/plugins/com.st.stm32cube.ide.mcu.externaltools.gnu-tools-for-stm32.11.3.rel1.win32_1.1.100.202309141235/tools/bin/../lib/gcc/arm-none-eabi/11.3.1/../../../../arm-none-eabi/lib/thumb/v7e-m+fp/hard\libc_nano.a(libc_a-init.o)
 .ARM.attributes
                0x000000000000075b       0x34 C:/ST/STM32CubeIDE_1.14.1/STM32CubeIDE/plugins/com.st.stm32cube.ide.mcu.externaltools.gnu-tools-for-stm32.11.3.rel1.win32_1.1.100.202309141235/tools/bin/../lib/gcc/arm-none-eabi/11.3.1/../../../../arm-none-eabi/lib/thumb/v7e-m+fp/hard\libc_nano.a(libc_a-lock.o)
 .ARM.attributes
                0x000000000000078f       0x1c C:/ST/STM32CubeIDE_1.14.1/STM32CubeIDE/plugins/com.st.stm32cube.ide.mcu.externaltools.gnu-tools-for-stm32.11.3.rel1.win32_1.1.100.202309141235/tools/bin/../lib/gcc/arm-none-eabi/11.3.1/../../../../arm-none-eabi/lib/thumb/v7e-m+fp/hard\libc_nano.a(libc_a-strcmp.o)
 .ARM.attributes
                0x00000000000007ab       0x34 C:/ST/STM32CubeIDE_1.14.1/STM32CubeIDE/plugins/com.st.stm32cube.ide.mcu.externaltools.gnu-tools-for-stm32.11.3.rel1.win32_1.1.100.202309141235/tools/bin/../lib/gcc/arm-none-eabi/11.3.1/../../../../arm-none-eabi/lib/thumb/v7e-m+fp/hard\libc_nano.a(libc_a-memcpy-stub.o)
 .ARM.attributes
                0x00000000000007df       0x17 C:/ST/STM32CubeIDE_1.14.1/STM32CubeIDE/plugins/com.st.stm32cube.ide.mcu.externaltools.gnu-tools-for-stm32.11.3.rel1.win32_1.1.100.202309141235/tools/bin/../lib/gcc/arm-none-eabi/11.3.1/../../../../arm-none-eabi/lib/thumb/v7e-m+fp/hard\libc_nano.a(libc_a-strlen.o)
 .ARM.attributes
                0x00000000000007f6       0x34 C:/ST/STM32CubeIDE_1.14.1/STM32CubeIDE/plugins/com.st.stm32cube.ide.mcu.externaltools.gnu-tools-for-stm32.11.3.rel1.win32_1.1.100.202309141235/tools/bin/../lib/gcc/arm-none-eabi/11.3.1/../../../../arm-none-eabi/lib/thumb/v7e-m+fp/hard\libc_nano.a(libc_a-freer.o)
 .ARM.attributes
                0x000000000000082a       0x34 C:/ST/STM32CubeIDE_1.14.1/STM32CubeIDE/plugins/com.st.stm32cube.ide.mcu.externaltools.gnu-tools-for-stm32.11.3.rel1.win32_1.1.100.202309141235/tools/bin/../lib/gcc/arm-none-eabi/11.3.1/../../../../arm-none-eabi/lib/thumb/v7e-m+fp/hard\libc_nano.a(libc_a-mallocr.o)
 .ARM.attributes
                0x000000000000085e       0x34 C:/ST/STM32CubeIDE_1.14.1/STM32CubeIDE/plugins/com.st.stm32cube.ide.mcu.externaltools.gnu-tools-for-stm32.11.3.rel1.win32_1.1.100.202309141235/tools/bin/../lib/gcc/arm-none-eabi/11.3.1/../../../../arm-none-eabi/lib/thumb/v7e-m+fp/hard\libc_nano.a(libc_a-mlock.o)
 .ARM.attributes
                0x0000000000000892       0x34 C:/ST/STM32CubeIDE_1.14.1/STM32CubeIDE/plugins/com.st.stm32cube.ide.mcu.externaltools.gnu-tools-for-stm32.11.3.rel1.win32_1.1.100.202309141235/tools/bin/../lib/gcc/arm-none-eabi/11.3.1/../../../../arm-none-eabi/lib/thumb/v7e-m+fp/hard\libc_nano.a(libc_a-nano-svfprintf.o)
 .ARM.attributes
                0x00000000000008c6       0x34 C:/ST/STM32CubeIDE_1.14.1/STM32CubeIDE/plugins/com.st.stm32cube.ide.mcu.externaltools.gnu-tools-for-stm32.11.3.rel1.win32_1.1.100.202309141235/tools/bin/../lib/gcc/arm-none-eabi/11.3.1/../../../../arm-none-eabi/lib/thumb/v7e-m+fp/hard\libc_nano.a(libc_a-nano-vfprintf_i.o)
 .ARM.attributes
                0x00000000000008fa       0x34 C:/ST/STM32CubeIDE_1.14.1/STM32CubeIDE/plugins/com.st.stm32cube.ide.mcu.externaltools.gnu-tools-for-stm32.11.3.rel1.win32_1.1.100.202309141235/tools/bin/../lib/gcc/arm-none-eabi/11.3.1/../../../../arm-none-eabi/lib/thumb/v7e-m+fp/hard\libc_nano.a(libc_a-memmove.o)
 .ARM.attributes
                0x000000000000092e       0x34 C:/ST/STM32CubeIDE_1.14.1/STM32CubeIDE/plugins/com.st.stm32cube.ide.mcu.externaltools.gnu-tools-for-stm32.11.3.rel1.win32_1.1.100.202309141235/tools/bin/../lib/gcc/arm-none-eabi/11.3.1/../../../../arm-none-eabi/lib/thumb/v7e-m+fp/hard\libc_nano.a(libc_a-sbrkr.o)
 .ARM.attributes
                0x0000000000000962       0x1c C:/ST/STM32CubeIDE_1.14.1/STM32CubeIDE/plugins/com.st.stm32cube.ide.mcu.externaltools.gnu-tools-for-stm32.11.3.rel1.win32_1.1.100.202309141235/tools/bin/../lib/gcc/arm-none-eabi/11.3.1/../../../../arm-none-eabi/lib/thumb/v7e-m+fp/hard\libc_nano.a(libc_a-memchr.o)
 .ARM.attributes
                0x000000000000097e       0x34 C:/ST/STM32CubeIDE_1.14.1/STM32CubeIDE/plugins/com.st.stm32cube.ide.mcu.externaltools.gnu-tools-for-stm32.11.3.rel1.win32_1.1.100.202309141235/tools/bin/../lib/gcc/arm-none-eabi/11.3.1/../../../../arm-none-eabi/lib/thumb/v7e-m+fp/hard\libc_nano.a(libc_a-reallocr.o)
 .ARM.attributes
                0x00000000000009b2       0x34 C:/ST/STM32CubeIDE_1.14.1/STM32CubeIDE/plugins/com.st.stm32cube.ide.mcu.externaltools.gnu-tools-for-stm32.11.3.rel1.win32_1.1.100.202309141235/tools/bin/../lib/gcc/arm-none-eabi/11.3.1/../../../../arm-none-eabi/lib/thumb/v7e-m+fp/hard\libc_nano.a(libc_a-msizer.o)
 .ARM.attributes
                0x00000000000009e6       0x1e C:/ST/STM32CubeIDE_1.14.1/STM32CubeIDE/plugins/com.st.stm32cube.ide.mcu.externaltools.gnu-tools-for-stm32.11.3.rel1.win32_1.1.100.202309141235/tools/bin/../lib/gcc/arm-none-eabi/11.3.1/thumb/v7e-m+fp/hard/crtn.o
OUTPUT(OTP-Locker.elf elf32-littlearm)
LOAD linker stubs
LOAD C:/ST/STM32CubeIDE_1.14.1/STM32CubeIDE/plugins/com.st.stm32cube.ide.mcu.externaltools.gnu-tools-for-stm32.11.3.rel1.win32_1.1.100.202309141235/tools/bin/../lib/gcc/arm-none-eabi/11.3.1/../../../../arm-none-eabi/lib/thumb/v7e-m+fp/hard\libc.a
LOAD C:/ST/STM32CubeIDE_1.14.1/STM32CubeIDE/plugins/com.st.stm32cube.ide.mcu.externaltools.gnu-tools-for-stm32.11.3.rel1.win32_1.1.100.202309141235/tools/bin/../lib/gcc/arm-none-eabi/11.3.1/../../../../arm-none-eabi/lib/thumb/v7e-m+fp/hard\libm.a
LOAD C:/ST/STM32CubeIDE_1.14.1/STM32CubeIDE/plugins/com.st.stm32cube.ide.mcu.externaltools.gnu-tools-for-stm32.11.3.rel1.win32_1.1.100.202309141235/tools/bin/../lib/gcc/arm-none-eabi/11.3.1/thumb/v7e-m+fp/hard\libgcc.a

.comment        0x0000000000000000       0x43
 .comment       0x0000000000000000       0x43 C:/ST/STM32CubeIDE_1.14.1/STM32CubeIDE/plugins/com.st.stm32cube.ide.mcu.externaltools.gnu-tools-for-stm32.11.3.rel1.win32_1.1.100.202309141235/tools/bin/../lib/gcc/arm-none-eabi/11.3.1/thumb/v7e-m+fp/hard/crtbegin.o
                                         0x44 (size before relaxing)
 .comment       0x0000000000000043       0x44 ./Core/Src/alarm.o
 .comment       0x0000000000000043       0x44 ./Core/Src/esp_uart.o
 .comment       0x0000000000000043       0x44 ./Core/Src/fonts.o
 .comment       0x0000000000000043       0x44 ./Core/Src/fsm.o
 .comment       0x0000000000000043       0x44 ./Core/Src/keypad.o
 .comment       0x0000000000000043       0x44 ./Core/Src/main.o
 .comment       0x0000000000000043       0x44 ./Core/Src/servo.o
 .comment       0x0000000000000043       0x44 ./Core/Src/ssd1306.o
 .comment       0x0000000000000043       0x44 ./Core/Src/stm32f3xx_hal_msp.o
 .comment       0x0000000000000043       0x44 ./Core/Src/stm32f3xx_it.o
 .comment       0x0000000000000043       0x44 ./Core/Src/sysmem.o
 .comment       0x0000000000000043       0x44 ./Core/Src/system_stm32f3xx.o
 .comment       0x0000000000000043       0x44 ./Drivers/STM32F3xx_HAL_Driver/Src/stm32f3xx_hal.o
 .comment       0x0000000000000043       0x44 ./Drivers/STM32F3xx_HAL_Driver/Src/stm32f3xx_hal_cortex.o
 .comment       0x0000000000000043       0x44 ./Drivers/STM32F3xx_HAL_Driver/Src/stm32f3xx_hal_gpio.o
 .comment       0x0000000000000043       0x44 ./Drivers/STM32F3xx_HAL_Driver/Src/stm32f3xx_hal_i2c.o
 .comment       0x0000000000000043       0x44 ./Drivers/STM32F3xx_HAL_Driver/Src/stm32f3xx_hal_i2c_ex.o
 .comment       0x0000000000000043       0x44 ./Drivers/STM32F3xx_HAL_Driver/Src/stm32f3xx_hal_pcd.o
 .comment       0x0000000000000043       0x44 ./Drivers/STM32F3xx_HAL_Driver/Src/stm32f3xx_hal_rcc.o
 .comment       0x0000000000000043       0x44 ./Drivers/STM32F3xx_HAL_Driver/Src/stm32f3xx_hal_rcc_ex.o
 .comment       0x0000000000000043       0x44 ./Drivers/STM32F3xx_HAL_Driver/Src/stm32f3xx_hal_spi.o
 .comment       0x0000000000000043       0x44 ./Drivers/STM32F3xx_HAL_Driver/Src/stm32f3xx_hal_tim.o
 .comment       0x0000000000000043       0x44 ./Drivers/STM32F3xx_HAL_Driver/Src/stm32f3xx_hal_tim_ex.o
 .comment       0x0000000000000043       0x44 ./Drivers/STM32F3xx_HAL_Driver/Src/stm32f3xx_hal_uart.o
 .comment       0x0000000000000043       0x44 ./Drivers/STM32F3xx_HAL_Driver/Src/stm32f3xx_ll_usb.o

.debug_info     0x0000000000000000    0x18b69
 .debug_info    0x0000000000000000      0x9b3 ./Core/Src/alarm.o
 .debug_info    0x00000000000009b3      0x9e3 ./Core/Src/esp_uart.o
 .debug_info    0x0000000000001396       0xd5 ./Core/Src/fonts.o
 .debug_info    0x000000000000146b      0x7ef ./Core/Src/fsm.o
 .debug_info    0x0000000000001c5a      0x2c7 ./Core/Src/keypad.o
 .debug_info    0x0000000000001f21     0x1e7c ./Core/Src/main.o
 .debug_info    0x0000000000003d9d      0x7d5 ./Core/Src/servo.o
 .debug_info    0x0000000000004572      0xa06 ./Core/Src/ssd1306.o
 .debug_info    0x0000000000004f78     0x1b27 ./Core/Src/stm32f3xx_hal_msp.o
 .debug_info    0x0000000000006a9f      0x113 ./Core/Src/stm32f3xx_it.o
 .debug_info    0x0000000000006bb2      0x168 ./Core/Src/sysmem.o
 .debug_info    0x0000000000006d1a      0x407 ./Core/Src/system_stm32f3xx.o
 .debug_info    0x0000000000007121       0x23 ./Core/Startup/startup_stm32f303vctx.o
 .debug_info    0x0000000000007144      0x7d4 ./Drivers/STM32F3xx_HAL_Driver/Src/stm32f3xx_hal.o
 .debug_info    0x0000000000007918      0xce4 ./Drivers/STM32F3xx_HAL_Driver/Src/stm32f3xx_hal_cortex.o
 .debug_info    0x00000000000085fc      0x5fe ./Drivers/STM32F3xx_HAL_Driver/Src/stm32f3xx_hal_gpio.o
 .debug_info    0x0000000000008bfa     0x20c3 ./Drivers/STM32F3xx_HAL_Driver/Src/stm32f3xx_hal_i2c.o
 .debug_info    0x000000000000acbd      0x818 ./Drivers/STM32F3xx_HAL_Driver/Src/stm32f3xx_hal_i2c_ex.o
 .debug_info    0x000000000000b4d5     0x166f ./Drivers/STM32F3xx_HAL_Driver/Src/stm32f3xx_hal_pcd.o
 .debug_info    0x000000000000cb44     0x148a ./Drivers/STM32F3xx_HAL_Driver/Src/stm32f3xx_hal_rcc.o
 .debug_info    0x000000000000dfce      0x5b9 ./Drivers/STM32F3xx_HAL_Driver/Src/stm32f3xx_hal_rcc_ex.o
 .debug_info    0x000000000000e587     0x1622 ./Drivers/STM32F3xx_HAL_Driver/Src/stm32f3xx_hal_spi.o
 .debug_info    0x000000000000fba9     0x2a70 ./Drivers/STM32F3xx_HAL_Driver/Src/stm32f3xx_hal_tim.o
 .debug_info    0x0000000000012619     0x156d ./Drivers/STM32F3xx_HAL_Driver/Src/stm32f3xx_hal_tim_ex.o
 .debug_info    0x0000000000013b86     0x39a8 ./Drivers/STM32F3xx_HAL_Driver/Src/stm32f3xx_hal_uart.o
 .debug_info    0x000000000001752e     0x163b ./Drivers/STM32F3xx_HAL_Driver/Src/stm32f3xx_ll_usb.o

.debug_abbrev   0x0000000000000000     0x3466
 .debug_abbrev  0x0000000000000000      0x202 ./Core/Src/alarm.o
 .debug_abbrev  0x0000000000000202      0x241 ./Core/Src/esp_uart.o
 .debug_abbrev  0x0000000000000443       0x79 ./Core/Src/fonts.o
 .debug_abbrev  0x00000000000004bc      0x2d2 ./Core/Src/fsm.o
 .debug_abbrev  0x000000000000078e      0x17c ./Core/Src/keypad.o
 .debug_abbrev  0x000000000000090a      0x31b ./Core/Src/main.o
 .debug_abbrev  0x0000000000000c25      0x197 ./Core/Src/servo.o
 .debug_abbrev  0x0000000000000dbc      0x253 ./Core/Src/ssd1306.o
 .debug_abbrev  0x000000000000100f      0x267 ./Core/Src/stm32f3xx_hal_msp.o
 .debug_abbrev  0x0000000000001276       0x73 ./Core/Src/stm32f3xx_it.o
 .debug_abbrev  0x00000000000012e9       0xbc ./Core/Src/sysmem.o
 .debug_abbrev  0x00000000000013a5      0x11a ./Core/Src/system_stm32f3xx.o
 .debug_abbrev  0x00000000000014bf       0x12 ./Core/Startup/startup_stm32f303vctx.o
 .debug_abbrev  0x00000000000014d1      0x215 ./Drivers/STM32F3xx_HAL_Driver/Src/stm32f3xx_hal.o
 .debug_abbrev  0x00000000000016e6      0x31e ./Drivers/STM32F3xx_HAL_Driver/Src/stm32f3xx_hal_cortex.o
 .debug_abbrev  0x0000000000001a04      0x1ca ./Drivers/STM32F3xx_HAL_Driver/Src/stm32f3xx_hal_gpio.o
 .debug_abbrev  0x0000000000001bce      0x260 ./Drivers/STM32F3xx_HAL_Driver/Src/stm32f3xx_hal_i2c.o
 .debug_abbrev  0x0000000000001e2e      0x1c2 ./Drivers/STM32F3xx_HAL_Driver/Src/stm32f3xx_hal_i2c_ex.o
 .debug_abbrev  0x0000000000001ff0      0x2d9 ./Drivers/STM32F3xx_HAL_Driver/Src/stm32f3xx_hal_pcd.o
 .debug_abbrev  0x00000000000022c9      0x300 ./Drivers/STM32F3xx_HAL_Driver/Src/stm32f3xx_hal_rcc.o
 .debug_abbrev  0x00000000000025c9      0x221 ./Drivers/STM32F3xx_HAL_Driver/Src/stm32f3xx_hal_rcc_ex.o
 .debug_abbrev  0x00000000000027ea      0x269 ./Drivers/STM32F3xx_HAL_Driver/Src/stm32f3xx_hal_spi.o
 .debug_abbrev  0x0000000000002a53      0x278 ./Drivers/STM32F3xx_HAL_Driver/Src/stm32f3xx_hal_tim.o
 .debug_abbrev  0x0000000000002ccb      0x283 ./Drivers/STM32F3xx_HAL_Driver/Src/stm32f3xx_hal_tim_ex.o
 .debug_abbrev  0x0000000000002f4e      0x2d1 ./Drivers/STM32F3xx_HAL_Driver/Src/stm32f3xx_hal_uart.o
 .debug_abbrev  0x000000000000321f      0x247 ./Drivers/STM32F3xx_HAL_Driver/Src/stm32f3xx_ll_usb.o

.debug_aranges  0x0000000000000000     0x15a0
 .debug_aranges
                0x0000000000000000       0x58 ./Core/Src/alarm.o
 .debug_aranges
                0x0000000000000058       0x88 ./Core/Src/esp_uart.o
 .debug_aranges
                0x00000000000000e0       0x18 ./Core/Src/fonts.o
 .debug_aranges
                0x00000000000000f8       0xb8 ./Core/Src/fsm.o
 .debug_aranges
                0x00000000000001b0       0x30 ./Core/Src/keypad.o
 .debug_aranges
                0x00000000000001e0       0x68 ./Core/Src/main.o
 .debug_aranges
                0x0000000000000248       0x28 ./Core/Src/servo.o
 .debug_aranges
                0x0000000000000270       0x80 ./Core/Src/ssd1306.o
 .debug_aranges
                0x00000000000002f0       0x78 ./Core/Src/stm32f3xx_hal_msp.o
 .debug_aranges
                0x0000000000000368       0x60 ./Core/Src/stm32f3xx_it.o
 .debug_aranges
                0x00000000000003c8       0x20 ./Core/Src/sysmem.o
 .debug_aranges
                0x00000000000003e8       0x28 ./Core/Src/system_stm32f3xx.o
 .debug_aranges
                0x0000000000000410       0x28 ./Core/Startup/startup_stm32f303vctx.o
 .debug_aranges
                0x0000000000000438       0xe0 ./Drivers/STM32F3xx_HAL_Driver/Src/stm32f3xx_hal.o
 .debug_aranges
                0x0000000000000518      0x128 ./Drivers/STM32F3xx_HAL_Driver/Src/stm32f3xx_hal_cortex.o
 .debug_aranges
                0x0000000000000640       0x58 ./Drivers/STM32F3xx_HAL_Driver/Src/stm32f3xx_hal_gpio.o
 .debug_aranges
                0x0000000000000698      0x2a0 ./Drivers/STM32F3xx_HAL_Driver/Src/stm32f3xx_hal_i2c.o
 .debug_aranges
                0x0000000000000938       0x48 ./Drivers/STM32F3xx_HAL_Driver/Src/stm32f3xx_hal_i2c_ex.o
 .debug_aranges
                0x0000000000000980      0x140 ./Drivers/STM32F3xx_HAL_Driver/Src/stm32f3xx_hal_pcd.o
 .debug_aranges
                0x0000000000000ac0       0x88 ./Drivers/STM32F3xx_HAL_Driver/Src/stm32f3xx_hal_rcc.o
 .debug_aranges
                0x0000000000000b48       0x38 ./Drivers/STM32F3xx_HAL_Driver/Src/stm32f3xx_hal_rcc_ex.o
 .debug_aranges
                0x0000000000000b80      0x1d8 ./Drivers/STM32F3xx_HAL_Driver/Src/stm32f3xx_hal_spi.o
 .debug_aranges
                0x0000000000000d58      0x3e0 ./Drivers/STM32F3xx_HAL_Driver/Src/stm32f3xx_hal_tim.o
 .debug_aranges
                0x0000000000001138      0x178 ./Drivers/STM32F3xx_HAL_Driver/Src/stm32f3xx_hal_tim_ex.o
 .debug_aranges
                0x00000000000012b0      0x228 ./Drivers/STM32F3xx_HAL_Driver/Src/stm32f3xx_hal_uart.o
 .debug_aranges
                0x00000000000014d8       0xc8 ./Drivers/STM32F3xx_HAL_Driver/Src/stm32f3xx_ll_usb.o

.debug_rnglists
                0x0000000000000000     0x10d1
 .debug_rnglists
                0x0000000000000000       0x3f ./Core/Src/alarm.o
 .debug_rnglists
                0x000000000000003f       0x63 ./Core/Src/esp_uart.o
 .debug_rnglists
                0x00000000000000a2       0x87 ./Core/Src/fsm.o
 .debug_rnglists
                0x0000000000000129       0x20 ./Core/Src/keypad.o
 .debug_rnglists
                0x0000000000000149       0x4f ./Core/Src/main.o
 .debug_rnglists
                0x0000000000000198       0x19 ./Core/Src/servo.o
 .debug_rnglists
                0x00000000000001b1       0x5e ./Core/Src/ssd1306.o
 .debug_rnglists
                0x000000000000020f       0x5a ./Core/Src/stm32f3xx_hal_msp.o
 .debug_rnglists
                0x0000000000000269       0x43 ./Core/Src/stm32f3xx_it.o
 .debug_rnglists
                0x00000000000002ac       0x13 ./Core/Src/sysmem.o
 .debug_rnglists
                0x00000000000002bf       0x1a ./Core/Src/system_stm32f3xx.o
 .debug_rnglists
                0x00000000000002d9       0x19 ./Core/Startup/startup_stm32f303vctx.o
 .debug_rnglists
                0x00000000000002f2       0xa3 ./Drivers/STM32F3xx_HAL_Driver/Src/stm32f3xx_hal.o
 .debug_rnglists
                0x0000000000000395       0xda ./Drivers/STM32F3xx_HAL_Driver/Src/stm32f3xx_hal_cortex.o
 .debug_rnglists
                0x000000000000046f       0x3f ./Drivers/STM32F3xx_HAL_Driver/Src/stm32f3xx_hal_gpio.o
 .debug_rnglists
                0x00000000000004ae      0x228 ./Drivers/STM32F3xx_HAL_Driver/Src/stm32f3xx_hal_i2c.o
 .debug_rnglists
                0x00000000000006d6       0x35 ./Drivers/STM32F3xx_HAL_Driver/Src/stm32f3xx_hal_i2c_ex.o
 .debug_rnglists
                0x000000000000070b       0xf4 ./Drivers/STM32F3xx_HAL_Driver/Src/stm32f3xx_hal_pcd.o
 .debug_rnglists
                0x00000000000007ff       0x66 ./Drivers/STM32F3xx_HAL_Driver/Src/stm32f3xx_hal_rcc.o
 .debug_rnglists
                0x0000000000000865       0x28 ./Drivers/STM32F3xx_HAL_Driver/Src/stm32f3xx_hal_rcc_ex.o
 .debug_rnglists
                0x000000000000088d      0x178 ./Drivers/STM32F3xx_HAL_Driver/Src/stm32f3xx_hal_spi.o
 .debug_rnglists
                0x0000000000000a05      0x328 ./Drivers/STM32F3xx_HAL_Driver/Src/stm32f3xx_hal_tim.o
 .debug_rnglists
                0x0000000000000d2d      0x131 ./Drivers/STM32F3xx_HAL_Driver/Src/stm32f3xx_hal_tim_ex.o
 .debug_rnglists
                0x0000000000000e5e      0x1da ./Drivers/STM32F3xx_HAL_Driver/Src/stm32f3xx_hal_uart.o
 .debug_rnglists
                0x0000000000001038       0x99 ./Drivers/STM32F3xx_HAL_Driver/Src/stm32f3xx_ll_usb.o

.debug_macro    0x0000000000000000    0x2056f
 .debug_macro   0x0000000000000000      0x237 ./Core/Src/alarm.o
 .debug_macro   0x0000000000000237      0xaa8 ./Core/Src/alarm.o
 .debug_macro   0x0000000000000cdf      0x163 ./Core/Src/alarm.o
 .debug_macro   0x0000000000000e42       0x2e ./Core/Src/alarm.o
 .debug_macro   0x0000000000000e70       0x28 ./Core/Src/alarm.o
 .debug_macro   0x0000000000000e98       0x22 ./Core/Src/alarm.o
 .debug_macro   0x0000000000000eba       0x8e ./Core/Src/alarm.o
 .debug_macro   0x0000000000000f48       0x51 ./Core/Src/alarm.o
 .debug_macro   0x0000000000000f99      0x103 ./Core/Src/alarm.o
 .debug_macro   0x000000000000109c       0x6a ./Core/Src/alarm.o
 .debug_macro   0x0000000000001106      0x1df ./Core/Src/alarm.o
 .debug_macro   0x00000000000012e5       0x1c ./Core/Src/alarm.o
 .debug_macro   0x0000000000001301       0x22 ./Core/Src/alarm.o
 .debug_macro   0x0000000000001323       0xd9 ./Core/Src/alarm.o
 .debug_macro   0x00000000000013fc     0x102d ./Core/Src/alarm.o
 .debug_macro   0x0000000000002429      0x11f ./Core/Src/alarm.o
 .debug_macro   0x0000000000002548    0x12a3a ./Core/Src/alarm.o
 .debug_macro   0x0000000000014f82       0x6d ./Core/Src/alarm.o
 .debug_macro   0x0000000000014fef     0x3574 ./Core/Src/alarm.o
 .debug_macro   0x0000000000018563      0x174 ./Core/Src/alarm.o
 .debug_macro   0x00000000000186d7       0x55 ./Core/Src/alarm.o
 .debug_macro   0x000000000001872c      0x961 ./Core/Src/alarm.o
 .debug_macro   0x000000000001908d      0x5fe ./Core/Src/alarm.o
 .debug_macro   0x000000000001968b      0x1b5 ./Core/Src/alarm.o
 .debug_macro   0x0000000000019840      0x1fb ./Core/Src/alarm.o
 .debug_macro   0x0000000000019a3b      0x1dc ./Core/Src/alarm.o
 .debug_macro   0x0000000000019c17      0x1bc ./Core/Src/alarm.o
 .debug_macro   0x0000000000019dd3       0x30 ./Core/Src/alarm.o
 .debug_macro   0x0000000000019e03       0x3c ./Core/Src/alarm.o
 .debug_macro   0x0000000000019e3f      0x235 ./Core/Src/alarm.o
 .debug_macro   0x000000000001a074       0xc5 ./Core/Src/alarm.o
 .debug_macro   0x000000000001a139      0x21d ./Core/Src/alarm.o
 .debug_macro   0x000000000001a356      0x22c ./Core/Src/alarm.o
 .debug_macro   0x000000000001a582       0x5b ./Core/Src/alarm.o
 .debug_macro   0x000000000001a5dd       0xa5 ./Core/Src/alarm.o
 .debug_macro   0x000000000001a682       0x73 ./Core/Src/alarm.o
 .debug_macro   0x000000000001a6f5      0x242 ./Core/Src/alarm.o
 .debug_macro   0x000000000001a937       0x81 ./Core/Src/alarm.o
 .debug_macro   0x000000000001a9b8       0xd3 ./Core/Src/alarm.o
 .debug_macro   0x000000000001aa8b      0x2fe ./Core/Src/alarm.o
 .debug_macro   0x000000000001ad89      0xa60 ./Core/Src/alarm.o
 .debug_macro   0x000000000001b7e9       0x89 ./Core/Src/alarm.o
 .debug_macro   0x000000000001b872      0x5ba ./Core/Src/alarm.o
 .debug_macro   0x000000000001be2c       0x3e ./Core/Src/alarm.o
 .debug_macro   0x000000000001be6a      0x275 ./Core/Src/alarm.o
 .debug_macro   0x000000000001c0df      0x16c ./Core/Src/alarm.o
 .debug_macro   0x000000000001c24b       0x22 ./Core/Src/alarm.o
 .debug_macro   0x000000000001c26d       0x16 ./Core/Src/alarm.o
 .debug_macro   0x000000000001c283      0x347 ./Core/Src/esp_uart.o
 .debug_macro   0x000000000001c5ca       0x61 ./Core/Src/esp_uart.o
 .debug_macro   0x000000000001c62b       0x2a ./Core/Src/esp_uart.o
 .debug_macro   0x000000000001c655       0x43 ./Core/Src/esp_uart.o
 .debug_macro   0x000000000001c698       0x34 ./Core/Src/esp_uart.o
 .debug_macro   0x000000000001c6cc       0x16 ./Core/Src/esp_uart.o
 .debug_macro   0x000000000001c6e2       0x43 ./Core/Src/esp_uart.o
 .debug_macro   0x000000000001c725       0x34 ./Core/Src/esp_uart.o
 .debug_macro   0x000000000001c759       0x10 ./Core/Src/esp_uart.o
 .debug_macro   0x000000000001c769       0x58 ./Core/Src/esp_uart.o
 .debug_macro   0x000000000001c7c1       0x8e ./Core/Src/esp_uart.o
 .debug_macro   0x000000000001c84f       0x1c ./Core/Src/esp_uart.o
 .debug_macro   0x000000000001c86b      0x177 ./Core/Src/esp_uart.o
 .debug_macro   0x000000000001c9e2      0x369 ./Core/Src/esp_uart.o
 .debug_macro   0x000000000001cd4b       0x10 ./Core/Src/esp_uart.o
 .debug_macro   0x000000000001cd5b       0x35 ./Core/Src/esp_uart.o
 .debug_macro   0x000000000001cd90       0x20 ./Core/Src/esp_uart.o
 .debug_macro   0x000000000001cdb0       0x1c ./Core/Src/esp_uart.o
 .debug_macro   0x000000000001cdcc       0x10 ./Core/Src/esp_uart.o
 .debug_macro   0x000000000001cddc       0x1c ./Core/Src/esp_uart.o
 .debug_macro   0x000000000001cdf8       0x16 ./Core/Src/esp_uart.o
 .debug_macro   0x000000000001ce0e      0x147 ./Core/Src/esp_uart.o
 .debug_macro   0x000000000001cf55       0x10 ./Core/Src/esp_uart.o
 .debug_macro   0x000000000001cf65       0x6d ./Core/Src/fonts.o
 .debug_macro   0x000000000001cfd2      0x3cd ./Core/Src/fsm.o
 .debug_macro   0x000000000001d39f       0x1c ./Core/Src/fsm.o
 .debug_macro   0x000000000001d3bb      0x11f ./Core/Src/fsm.o
 .debug_macro   0x000000000001d4da      0x229 ./Core/Src/keypad.o
 .debug_macro   0x000000000001d703      0x344 ./Core/Src/main.o
 .debug_macro   0x000000000001da47       0x16 ./Core/Src/main.o
 .debug_macro   0x000000000001da5d       0x16 ./Core/Src/main.o
 .debug_macro   0x000000000001da73      0x245 ./Core/Src/servo.o
 .debug_macro   0x000000000001dcb8      0x307 ./Core/Src/ssd1306.o
 .debug_macro   0x000000000001dfbf      0x21f ./Core/Src/stm32f3xx_hal_msp.o
 .debug_macro   0x000000000001e1de      0x229 ./Core/Src/stm32f3xx_it.o
 .debug_macro   0x000000000001e407       0xff ./Core/Src/sysmem.o
 .debug_macro   0x000000000001e506      0x23c ./Core/Src/sysmem.o
 .debug_macro   0x000000000001e742      0x210 ./Core/Src/system_stm32f3xx.o
 .debug_macro   0x000000000001e952      0x234 ./Drivers/STM32F3xx_HAL_Driver/Src/stm32f3xx_hal.o
 .debug_macro   0x000000000001eb86      0x210 ./Drivers/STM32F3xx_HAL_Driver/Src/stm32f3xx_hal_cortex.o
 .debug_macro   0x000000000001ed96      0x217 ./Drivers/STM32F3xx_HAL_Driver/Src/stm32f3xx_hal_gpio.o
 .debug_macro   0x000000000001efad      0x2dc ./Drivers/STM32F3xx_HAL_Driver/Src/stm32f3xx_hal_i2c.o
 .debug_macro   0x000000000001f289      0x210 ./Drivers/STM32F3xx_HAL_Driver/Src/stm32f3xx_hal_i2c_ex.o
 .debug_macro   0x000000000001f499      0x21c ./Drivers/STM32F3xx_HAL_Driver/Src/stm32f3xx_hal_pcd.o
 .debug_macro   0x000000000001f6b5      0x234 ./Drivers/STM32F3xx_HAL_Driver/Src/stm32f3xx_hal_rcc.o
 .debug_macro   0x000000000001f8e9      0x210 ./Drivers/STM32F3xx_HAL_Driver/Src/stm32f3xx_hal_rcc_ex.o
 .debug_macro   0x000000000001faf9      0x218 ./Drivers/STM32F3xx_HAL_Driver/Src/stm32f3xx_hal_spi.o
 .debug_macro   0x000000000001fd11      0x211 ./Drivers/STM32F3xx_HAL_Driver/Src/stm32f3xx_hal_tim.o
 .debug_macro   0x000000000001ff22      0x210 ./Drivers/STM32F3xx_HAL_Driver/Src/stm32f3xx_hal_tim_ex.o
 .debug_macro   0x0000000000020132      0x22d ./Drivers/STM32F3xx_HAL_Driver/Src/stm32f3xx_hal_uart.o
 .debug_macro   0x000000000002035f      0x210 ./Drivers/STM32F3xx_HAL_Driver/Src/stm32f3xx_ll_usb.o

.debug_line     0x0000000000000000    0x1cfa1
 .debug_line    0x0000000000000000      0x9d1 ./Core/Src/alarm.o
 .debug_line    0x00000000000009d1      0xb9d ./Core/Src/esp_uart.o
 .debug_line    0x000000000000156e      0x412 ./Core/Src/fonts.o
 .debug_line    0x0000000000001980      0xfdd ./Core/Src/fsm.o
 .debug_line    0x000000000000295d      0x8a9 ./Core/Src/keypad.o
 .debug_line    0x0000000000003206      0xca2 ./Core/Src/main.o
 .debug_line    0x0000000000003ea8      0x842 ./Core/Src/servo.o
 .debug_line    0x00000000000046ea      0xbef ./Core/Src/ssd1306.o
 .debug_line    0x00000000000052d9      0x9e1 ./Core/Src/stm32f3xx_hal_msp.o
 .debug_line    0x0000000000005cba      0x8b4 ./Core/Src/stm32f3xx_it.o
 .debug_line    0x000000000000656e      0x583 ./Core/Src/sysmem.o
 .debug_line    0x0000000000006af1      0x868 ./Core/Src/system_stm32f3xx.o
 .debug_line    0x0000000000007359       0x7a ./Core/Startup/startup_stm32f303vctx.o
 .debug_line    0x00000000000073d3      0xa9d ./Drivers/STM32F3xx_HAL_Driver/Src/stm32f3xx_hal.o
 .debug_line    0x0000000000007e70      0xd90 ./Drivers/STM32F3xx_HAL_Driver/Src/stm32f3xx_hal_cortex.o