Archive member included to satisfy reference by file (symbol)

C:/ST/STM32CubeIDE_1.14.1/STM32CubeIDE/plugins/com.st.stm32cube.ide.mcu.externaltools.gnu-tools-for-stm32.11.3.rel1.win32_1.1.100.202309141235/tools/bin/../lib/gcc/arm-none-eabi/11.3.1/../../../../arm-none-eabi/lib/thumb/v7e-m+fp/hard\libc_nano.a(libc_a-exit.o)
                              C:/ST/STM32CubeIDE_1.14.1/STM32CubeIDE/plugins/com.st.stm32cube.ide.mcu.externaltools.gnu-tools-for-stm32.11.3.rel1.win32_1.1.100.202309141235/tools/bin/../lib/gcc/arm-none-eabi/11.3.1/../../../../arm-none-eabi/lib/thumb/v7e-m+fp/hard/crt0.o (exit)
C:/ST/STM32CubeIDE_1.14.1/STM32CubeIDE/plugins/com.st.stm32cube.ide.mcu.externaltools.gnu-tools-for-stm32.11.3.rel1.win32_1.1.100.202309141235/tools/bin/../lib/gcc/arm-none-eabi/11.3.1/../../../../arm-none-eabi/lib/thumb/v7e-m+fp/hard\libc_nano.a(libc_a-findfp.o)
                              C:/ST/STM32CubeIDE_1.14.1/STM32CubeIDE/plugins/com.st.stm32cube.ide.mcu.externaltools.gnu-tools-for-stm32.11.3.rel1.win32_1.1.100.202309141235/tools/bin/../lib/gcc/arm-none-eabi/11.3.1/../../../../arm-none-eabi/lib/thumb/v7e-m+fp/hard\libc_nano.a(libc_a-exit.o) (__stdio_exit_handler)
C:/ST/STM32CubeIDE_1.14.1/STM32CubeIDE/plugins/com.st.stm32cube.ide.mcu.externaltools.gnu-tools-for-stm32.11.3.rel1.win32_1.1.100.202309141235/tools/bin/../lib/gcc/arm-none-eabi/11.3.1/../../../../arm-none-eabi/lib/thumb/v7e-m+fp/hard\libc_nano.a(libc_a-fwalk.o)
                              C:/ST/STM32CubeIDE_1.14.1/STM32CubeIDE/plugins/com.st.stm32cube.ide.mcu.externaltools.gnu-tools-for-stm32.11.3.rel1.win32_1.1.100.202309141235/tools/bin/../lib/gcc/arm-none-eabi/11.3.1/../../../../arm-none-eabi/lib/thumb/v7e-m+fp/hard\libc_nano.a(libc_a-findfp.o) (_fwalk_sglue)
C:/ST/STM32CubeIDE_1.14.1/STM32CubeIDE/plugins/com.st.stm32cube.ide.mcu.externaltools.gnu-tools-for-stm32.11.3.rel1.win32_1.1.100.202309141235/tools/bin/../lib/gcc/arm-none-eabi/11.3.1/../../../../arm-none-eabi/lib/thumb/v7e-m+fp/hard\libc_nano.a(libc_a-stdio.o)
                              C:/ST/STM32CubeIDE_1.14.1/STM32CubeIDE/plugins/com.st.stm32cube.ide.mcu.externaltools.gnu-tools-for-stm32.11.3.rel1.win32_1.1.100.202309141235/tools/bin/../lib/gcc/arm-none-eabi/11.3.1/../../../../arm-none-eabi/lib/thumb/v7e-m+fp/hard\libc_nano.a(libc_a-findfp.o) (__sread)
C:/ST/STM32CubeIDE_1.14.1/STM32CubeIDE/plugins/com.st.stm32cube.ide.mcu.externaltools.gnu-tools-for-stm32.11.3.rel1.win32_1.1.100.202309141235/tools/bin/../lib/gcc/arm-none-eabi/11.3.1/../../../../arm-none-eabi/lib/thumb/v7e-m+fp/hard\libc_nano.a(libc_a-memset.o)
                              C:/ST/STM32CubeIDE_1.14.1/STM32CubeIDE/plugins/com.st.stm32cube.ide.mcu.externaltools.gnu-tools-for-stm32.11.3.rel1.win32_1.1.100.202309141235/tools/bin/../lib/gcc/arm-none-eabi/11.3.1/../../../../arm-none-eabi/lib/thumb/v7e-m+fp/hard/crt0.o (memset)
C:/ST/STM32CubeIDE_1.14.1/STM32CubeIDE/plugins/com.st.stm32cube.ide.mcu.externaltools.gnu-tools-for-stm32.11.3.rel1.win32_1.1.100.202309141235/tools/bin/../lib/gcc/arm-none-eabi/11.3.1/../../../../arm-none-eabi/lib/thumb/v7e-m+fp/hard\libc_nano.a(libc_a-strncmp.o)
                              ./Core/Src/fsm.o (strncmp)
C:/ST/STM32CubeIDE_1.14.1/STM32CubeIDE/plugins/com.st.stm32cube.ide.mcu.externaltools.gnu-tools-for-stm32.11.3.rel1.win32_1.1.100.202309141235/tools/bin/../lib/gcc/arm-none-eabi/11.3.1/../../../../arm-none-eabi/lib/thumb/v7e-m+fp/hard\libc_nano.a(libc_a-strncpy.o)
                              ./Core/Src/fsm.o (strncpy)
C:/ST/STM32CubeIDE_1.14.1/STM32CubeIDE/plugins/com.st.stm32cube.ide.mcu.externaltools.gnu-tools-for-stm32.11.3.rel1.win32_1.1.100.202309141235/tools/bin/../lib/gcc/arm-none-eabi/11.3.1/../../../../arm-none-eabi/lib/thumb/v7e-m+fp/hard\libc_nano.a(libc_a-closer.o)
                              C:/ST/STM32CubeIDE_1.14.1/STM32CubeIDE/plugins/com.st.stm32cube.ide.mcu.externaltools.gnu-tools-for-stm32.11.3.rel1.win32_1.1.100.202309141235/tools/bin/../lib/gcc/arm-none-eabi/11.3.1/../../../../arm-none-eabi/lib/thumb/v7e-m+fp/hard\libc_nano.a(libc_a-stdio.o) (_close_r)
C:/ST/STM32CubeIDE_1.14.1/STM32CubeIDE/plugins/com.st.stm32cube.ide.mcu.externaltools.gnu-tools-for-stm32.11.3.rel1.win32_1.1.100.202309141235/tools/bin/../lib/gcc/arm-none-eabi/11.3.1/../../../../arm-none-eabi/lib/thumb/v7e-m+fp/hard\libc_nano.a(libc_a-reent.o)
                              C:/ST/STM32CubeIDE_1.14.1/STM32CubeIDE/plugins/com.st.stm32cube.ide.mcu.externaltools.gnu-tools-for-stm32.11.3.rel1.win32_1.1.100.202309141235/tools/bin/../lib/gcc/arm-none-eabi/11.3.1/../../../../arm-none-eabi/lib/thumb/v7e-m+fp/hard\libc_nano.a(libc_a-closer.o) (errno)
C:/ST/STM32CubeIDE_1.14.1/STM32CubeIDE/plugins/com.st.stm32cube.ide.mcu.externaltools.gnu-tools-for-stm32.11.3.rel1.win32_1.1.100.202309141235/tools/bin/../lib/gcc/arm-none-eabi/11.3.1/../../../../arm-none-eabi/lib/thumb/v7e-m+fp/hard\libc_nano.a(libc_a-impure.o)
[...]
Memory Configuration

Name             Origin             Length             Attributes
CCMRAM           0x0000000010000000 0x0000000000002000 xrw
RAM              0x0000000020000000 0x000000000000a000 xrw
FLASH            0x0000000008000000 0x0000000000040000 xr
*default*        0x0000000000000000 0xffffffffffffffff

Linker script and memory map

LOAD C:/ST/STM32CubeIDE_1.14.1/STM32CubeIDE/plugins/com.st.stm32cube.ide.mcu.externaltools.gnu-tools-for-stm32.11.3.rel1.win32_1.1.100.202309141235/tools/bin/../lib/gcc/arm-none-eabi/11.3.1/thumb/v7e-m+fp/hard/crti.o
LOAD C:/ST/STM32CubeIDE_1.14.1/STM32CubeIDE/plugins/com.st.stm32cube.ide.mcu.externaltools.gnu-tools-for-stm32.11.3.rel1.win32_1.1.100.202309141235/tools/bin/../lib/gcc/arm-none-eabi/11.3.1/thumb/v7e-m+fp/hard/crtbegin.o
LOAD C:/ST/STM32CubeIDE_1.14.1/STM32CubeIDE/plugins/com.st.stm32cube.ide.mcu.externaltools.gnu-tools-for-stm32.11.3.rel1.win32_1.1.100.202309141235/tools/bin/../lib/gcc/arm-none-eabi/11.3.1/../../../../arm-none-eabi/lib/thumb/v7e-m+fp/hard/crt0.o
LOAD ./Core/Src/alarm.o
LOAD ./Core/Src/fonts.o
LOAD ./Core/Src/fsm.o
LOAD ./Core/Src/keypad.o
LOAD ./Core/Src/main.o
LOAD ./Core/Src/servo.o
LOAD ./Core/Src/ssd1306.o
LOAD ./Core/Src/stm32f3xx_hal_msp.o
LOAD ./Core/Src/stm32f3xx_it.o
LOAD ./Core/Src/syscalls.o
LOAD ./Core/Src/sysmem.o
LOAD ./Core/Src/system_stm32f3xx.o
LOAD ./Core/Startup/startup_stm32f303vctx.o
LOAD ./Drivers/STM32F3xx_HAL_Driver/Src/stm32f3xx_hal.o
LOAD ./Drivers/STM32F3xx_HAL_Driver/Src/stm32f3xx_hal_cortex.o
LOAD ./Drivers/STM32F3xx_HAL_Driver/Src/stm32f3xx_hal_dma.o
LOAD ./Drivers/STM32F3xx_HAL_Driver/Src/stm32f3xx_hal_exti.o
LOAD ./Drivers/STM32F3xx_HAL_Driver/Src/stm32f3xx_hal_flash.o
LOAD ./Drivers/STM32F3xx_HAL_Driver/Src/stm32f3xx_hal_flash_ex.o
LOAD ./Drivers/STM32F3xx_HAL_Driver/Src/stm32f3xx_hal_gpio.o
LOAD ./Drivers/STM32F3xx_HAL_Driver/Src/stm32f3xx_hal_i2c.o
LOAD ./Drivers/STM32F3xx_HAL_Driver/Src/stm32f3xx_hal_i2c_ex.o
LOAD ./Drivers/STM32F3xx_HAL_Driver/Src/stm32f3xx_hal_pcd.o
LOAD ./Drivers/STM32F3xx_HAL_Driver/Src/stm32f3xx_hal_pcd_ex.o
LOAD ./Drivers/STM32F3xx_HAL_Driver/Src/stm32f3xx_hal_pwr.o
LOAD ./Drivers/STM32F3xx_HAL_Driver/Src/stm32f3xx_hal_pwr_ex.o
LOAD ./Drivers/STM32F3xx_HAL_Driver/Src/stm32f3xx_hal_rcc.o
LOAD ./Drivers/STM32F3xx_HAL_Driver/Src/stm32f3xx_hal_rcc_ex.o
LOAD ./Drivers/STM32F3xx_HAL_Driver/Src/stm32f3xx_hal_spi.o
LOAD ./Drivers/STM32F3xx_HAL_Driver/Src/stm32f3xx_hal_spi_ex.o
LOAD ./Drivers/STM32F3xx_HAL_Driver/Src/stm32f3xx_hal_tim.o
LOAD ./Drivers/STM32F3xx_HAL_Driver/Src/stm32f3xx_hal_tim_ex.o
LOAD ./Drivers/STM32F3xx_HAL_Driver/Src/stm32f3xx_ll_usb.o
START GROUP
LOAD C:/ST/STM32CubeIDE_1.14.1/STM32CubeIDE/plugins/com.st.stm32cube.ide.mcu.externaltools.gnu-tools-for-stm32.11.3.rel1.win32_1.1.100.202309141235/tools/bin/../lib/gcc/arm-none-eabi/11.3.1/../../../../arm-none-eabi/lib/thumb/v7e-m+fp/hard\libc_nano.a
LOAD C:/ST/STM32CubeIDE_1.14.1/STM32CubeIDE/plugins/com.st.stm32cube.ide.mcu.externaltools.gnu-tools-for-stm32.11.3.rel1.win32_1.1.100.202309141235/tools/bin/../lib/gcc/arm-none-eabi/11.3.1/../../../../arm-none-eabi/lib/thumb/v7e-m+fp/hard\libm.a
END GROUP
START GROUP
LOAD C:/ST/STM32CubeIDE_1.14.1/STM32CubeIDE/plugins/com.st.stm32cube.ide.mcu.externaltools.gnu-tools-for-stm32.11.3.rel1.win32_1.1.100.202309141235/tools/bin/../lib/gcc/arm-none-eabi/11.3.1/thumb/v7e-m+fp/hard\libgcc.a
LOAD C:/ST/STM32CubeIDE_1.14.1/STM32CubeIDE/plugins/com.st.stm32cube.ide.mcu.externaltools.gnu-tools-for-stm32.11.3.rel1.win32_1.1.100.202309141235/tools/bin/../lib/gcc/arm-none-eabi/11.3.1/../../../../arm-none-eabi/lib/thumb/v7e-m+fp/hard\libc_nano.a
END GROUP
START GROUP
LOAD C:/ST/STM32CubeIDE_1.14.1/STM32CubeIDE/plugins/com.st.stm32cube.ide.mcu.externaltools.gnu-tools-for-stm32.11.3.rel1.win32_1.1.100.202309141235/tools/bin/../lib/gcc/arm-none-eabi/11.3.1/thumb/v7e-m+fp/hard\libgcc.a
LOAD C:/ST/STM32CubeIDE_1.14.1/STM32CubeIDE/plugins/com.st.stm32cube.ide.mcu.externaltools.gnu-tools-for-stm32.11.3.rel1.win32_1.1.100.202309141235/tools/bin/../lib/gcc/arm-none-eabi/11.3.1/../../../../arm-none-eabi/lib/thumb/v7e-m+fp/hard\libc_nano.a
LOAD C:/ST/STM32CubeIDE_1.14.1/STM32CubeIDE/plugins/com.st.stm32cube.ide.mcu.externaltools.gnu-tools-for-stm32.11.3.rel1.win32_1.1.100.202309141235/tools/bin/../lib/gcc/arm-none-eabi/11.3.1/../../../../arm-none-eabi/lib/thumb/v7e-m+fp/hard\libnosys.a
END GROUP
START GROUP
LOAD C:/ST/STM32CubeIDE_1.14.1/STM32CubeIDE/plugins/com.st.stm32cube.ide.mcu.externaltools.gnu-tools-for-stm32.11.3.rel1.win32_1.1.100.202309141235/tools/bin/../lib/gcc/arm-none-eabi/11.3.1/thumb/v7e-m+fp/hard\libgcc.a
LOAD C:/ST/STM32CubeIDE_1.14.1/STM32CubeIDE/plugins/com.st.stm32cube.ide.mcu.externaltools.gnu-tools-for-stm32.11.3.rel1.win32_1.1.100.202309141235/tools/bin/../lib/gcc/arm-none-eabi/11.3.1/../../../../arm-none-eabi/lib/thumb/v7e-m+fp/hard\libc_nano.a
LOAD C:/ST/STM32CubeIDE_1.14.1/STM32CubeIDE/plugins/com.st.stm32cube.ide.mcu.externaltools.gnu-tools-for-stm32.11.3.rel1.win32_1.1.100.202309141235/tools/bin/../lib/gcc/arm-none-eabi/11.3.1/../../../../arm-none-eabi/lib/thumb/v7e-m+fp/hard\libnosys.a
END GROUP
LOAD C:/ST/STM32CubeIDE_1.14.1/STM32CubeIDE/plugins/com.st.stm32cube.ide.mcu.externaltools.gnu-tools-for-stm32.11.3.rel1.win32_1.1.100.202309141235/tools/bin/../lib/gcc/arm-none-eabi/11.3.1/thumb/v7e-m+fp/hard/crtend.o
LOAD C:/ST/STM32CubeIDE_1.14.1/STM32CubeIDE/plugins/com.st.stm32cube.ide.mcu.externaltools.gnu-tools-for-stm32.11.3.rel1.win32_1.1.100.202309141235/tools/bin/../lib/gcc/arm-none-eabi/11.3.1/thumb/v7e-m+fp/hard/crtn.o
                0x000000002000a000                _estack = (ORIGIN (RAM) + LENGTH (RAM))
                0x0000000000000200                _Min_Heap_Size = 0x200
                0x0000000000000400                _Min_Stack_Size = 0x400

.isr_vector     0x0000000008000000      0x188
                0x0000000008000000                . = ALIGN (0x4)
 *(.isr_vector)
 .isr_vector    0x0000000008000000      0x188 ./Core/Startup/startup_stm32f303vctx.o
                0x0000000008000000                g_pfnVectors
                0x0000000008000188                . = ALIGN (0x4)

.text           0x0000000008000188     0x540c
                0x0000000008000188                . = ALIGN (0x4)
 *(.text)
 .text          0x0000000008000188       0x40 C:/ST/STM32CubeIDE_1.14.1/STM32CubeIDE/plugins/com.st.stm32cube.ide.mcu.externaltools.gnu-tools-for-stm32.11.3.rel1.win32_1.1.100.202309141235/tools/bin/../lib/gcc/arm-none-eabi/11.3.1/thumb/v7e-m+fp/hard/crtbegin.o
 *(.text*)
 .text.Alarm_SetSelectedLeds
                0x00000000080001c8       0xdc ./Core/Src/alarm.o
 .text.Alarm_Init
                0x00000000080002a4       0x20 ./Core/Src/alarm.o
                0x00000000080002a4                Alarm_Init
 .text.Alarm_Start
                0x00000000080002c4       0xa4 ./Core/Src/alarm.o
                0x00000000080002c4                Alarm_Start
 .text.Alarm_Stop
                0x0000000008000368       0x60 ./Core/Src/alarm.o
                0x0000000008000368                Alarm_Stop
 .text.Alarm_Update
                0x00000000080003c8      0x100 ./Core/Src/alarm.o
                0x00000000080003c8                Alarm_Update
 .text.FSM_Transition
                0x00000000080004c8       0x34 ./Core/Src/fsm.o
 .text.FSM_StateJustEntered
                0x00000000080004fc       0x28 ./Core/Src/fsm.o
 .text.FSM_ClearBuffer
                0x0000000008000524       0x2a ./Core/Src/fsm.o
 .text.FSM_IsDigit
                0x000000000800054e       0x2e ./Core/Src/fsm.o
 .text.FSM_DisplayMessage
                0x000000000800057c       0x36 ./Core/Src/fsm.o
 .text.FSM_DisplayMaskedInput
                0x00000000080005b2       0x6e ./Core/Src/fsm.o
 .text.FSM_AppendDigit
                0x0000000008000620       0x54 ./Core/Src/fsm.o
 .text.FSM_RemoveLastDigit
                0x0000000008000674       0x38 ./Core/Src/fsm.o
 .text.FSM_ResetSessionData
                0x00000000080006ac       0x98 ./Core/Src/fsm.o
 .text.FSM_ShowReadyScreen
                0x0000000008000744       0x18 ./Core/Src/fsm.o
 .text.FSM_SignalPinError
                0x000000000800075c       0x14 ./Core/Src/fsm.o
 .text.FSM_SignalAdminError
                0x0000000008000770       0x14 ./Core/Src/fsm.o
 .text.FSM_SignalPinMismatch
                0x0000000008000784       0x14 ./Core/Src/fsm.o
 .text.FSM_Init
                0x0000000008000798       0x4c ./Core/Src/fsm.o
                0x0000000008000798                FSM_Init
 .text.FSM_Update
                0x00000000080007e4      0x620 ./Core/Src/fsm.o
                0x00000000080007e4                FSM_Update
 .text.Keypad_SetAllColumnsLow
                0x0000000008000e04       0x38 ./Core/Src/keypad.o
 .text.Keypad_Init
                0x0000000008000e3c        0xc ./Core/Src/keypad.o
                0x0000000008000e3c                Keypad_Init
 .text.Keypad_GetKey
                0x0000000008000e48      0x100 ./Core/Src/keypad.o
                0x0000000008000e48                Keypad_GetKey
 .text.main     0x0000000008000f48       0x70 ./Core/Src/main.o
                0x0000000008000f48                main
 .text.SystemClock_Config
                0x0000000008000fb8       0xc8 ./Core/Src/main.o
                0x0000000008000fb8                SystemClock_Config
 .text.MX_I2C1_Init
                0x0000000008001080       0x80 ./Core/Src/main.o
 .text.MX_SPI1_Init
                0x0000000008001100       0x7c ./Core/Src/main.o
 .text.MX_TIM1_Init
                0x000000000800117c      0x120 ./Core/Src/main.o
 .text.MX_TIM2_Init
                0x000000000800129c       0xb4 ./Core/Src/main.o
 .text.MX_USB_PCD_Init
                0x0000000008001350       0x44 ./Core/Src/main.o
 .text.MX_GPIO_Init
                0x0000000008001394      0x154 ./Core/Src/main.o
 .text.Error_Handler
                0x00000000080014e8        0xa ./Core/Src/main.o
                0x00000000080014e8                Error_Handler
 *fill*         0x00000000080014f2        0x2 
 .text.Servo_Open
                0x00000000080014f4       0x1c ./Core/Src/servo.o
                0x00000000080014f4                Servo_Open
 .text.Servo_Close
                0x0000000008001510       0x1c ./Core/Src/servo.o
                0x0000000008001510                Servo_Close
 .text.SSD1306_WriteCommand
                0x000000000800152c       0x34 ./Core/Src/ssd1306.o
 .text.SSD1306_WriteData
                0x0000000008001560       0x48 ./Core/Src/ssd1306.o
 .text.SSD1306_Init
                0x00000000080015a8       0xd0 ./Core/Src/ssd1306.o
                0x00000000080015a8                SSD1306_Init
 .text.SSD1306_Clear
                0x0000000008001678       0x2c ./Core/Src/ssd1306.o
                0x0000000008001678                SSD1306_Clear
 .text.SSD1306_UpdateScreen
                0x00000000080016a4       0x50 ./Core/Src/ssd1306.o
                0x00000000080016a4                SSD1306_UpdateScreen
 .text.SSD1306_SetCursor
                0x00000000080016f4       0x30 ./Core/Src/ssd1306.o
                0x00000000080016f4                SSD1306_SetCursor
 .text.SSD1306_WriteChar
                0x0000000008001724       0x90 ./Core/Src/ssd1306.o
                0x0000000008001724                SSD1306_WriteChar
 .text.SSD1306_WriteString
                0x00000000080017b4       0x2c ./Core/Src/ssd1306.o
                0x00000000080017b4                SSD1306_WriteString
 .text.HAL_MspInit
                0x00000000080017e0       0x48 ./Core/Src/stm32f3xx_hal_msp.o
                0x00000000080017e0                HAL_MspInit
 .text.HAL_I2C_MspInit
                0x0000000008001828       0xa8 ./Core/Src/stm32f3xx_hal_msp.o
                0x0000000008001828                HAL_I2C_MspInit
 .text.HAL_SPI_MspInit
                0x00000000080018d0       0x84 ./Core/Src/stm32f3xx_hal_msp.o
                0x00000000080018d0                HAL_SPI_MspInit
 .text.HAL_TIM_PWM_MspInit
                0x0000000008001954       0x64 ./Core/Src/stm32f3xx_hal_msp.o
                0x0000000008001954                HAL_TIM_PWM_MspInit
 .text.HAL_TIM_MspPostInit
                0x00000000080019b8       0xb4 ./Core/Src/stm32f3xx_hal_msp.o
                0x00000000080019b8                HAL_TIM_MspPostInit
 .text.HAL_PCD_MspInit
                0x0000000008001a6c       0x88 ./Core/Src/stm32f3xx_hal_msp.o
                0x0000000008001a6c                HAL_PCD_MspInit
 .text.NMI_Handler
                0x0000000008001af4        0x6 ./Core/Src/stm32f3xx_it.o
                0x0000000008001af4                NMI_Handler
 .text.HardFault_Handler
                0x0000000008001afa        0x6 ./Core/Src/stm32f3xx_it.o
                0x0000000008001afa                HardFault_Handler
 .text.MemManage_Handler
                0x0000000008001b00        0x6 ./Core/Src/stm32f3xx_it.o
                0x0000000008001b00                MemManage_Handler
 .text.BusFault_Handler
                0x0000000008001b06        0x6 ./Core/Src/stm32f3xx_it.o
                0x0000000008001b06                BusFault_Handler
 .text.UsageFault_Handler
                0x0000000008001b0c        0x6 ./Core/Src/stm32f3xx_it.o
                0x0000000008001b0c                UsageFault_Handler
 .text.SVC_Handler
                0x0000000008001b12        0xe ./Core/Src/stm32f3xx_it.o
                0x0000000008001b12                SVC_Handler
 .text.DebugMon_Handler
                0x0000000008001b20        0xe ./Core/Src/stm32f3xx_it.o
                0x0000000008001b20                DebugMon_Handler
 .text.PendSV_Handler
                0x0000000008001b2e        0xe ./Core/Src/stm32f3xx_it.o
                0x0000000008001b2e                PendSV_Handler
 .text.SysTick_Handler
                0x0000000008001b3c        0xc ./Core/Src/stm32f3xx_it.o
                0x0000000008001b3c                SysTick_Handler
 .text.SystemInit
                0x0000000008001b48       0x24 ./Core/Src/system_stm32f3xx.o
                0x0000000008001b48                SystemInit
 .text.Reset_Handler
                0x0000000008001b6c       0x50 ./Core/Startup/startup_stm32f303vctx.o
                0x0000000008001b6c                Reset_Handler
 .text.Default_Handler
                0x0000000008001bbc        0x2 ./Core/Startup/startup_stm32f303vctx.o
                0x0000000008001bbc                RTC_Alarm_IRQHandler
                0x0000000008001bbc                TIM8_TRG_COM_IRQHandler
                0x0000000008001bbc                TIM8_CC_IRQHandler
                0x0000000008001bbc                TIM1_CC_IRQHandler
                0x0000000008001bbc                USB_HP_IRQHandler
                0x0000000008001bbc                PVD_IRQHandler
                0x0000000008001bbc                TAMP_STAMP_IRQHandler
                0x0000000008001bbc                EXTI3_IRQHandler
                0x0000000008001bbc                USB_HP_CAN_TX_IRQHandler
                0x0000000008001bbc                EXTI0_IRQHandler
                0x0000000008001bbc                I2C2_EV_IRQHandler
                0x0000000008001bbc                FPU_IRQHandler
                0x0000000008001bbc                TIM1_UP_TIM16_IRQHandler
                0x0000000008001bbc                ADC1_2_IRQHandler
                0x0000000008001bbc                SPI1_IRQHandler
                0x0000000008001bbc                CAN_SCE_IRQHandler
                0x0000000008001bbc                TIM6_DAC_IRQHandler
                0x0000000008001bbc                TIM8_UP_IRQHandler
                0x0000000008001bbc                DMA2_Channel2_IRQHandler
                0x0000000008001bbc                DMA1_Channel4_IRQHandler
                0x0000000008001bbc                USART3_IRQHandler
                0x0000000008001bbc                DMA1_Channel7_IRQHandler
                0x0000000008001bbc                UART5_IRQHandler
                0x0000000008001bbc                ADC3_IRQHandler
                0x0000000008001bbc                TIM4_IRQHandler
                0x0000000008001bbc                CAN_RX1_IRQHandler
                0x0000000008001bbc                DMA2_Channel1_IRQHandler
                0x0000000008001bbc                I2C1_EV_IRQHandler
                0x0000000008001bbc                DMA1_Channel6_IRQHandler
                0x0000000008001bbc                UART4_IRQHandler
                0x0000000008001bbc                DMA2_Channel4_IRQHandler
                0x0000000008001bbc                TIM3_IRQHandler
                0x0000000008001bbc                RCC_IRQHandler
                0x0000000008001bbc                DMA1_Channel1_IRQHandler
                0x0000000008001bbc                Default_Handler
                0x0000000008001bbc                USBWakeUp_RMP_IRQHandler
                0x0000000008001bbc                EXTI15_10_IRQHandler
                0x0000000008001bbc                TIM7_IRQHandler
                0x0000000008001bbc                EXTI9_5_IRQHandler
                0x0000000008001bbc                RTC_WKUP_IRQHandler
                0x0000000008001bbc                SPI2_IRQHandler
                0x0000000008001bbc                USB_LP_CAN_RX0_IRQHandler
                0x0000000008001bbc                DMA2_Channel5_IRQHandler
                0x0000000008001bbc                DMA1_Channel5_IRQHandler
                0x0000000008001bbc                USB_LP_IRQHandler
                0x0000000008001bbc                EXTI4_IRQHandler
                0x0000000008001bbc                TIM1_TRG_COM_TIM17_IRQHandler
                0x0000000008001bbc                DMA1_Channel3_IRQHandler
                0x0000000008001bbc                ADC4_IRQHandler
                0x0000000008001bbc                WWDG_IRQHandler
                0x0000000008001bbc                TIM2_IRQHandler
                0x0000000008001bbc                COMP7_IRQHandler
                0x0000000008001bbc                COMP1_2_3_IRQHandler
                0x0000000008001bbc                EXTI1_IRQHandler
                0x0000000008001bbc                USART2_IRQHandler
                0x0000000008001bbc                COMP4_5_6_IRQHandler
                0x0000000008001bbc                I2C2_ER_IRQHandler
                0x0000000008001bbc                DMA1_Channel2_IRQHandler
                0x0000000008001bbc                TIM8_BRK_IRQHandler
                0x0000000008001bbc                FLASH_IRQHandler
                0x0000000008001bbc                USART1_IRQHandler
                0x0000000008001bbc                SPI3_IRQHandler
                0x0000000008001bbc                I2C1_ER_IRQHandler
                0x0000000008001bbc                USBWakeUp_IRQHandler
                0x0000000008001bbc                DMA2_Channel3_IRQHandler
                0x0000000008001bbc                EXTI2_TSC_IRQHandler
                0x0000000008001bbc                TIM1_BRK_TIM15_IRQHandler
 *fill*         0x0000000008001bbe        0x2 
 .text.HAL_Init
                0x0000000008001bc0       0x2c ./Drivers/STM32F3xx_HAL_Driver/Src/stm32f3xx_hal.o
                0x0000000008001bc0                HAL_Init
 .text.HAL_InitTick
                0x0000000008001bec       0x60 ./Drivers/STM32F3xx_HAL_Driver/Src/stm32f3xx_hal.o
                0x0000000008001bec                HAL_InitTick
 .text.HAL_IncTick
                0x0000000008001c4c       0x28 ./Drivers/STM32F3xx_HAL_Driver/Src/stm32f3xx_hal.o
                0x0000000008001c4c                HAL_IncTick
 .text.HAL_GetTick
                0x0000000008001c74       0x18 ./Drivers/STM32F3xx_HAL_Driver/Src/stm32f3xx_hal.o
                0x0000000008001c74                HAL_GetTick
 .text.HAL_Delay
                0x0000000008001c8c       0x48 ./Drivers/STM32F3xx_HAL_Driver/Src/stm32f3xx_hal.o
                0x0000000008001c8c                HAL_Delay
 .text.__NVIC_SetPriorityGrouping
                0x0000000008001cd4       0x48 ./Drivers/STM32F3xx_HAL_Driver/Src/stm32f3xx_hal_cortex.o
 .text.__NVIC_GetPriorityGrouping
                0x0000000008001d1c       0x1c ./Drivers/STM32F3xx_HAL_Driver/Src/stm32f3xx_hal_cortex.o
 .text.__NVIC_SetPriority
                0x0000000008001d38       0x54 ./Drivers/STM32F3xx_HAL_Driver/Src/stm32f3xx_hal_cortex.o
 .text.NVIC_EncodePriority
                0x0000000008001d8c       0x66 ./Drivers/STM32F3xx_HAL_Driver/Src/stm32f3xx_hal_cortex.o
 *fill*         0x0000000008001df2        0x2 
 .text.SysTick_Config
                0x0000000008001df4       0x44 ./Drivers/STM32F3xx_HAL_Driver/Src/stm32f3xx_hal_cortex.o
 .text.HAL_NVIC_SetPriorityGrouping
                0x0000000008001e38       0x16 ./Drivers/STM32F3xx_HAL_Driver/Src/stm32f3xx_hal_cortex.o
                0x0000000008001e38                HAL_NVIC_SetPriorityGrouping
 .text.HAL_NVIC_SetPriority
                0x0000000008001e4e       0x38 ./Drivers/STM32F3xx_HAL_Driver/Src/stm32f3xx_hal_cortex.o
                0x0000000008001e4e                HAL_NVIC_SetPriority
 .text.HAL_SYSTICK_Config
                0x0000000008001e86       0x18 ./Drivers/STM32F3xx_HAL_Driver/Src/stm32f3xx_hal_cortex.o
                0x0000000008001e86                HAL_SYSTICK_Config
 *fill*         0x0000000008001e9e        0x2 
 .text.HAL_GPIO_Init
                0x0000000008001ea0      0x2f4 ./Drivers/STM32F3xx_HAL_Driver/Src/stm32f3xx_hal_gpio.o
                0x0000000008001ea0                HAL_GPIO_Init
 .text.HAL_GPIO_ReadPin
                0x0000000008002194       0x30 ./Drivers/STM32F3xx_HAL_Driver/Src/stm32f3xx_hal_gpio.o
                0x0000000008002194                HAL_GPIO_ReadPin
 .text.HAL_GPIO_WritePin
                0x00000000080021c4       0x30 ./Drivers/STM32F3xx_HAL_Driver/Src/stm32f3xx_hal_gpio.o
                0x00000000080021c4                HAL_GPIO_WritePin
 .text.HAL_I2C_Init
                0x00000000080021f4      0x136 ./Drivers/STM32F3xx_HAL_Driver/Src/stm32f3xx_hal_i2c.o
                0x00000000080021f4                HAL_I2C_Init
 *fill*         0x000000000800232a        0x2 
 .text.HAL_I2C_Master_Transmit
                0x000000000800232c      0x230 ./Drivers/STM32F3xx_HAL_Driver/Src/stm32f3xx_hal_i2c.o
                0x000000000800232c                HAL_I2C_Master_Transmit
 .text.I2C_Flush_TXDR
                0x000000000800255c       0x48 ./Drivers/STM32F3xx_HAL_Driver/Src/stm32f3xx_hal_i2c.o
 .text.I2C_WaitOnFlagUntilTimeout
                0x00000000080025a4       0xb2 ./Drivers/STM32F3xx_HAL_Driver/Src/stm32f3xx_hal_i2c.o
 .text.I2C_WaitOnTXISFlagUntilTimeout
                0x0000000008002656       0x8e ./Drivers/STM32F3xx_HAL_Driver/Src/stm32f3xx_hal_i2c.o
 .text.I2C_WaitOnSTOPFlagUntilTimeout
                0x00000000080026e4       0x86 ./Drivers/STM32F3xx_HAL_Driver/Src/stm32f3xx_hal_i2c.o
 *fill*         0x000000000800276a        0x2 
 .text.I2C_IsErrorOccurred
                0x000000000800276c      0x1c0 ./Drivers/STM32F3xx_HAL_Driver/Src/stm32f3xx_hal_i2c.o
 .text.I2C_TransferConfig
                0x000000000800292c       0x64 ./Drivers/STM32F3xx_HAL_Driver/Src/stm32f3xx_hal_i2c.o
 .text.HAL_I2CEx_ConfigAnalogFilter
                0x0000000008002990       0x96 ./Drivers/STM32F3xx_HAL_Driver/Src/stm32f3xx_hal_i2c_ex.o
                0x0000000008002990                HAL_I2CEx_ConfigAnalogFilter
 .text.HAL_I2CEx_ConfigDigitalFilter
                0x0000000008002a26       0x98 ./Drivers/STM32F3xx_HAL_Driver/Src/stm32f3xx_hal_i2c_ex.o
                0x0000000008002a26                HAL_I2CEx_ConfigDigitalFilter
 .text.HAL_PCD_Init
                0x0000000008002abe      0x18e ./Drivers/STM32F3xx_HAL_Driver/Src/stm32f3xx_hal_pcd.o
                0x0000000008002abe                HAL_PCD_Init
 .text.HAL_RCC_OscConfig
                0x0000000008002c4c     0x107c ./Drivers/STM32F3xx_HAL_Driver/Src/stm32f3xx_hal_rcc.o
                0x0000000008002c4c                HAL_RCC_OscConfig
 .text.HAL_RCC_ClockConfig
                0x0000000008003cc8      0x2f8 ./Drivers/STM32F3xx_HAL_Driver/Src/stm32f3xx_hal_rcc.o
                0x0000000008003cc8                HAL_RCC_ClockConfig
 .text.HAL_RCC_GetSysClockFreq
                0x0000000008003fc0       0xa8 ./Drivers/STM32F3xx_HAL_Driver/Src/stm32f3xx_hal_rcc.o
                0x0000000008003fc0                HAL_RCC_GetSysClockFreq
 .text.HAL_RCCEx_PeriphCLKConfig
                0x0000000008004068      0x360 ./Drivers/STM32F3xx_HAL_Driver/Src/stm32f3xx_hal_rcc_ex.o
                0x0000000008004068                HAL_RCCEx_PeriphCLKConfig
 .text.HAL_SPI_Init
                0x00000000080043c8      0x156 ./Drivers/STM32F3xx_HAL_Driver/Src/stm32f3xx_hal_spi.o
                0x00000000080043c8                HAL_SPI_Init
 .text.HAL_TIM_PWM_Init
                0x000000000800451e       0xae ./Drivers/STM32F3xx_HAL_Driver/Src/stm32f3xx_hal_tim.o
                0x000000000800451e                HAL_TIM_PWM_Init
 .text.HAL_TIM_PWM_Start
                0x00000000080045cc      0x200 ./Drivers/STM32F3xx_HAL_Driver/Src/stm32f3xx_hal_tim.o
                0x00000000080045cc                HAL_TIM_PWM_Start
 .text.HAL_TIM_PWM_Stop
                0x00000000080047cc      0x12c ./Drivers/STM32F3xx_HAL_Driver/Src/stm32f3xx_hal_tim.o
                0x00000000080047cc                HAL_TIM_PWM_Stop
 .text.HAL_TIM_PWM_ConfigChannel
                0x00000000080048f8      0x228 ./Drivers/STM32F3xx_HAL_Driver/Src/stm32f3xx_hal_tim.o
                0x00000000080048f8                HAL_TIM_PWM_ConfigChannel
 .text.TIM_Base_SetConfig
                0x0000000008004b20      0x138 ./Drivers/STM32F3xx_HAL_Driver/Src/stm32f3xx_hal_tim.o
                0x0000000008004b20                TIM_Base_SetConfig
 .text.TIM_OC1_SetConfig
                0x0000000008004c58      0x120 ./Drivers/STM32F3xx_HAL_Driver/Src/stm32f3xx_hal_tim.o
 .text.TIM_OC2_SetConfig
                0x0000000008004d78      0x114 ./Drivers/STM32F3xx_HAL_Driver/Src/stm32f3xx_hal_tim.o
                0x0000000008004d78                TIM_OC2_SetConfig
 .text.TIM_OC3_SetConfig
                0x0000000008004e8c      0x110 ./Drivers/STM32F3xx_HAL_Driver/Src/stm32f3xx_hal_tim.o
 .text.TIM_OC4_SetConfig
                0x0000000008004f9c       0xd4 ./Drivers/STM32F3xx_HAL_Driver/Src/stm32f3xx_hal_tim.o
 .text.TIM_OC5_SetConfig
                0x0000000008005070       0xc8 ./Drivers/STM32F3xx_HAL_Driver/Src/stm32f3xx_hal_tim.o
 .text.TIM_OC6_SetConfig
                0x0000000008005138       0xcc ./Drivers/STM32F3xx_HAL_Driver/Src/stm32f3xx_hal_tim.o
 .text.TIM_CCxChannelCmd
                0x0000000008005204       0x4a ./Drivers/STM32F3xx_HAL_Driver/Src/stm32f3xx_hal_tim.o
                0x0000000008005204                TIM_CCxChannelCmd
 *fill*         0x000000000800524e        0x2 
 .text.HAL_TIMEx_MasterConfigSynchronization
                0x0000000008005250      0x100 ./Drivers/STM32F3xx_HAL_Driver/Src/stm32f3xx_hal_tim_ex.o
                0x0000000008005250                HAL_TIMEx_MasterConfigSynchronization
 .text.HAL_TIMEx_ConfigBreakDeadTime
                0x0000000008005350       0xfc ./Drivers/STM32F3xx_HAL_Driver/Src/stm32f3xx_hal_tim_ex.o
                0x0000000008005350                HAL_TIMEx_ConfigBreakDeadTime
 .text.USB_DisableGlobalInt
                0x000000000800544c       0x36 ./Drivers/STM32F3xx_HAL_Driver/Src/stm32f3xx_ll_usb.o
                0x000000000800544c                USB_DisableGlobalInt
 .text.USB_DevInit
                0x0000000008005482       0x3c ./Drivers/STM32F3xx_HAL_Driver/Src/stm32f3xx_ll_usb.o
                0x0000000008005482                USB_DevInit
 .text.memset   0x00000000080054be       0x10 C:/ST/STM32CubeIDE_1.14.1/STM32CubeIDE/plugins/com.st.stm32cube.ide.mcu.externaltools.gnu-tools-for-stm32.11.3.rel1.win32_1.1.100.202309141235/tools/bin/../lib/gcc/arm-none-eabi/11.3.1/../../../../arm-none-eabi/lib/thumb/v7e-m+fp/hard\libc_nano.a(libc_a-memset.o)
                0x00000000080054be                memset
 .text.strncmp  0x00000000080054ce       0x24 C:/ST/STM32CubeIDE_1.14.1/STM32CubeIDE/plugins/com.st.stm32cube.ide.mcu.externaltools.gnu-tools-for-stm32.11.3.rel1.win32_1.1.100.202309141235/tools/bin/../lib/gcc/arm-none-eabi/11.3.1/../../../../arm-none-eabi/lib/thumb/v7e-m+fp/hard\libc_nano.a(libc_a-strncmp.o)
                0x00000000080054ce                strncmp
 .text.strncpy  0x00000000080054f2       0x26 C:/ST/STM32CubeIDE_1.14.1/STM32CubeIDE/plugins/com.st.stm32cube.ide.mcu.externaltools.gnu-tools-for-stm32.11.3.rel1.win32_1.1.100.202309141235/tools/bin/../lib/gcc/arm-none-eabi/11.3.1/../../../../arm-none-eabi/lib/thumb/v7e-m+fp/hard\libc_nano.a(libc_a-strncpy.o)
                0x00000000080054f2                strncpy
 .text.__libc_init_array
                0x0000000008005518       0x48 C:/ST/STM32CubeIDE_1.14.1/STM32CubeIDE/plugins/com.st.stm32cube.ide.mcu.externaltools.gnu-tools-for-stm32.11.3.rel1.win32_1.1.100.202309141235/tools/bin/../lib/gcc/arm-none-eabi/11.3.1/../../../../arm-none-eabi/lib/thumb/v7e-m+fp/hard\libc_nano.a(libc_a-init.o)
                0x0000000008005518                __libc_init_array
 .text.memcpy   0x0000000008005560       0x1c C:/ST/STM32CubeIDE_1.14.1/STM32CubeIDE/plugins/com.st.stm32cube.ide.mcu.externaltools.gnu-tools-for-stm32.11.3.rel1.win32_1.1.100.202309141235/tools/bin/../lib/gcc/arm-none-eabi/11.3.1/../../../../arm-none-eabi/lib/thumb/v7e-m+fp/hard\libc_nano.a(libc_a-memcpy-stub.o)
                0x0000000008005560                memcpy
 *(.glue_7)
 .glue_7        0x000000000800557c        0x0 linker stubs
 *(.glue_7t)
 .glue_7t       0x000000000800557c        0x0 linker stubs
 *(.eh_frame)
 .eh_frame      0x000000000800557c        0x0 C:/ST/STM32CubeIDE_1.14.1/STM32CubeIDE/plugins/com.st.stm32cube.ide.mcu.externaltools.gnu-tools-for-stm32.11.3.rel1.win32_1.1.100.202309141235/tools/bin/../lib/gcc/arm-none-eabi/11.3.1/thumb/v7e-m+fp/hard/crtbegin.o
 *(.init)
 .init          0x000000000800557c        0x4 C:/ST/STM32CubeIDE_1.14.1/STM32CubeIDE/plugins/com.st.stm32cube.ide.mcu.externaltools.gnu-tools-for-stm32.11.3.rel1.win32_1.1.100.202309141235/tools/bin/../lib/gcc/arm-none-eabi/11.3.1/thumb/v7e-m+fp/hard/crti.o
                0x000000000800557c                _init
 .init          0x0000000008005580        0x8 C:/ST/STM32CubeIDE_1.14.1/STM32CubeIDE/plugins/com.st.stm32cube.ide.mcu.externaltools.gnu-tools-for-stm32.11.3.rel1.win32_1.1.100.202309141235/tools/bin/../lib/gcc/arm-none-eabi/11.3.1/thumb/v7e-m+fp/hard/crtn.o
 *(.fini)
 .fini          0x0000000008005588        0x4 C:/ST/STM32CubeIDE_1.14.1/STM32CubeIDE/plugins/com.st.stm32cube.ide.mcu.externaltools.gnu-tools-for-stm32.11.3.rel1.win32_1.1.100.202309141235/tools/bin/../lib/gcc/arm-none-eabi/11.3.1/thumb/v7e-m+fp/hard/crti.o
                0x0000000008005588                _fini
 .fini          0x000000000800558c        0x8 C:/ST/STM32CubeIDE_1.14.1/STM32CubeIDE/plugins/com.st.stm32cube.ide.mcu.externaltools.gnu-tools-for-stm32.11.3.rel1.win32_1.1.100.202309141235/tools/bin/../lib/gcc/arm-none-eabi/11.3.1/thumb/v7e-m+fp/hard/crtn.o
                0x0000000008005594                . = ALIGN (0x4)
                0x0000000008005594                _etext = .

.vfp11_veneer   0x0000000008005594        0x0
 .vfp11_veneer  0x0000000008005594        0x0 linker stubs

.v4_bx          0x0000000008005594        0x0
 .v4_bx         0x0000000008005594        0x0 linker stubs

.iplt           0x0000000008005594        0x0
 .iplt          0x0000000008005594        0x0 C:/ST/STM32CubeIDE_1.14.1/STM32CubeIDE/plugins/com.st.stm32cube.ide.mcu.externaltools.gnu-tools-for-stm32.11.3.rel1.win32_1.1.100.202309141235/tools/bin/../lib/gcc/arm-none-eabi/11.3.1/thumb/v7e-m+fp/hard/crtbegin.o

.rodata         0x0000000008005594      0x310
                0x0000000008005594                . = ALIGN (0x4)
 *(.rodata)
 .rodata        0x0000000008005594       0xf8 ./Core/Src/fsm.o
 .rodata        0x000000000800568c       0x10 ./Core/Src/keypad.o
 *(.rodata*)
 .rodata.Font5x7
                0x000000000800569c      0x1c7 ./Core/Src/fonts.o
                0x000000000800569c                Font5x7
 *fill*         0x0000000008005863        0x1 
 .rodata.keymap
                0x0000000008005864       0x10 ./Core/Src/keypad.o
 .rodata.AHBPrescTable
                0x0000000008005874       0x10 ./Core/Src/system_stm32f3xx.o
                0x0000000008005874                AHBPrescTable
 .rodata.aPLLMULFactorTable
                0x0000000008005884       0x10 ./Drivers/STM32F3xx_HAL_Driver/Src/stm32f3xx_hal_rcc.o
 .rodata.aPredivFactorTable
                0x0000000008005894       0x10 ./Drivers/STM32F3xx_HAL_Driver/Src/stm32f3xx_hal_rcc.o
                0x00000000080058a4                . = ALIGN (0x4)

.rel.dyn        0x00000000080058a4        0x0
 .rel.iplt      0x00000000080058a4        0x0 C:/ST/STM32CubeIDE_1.14.1/STM32CubeIDE/plugins/com.st.stm32cube.ide.mcu.externaltools.gnu-tools-for-stm32.11.3.rel1.win32_1.1.100.202309141235/tools/bin/../lib/gcc/arm-none-eabi/11.3.1/thumb/v7e-m+fp/hard/crtbegin.o

.ARM.extab      0x00000000080058a4        0x0
                0x00000000080058a4                . = ALIGN (0x4)
 *(.ARM.extab* .gnu.linkonce.armextab.*)
                0x00000000080058a4                . = ALIGN (0x4)

.ARM            0x00000000080058a4        0x0
                0x00000000080058a4                . = ALIGN (0x4)
                0x00000000080058a4                __exidx_start = .
 *(.ARM.exidx*)
                0x00000000080058a4                __exidx_end = .
                0x00000000080058a4                . = ALIGN (0x4)

.preinit_array  0x00000000080058a4        0x0
                0x00000000080058a4                . = ALIGN (0x4)
                0x00000000080058a4                PROVIDE (__preinit_array_start = .)
 *(.preinit_array*)
                0x00000000080058a4                PROVIDE (__preinit_array_end = .)
                0x00000000080058a4                . = ALIGN (0x4)

.init_array     0x00000000080058a4        0x4
                0x00000000080058a4                . = ALIGN (0x4)
                0x00000000080058a4                PROVIDE (__init_array_start = .)
 *(SORT_BY_NAME(.init_array.*))
 *(.init_array*)
 .init_array    0x00000000080058a4        0x4 C:/ST/STM32CubeIDE_1.14.1/STM32CubeIDE/plugins/com.st.stm32cube.ide.mcu.externaltools.gnu-tools-for-stm32.11.3.rel1.win32_1.1.100.202309141235/tools/bin/../lib/gcc/arm-none-eabi/11.3.1/thumb/v7e-m+fp/hard/crtbegin.o
                0x00000000080058a8                PROVIDE (__init_array_end = .)
                0x00000000080058a8                . = ALIGN (0x4)

.fini_array     0x00000000080058a8        0x4
                0x00000000080058a8                . = ALIGN (0x4)
                [!provide]                        PROVIDE (__fini_array_start = .)
 *(SORT_BY_NAME(.fini_array.*))
 *(.fini_array*)
 .fini_array    0x00000000080058a8        0x4 C:/ST/STM32CubeIDE_1.14.1/STM32CubeIDE/plugins/com.st.stm32cube.ide.mcu.externaltools.gnu-tools-for-stm32.11.3.rel1.win32_1.1.100.202309141235/tools/bin/../lib/gcc/arm-none-eabi/11.3.1/thumb/v7e-m+fp/hard/crtbegin.o
                [!provide]                        PROVIDE (__fini_array_end = .)
                0x00000000080058ac                . = ALIGN (0x4)
                0x00000000080058ac                _sidata = LOADADDR (.data)

.data           0x0000000020000000       0x20 load address 0x00000000080058ac
                0x0000000020000000                . = ALIGN (0x4)
                0x0000000020000000                _sdata = .
 *(.data)
 *(.data*)
 .data.stateEntryPending
                0x0000000020000000        0x1 ./Core/Src/fsm.o
 *fill*         0x0000000020000001        0x3 
 .data.userPin  0x0000000020000004        0x5 ./Core/Src/fsm.o
 *fill*         0x0000000020000009        0x3 
 .data.adminPin
                0x000000002000000c        0x7 ./Core/Src/fsm.o
 *fill*         0x0000000020000013        0x1 
 .data.SystemCoreClock
                0x0000000020000014        0x4 ./Core/Src/system_stm32f3xx.o
                0x0000000020000014                SystemCoreClock
 .data.uwTickPrio
                0x0000000020000018        0x4 ./Drivers/STM32F3xx_HAL_Driver/Src/stm32f3xx_hal.o
                0x0000000020000018                uwTickPrio
 .data.uwTickFreq
                0x000000002000001c        0x1 ./Drivers/STM32F3xx_HAL_Driver/Src/stm32f3xx_hal.o
                0x000000002000001c                uwTickFreq
 *(.RamFunc)
 *(.RamFunc*)
                0x0000000020000020                . = ALIGN (0x4)
 *fill*         0x000000002000001d        0x3 
                0x0000000020000020                _edata = .
                0x00000000080058cc                _siccmram = LOADADDR (.ccmram)

.igot.plt       0x0000000020000020        0x0 load address 0x00000000080058cc
 .igot.plt      0x0000000020000020        0x0 C:/ST/STM32CubeIDE_1.14.1/STM32CubeIDE/plugins/com.st.stm32cube.ide.mcu.externaltools.gnu-tools-for-stm32.11.3.rel1.win32_1.1.100.202309141235/tools/bin/../lib/gcc/arm-none-eabi/11.3.1/thumb/v7e-m+fp/hard/crtbegin.o

.ccmram         0x0000000010000000        0x0 load address 0x00000000080058cc
                0x0000000010000000                . = ALIGN (0x4)
                0x0000000010000000                _sccmram = .
 *(.ccmram)
 *(.ccmram*)
                0x0000000010000000                . = ALIGN (0x4)
                0x0000000010000000                _eccmram = .
                0x0000000010000000                . = ALIGN (0x4)

.bss            0x0000000020000020      0x8a4
                0x0000000020000020                _sbss = .
                0x0000000020000020                __bss_start__ = _sbss
 *(.bss)
 .bss           0x0000000020000020       0x1c C:/ST/STM32CubeIDE_1.14.1/STM32CubeIDE/plugins/com.st.stm32cube.ide.mcu.externaltools.gnu-tools-for-stm32.11.3.rel1.win32_1.1.100.202309141235/tools/bin/../lib/gcc/arm-none-eabi/11.3.1/thumb/v7e-m+fp/hard/crtbegin.o
 *(.bss*)
 .bss.alarm_tim
                0x000000002000003c        0x4 ./Core/Src/alarm.o
 .bss.alarm_active
                0x0000000020000040        0x1 ./Core/Src/alarm.o
 .bss.buzzer_phase_on
                0x0000000020000041        0x1 ./Core/Src/alarm.o
 .bss.leds_blink
                0x0000000020000042        0x1 ./Core/Src/alarm.o
 *fill*         0x0000000020000043        0x1 
 .bss.alarm_start_time
                0x0000000020000044        0x4 ./Core/Src/alarm.o
 .bss.phase_start_time
                0x0000000020000048        0x4 ./Core/Src/alarm.o
 .bss.alarm_duration
                0x000000002000004c        0x4 ./Core/Src/alarm.o
 .bss.active_led_mask
                0x0000000020000050        0x1 ./Core/Src/alarm.o
 .bss.currentState
                0x0000000020000051        0x1 ./Core/Src/fsm.o
 *fill*         0x0000000020000052        0x2 
 .bss.stateEntryTime
                0x0000000020000054        0x4 ./Core/Src/fsm.o
 .bss.pinBuffer
                0x0000000020000058        0x5 ./Core/Src/fsm.o
 .bss.pinIndex  0x000000002000005d        0x1 ./Core/Src/fsm.o
 *fill*         0x000000002000005e        0x2 
 .bss.adminPinBuffer
                0x0000000020000060        0x7 ./Core/Src/fsm.o
 .bss.adminPinIndex
                0x0000000020000067        0x1 ./Core/Src/fsm.o
 .bss.newUserPinBuffer
                0x0000000020000068        0x5 ./Core/Src/fsm.o
 .bss.newUserPinIndex
                0x000000002000006d        0x1 ./Core/Src/fsm.o
 *fill*         0x000000002000006e        0x2 
 .bss.confirmPinBuffer
                0x0000000020000070        0x5 ./Core/Src/fsm.o
 .bss.confirmPinIndex
                0x0000000020000075        0x1 ./Core/Src/fsm.o
 *fill*         0x0000000020000076        0x2 
 .bss.storedOtp
                0x0000000020000078        0x7 ./Core/Src/fsm.o
 *fill*         0x000000002000007f        0x1 
 .bss.otpBuffer
                0x0000000020000080        0x7 ./Core/Src/fsm.o
 .bss.otpIndex  0x0000000020000087        0x1 ./Core/Src/fsm.o
 .bss.espAckReceived
                0x0000000020000088        0x1 ./Core/Src/fsm.o
 .bss.otpReceivedFromEsp
                0x0000000020000089        0x1 ./Core/Src/fsm.o
 .bss.otpValid  0x000000002000008a        0x1 ./Core/Src/fsm.o
 .bss.pinErrorCount
                0x000000002000008b        0x1 ./Core/Src/fsm.o
 .bss.otpErrorCount
                0x000000002000008c        0x1 ./Core/Src/fsm.o
 .bss.servoIsOpen
                0x000000002000008d        0x1 ./Core/Src/fsm.o
 *fill*         0x000000002000008e        0x2 
 .bss.hi2c1     0x0000000020000090       0x54 ./Core/Src/main.o
                0x0000000020000090                hi2c1
 .bss.hspi1     0x00000000200000e4       0x64 ./Core/Src/main.o
                0x00000000200000e4                hspi1
 .bss.htim1     0x0000000020000148       0x4c ./Core/Src/main.o
                0x0000000020000148                htim1
 .bss.htim2     0x0000000020000194       0x4c ./Core/Src/main.o
                0x0000000020000194                htim2
 .bss.hpcd_USB_FS
                0x00000000200001e0      0x2d4 ./Core/Src/main.o
                0x00000000200001e0                hpcd_USB_FS
 .bss.key       0x00000000200004b4        0x1 ./Core/Src/main.o
                0x00000000200004b4                key
 *fill*         0x00000000200004b5        0x3 
 .bss.ssd1306_i2c
                0x00000000200004b8        0x4 ./Core/Src/ssd1306.o
 .bss.SSD1306_Buffer
                0x00000000200004bc      0x400 ./Core/Src/ssd1306.o
 .bss.CurrentX  0x00000000200008bc        0x1 ./Core/Src/ssd1306.o
 .bss.CurrentY  0x00000000200008bd        0x1 ./Core/Src/ssd1306.o
 *fill*         0x00000000200008be        0x2 
 .bss.uwTick    0x00000000200008c0        0x4 ./Drivers/STM32F3xx_HAL_Driver/Src/stm32f3xx_hal.o
                0x00000000200008c0                uwTick
 *(COMMON)
                0x00000000200008c4                . = ALIGN (0x4)
                0x00000000200008c4                _ebss = .
                0x00000000200008c4                __bss_end__ = _ebss

._user_heap_stack
                0x00000000200008c4      0x604
                0x00000000200008c8                . = ALIGN (0x8)
 *fill*         0x00000000200008c4        0x4 
                [!provide]                        PROVIDE (end = .)
                0x00000000200008c8                PROVIDE (_end = .)
                0x0000000020000ac8                . = (. + _Min_Heap_Size)
 *fill*         0x00000000200008c8      0x200 
                0x0000000020000ec8                . = (. + _Min_Stack_Size)
 *fill*         0x0000000020000ac8      0x400 
                0x0000000020000ec8                . = ALIGN (0x8)

/DISCARD/
 libc.a(*)
 libm.a(*)
 libgcc.a(*)

.ARM.attributes
                0x0000000000000000       0x30
 *(.ARM.attributes)
 .ARM.attributes
                0x0000000000000000       0x1e C:/ST/STM32CubeIDE_1.14.1/STM32CubeIDE/plugins/com.st.stm32cube.ide.mcu.externaltools.gnu-tools-for-stm32.11.3.rel1.win32_1.1.100.202309141235/tools/bin/../lib/gcc/arm-none-eabi/11.3.1/thumb/v7e-m+fp/hard/crti.o
 .ARM.attributes
                0x000000000000001e       0x34 C:/ST/STM32CubeIDE_1.14.1/STM32CubeIDE/plugins/com.st.stm32cube.ide.mcu.externaltools.gnu-tools-for-stm32.11.3.rel1.win32_1.1.100.202309141235/tools/bin/../lib/gcc/arm-none-eabi/11.3.1/thumb/v7e-m+fp/hard/crtbegin.o
 .ARM.attributes
                0x0000000000000052       0x34 ./Core/Src/alarm.o
 .ARM.attributes
                0x0000000000000086       0x34 ./Core/Src/fonts.o
 .ARM.attributes
                0x00000000000000ba       0x34 ./Core/Src/fsm.o
 .ARM.attributes
                0x00000000000000ee       0x34 ./Core/Src/keypad.o
 .ARM.attributes
                0x0000000000000122       0x34 ./Core/Src/main.o
 .ARM.attributes
                0x0000000000000156       0x34 ./Core/Src/servo.o
 .ARM.attributes
                0x000000000000018a       0x34 ./Core/Src/ssd1306.o
 .ARM.attributes
                0x00000000000001be       0x34 ./Core/Src/stm32f3xx_hal_msp.o
 .ARM.attributes
                0x00000000000001f2       0x34 ./Core/Src/stm32f3xx_it.o
 .ARM.attributes
                0x0000000000000226       0x34 ./Core/Src/system_stm32f3xx.o
 .ARM.attributes
                0x000000000000025a       0x21 ./Core/Startup/startup_stm32f303vctx.o
 .ARM.attributes
                0x000000000000027b       0x34 ./Drivers/STM32F3xx_HAL_Driver/Src/stm32f3xx_hal.o
 .ARM.attributes
                0x00000000000002af       0x34 ./Drivers/STM32F3xx_HAL_Driver/Src/stm32f3xx_hal_cortex.o
 .ARM.attributes
                0x00000000000002e3       0x34 ./Drivers/STM32F3xx_HAL_Driver/Src/stm32f3xx_hal_gpio.o
 .ARM.attributes
                0x0000000000000317       0x34 ./Drivers/STM32F3xx_HAL_Driver/Src/stm32f3xx_hal_i2c.o
 .ARM.attributes
                0x000000000000034b       0x34 ./Drivers/STM32F3xx_HAL_Driver/Src/stm32f3xx_hal_i2c_ex.o
 .ARM.attributes
                0x000000000000037f       0x34 ./Drivers/STM32F3xx_HAL_Driver/Src/stm32f3xx_hal_pcd.o
 .ARM.attributes
                0x00000000000003b3       0x34 ./Drivers/STM32F3xx_HAL_Driver/Src/stm32f3xx_hal_rcc.o
 .ARM.attributes
                0x00000000000003e7       0x34 ./Drivers/STM32F3xx_HAL_Driver/Src/stm32f3xx_hal_rcc_ex.o
 .ARM.attributes
                0x000000000000041b       0x34 ./Drivers/STM32F3xx_HAL_Driver/Src/stm32f3xx_hal_spi.o
 .ARM.attributes
                0x000000000000044f       0x34 ./Drivers/STM32F3xx_HAL_Driver/Src/stm32f3xx_hal_tim.o
 .ARM.attributes
                0x0000000000000483       0x34 ./Drivers/STM32F3xx_HAL_Driver/Src/stm32f3xx_hal_tim_ex.o
 .ARM.attributes
                0x00000000000004b7       0x34 ./Drivers/STM32F3xx_HAL_Driver/Src/stm32f3xx_ll_usb.o
 .ARM.attributes
                0x00000000000004eb       0x34 C:/ST/STM32CubeIDE_1.14.1/STM32CubeIDE/plugins/com.st.stm32cube.ide.mcu.externaltools.gnu-tools-for-stm32.11.3.rel1.win32_1.1.100.202309141235/tools/bin/../lib/gcc/arm-none-eabi/11.3.1/../../../../arm-none-eabi/lib/thumb/v7e-m+fp/hard\libc_nano.a(libc_a-memset.o)
 .ARM.attributes
                0x000000000000051f       0x34 C:/ST/STM32CubeIDE_1.14.1/STM32CubeIDE/plugins/com.st.stm32cube.ide.mcu.externaltools.gnu-tools-for-stm32.11.3.rel1.win32_1.1.100.202309141235/tools/bin/../lib/gcc/arm-none-eabi/11.3.1/../../../../arm-none-eabi/lib/thumb/v7e-m+fp/hard\libc_nano.a(libc_a-strncmp.o)
 .ARM.attributes
                0x0000000000000553       0x34 C:/ST/STM32CubeIDE_1.14.1/STM32CubeIDE/plugins/com.st.stm32cube.ide.mcu.externaltools.gnu-tools-for-stm32.11.3.rel1.win32_1.1.100.202309141235/tools/bin/../lib/gcc/arm-none-eabi/11.3.1/../../../../arm-none-eabi/lib/thumb/v7e-m+fp/hard\libc_nano.a(libc_a-strncpy.o)
 .ARM.attributes
                0x0000000000000587       0x34 C:/ST/STM32CubeIDE_1.14.1/STM32CubeIDE/plugins/com.st.stm32cube.ide.mcu.externaltools.gnu-tools-for-stm32.11.3.rel1.win32_1.1.100.202309141235/tools/bin/../lib/gcc/arm-none-eabi/11.3.1/../../../../arm-none-eabi/lib/thumb/v7e-m+fp/hard\libc_nano.a(libc_a-init.o)
 .ARM.attributes
                0x00000000000005bb       0x34 C:/ST/STM32CubeIDE_1.14.1/STM32CubeIDE/plugins/com.st.stm32cube.ide.mcu.externaltools.gnu-tools-for-stm32.11.3.rel1.win32_1.1.100.202309141235/tools/bin/../lib/gcc/arm-none-eabi/11.3.1/../../../../arm-none-eabi/lib/thumb/v7e-m+fp/hard\libc_nano.a(libc_a-memcpy-stub.o)
 .ARM.attributes
                0x00000000000005ef       0x1e C:/ST/STM32CubeIDE_1.14.1/STM32CubeIDE/plugins/com.st.stm32cube.ide.mcu.externaltools.gnu-tools-for-stm32.11.3.rel1.win32_1.1.100.202309141235/tools/bin/../lib/gcc/arm-none-eabi/11.3.1/thumb/v7e-m+fp/hard/crtn.o
OUTPUT(OTP-Locker.elf elf32-littlearm)
LOAD linker stubs
LOAD C:/ST/STM32CubeIDE_1.14.1/STM32CubeIDE/plugins/com.st.stm32cube.ide.mcu.externaltools.gnu-tools-for-stm32.11.3.rel1.win32_1.1.100.202309141235/tools/bin/../lib/gcc/arm-none-eabi/11.3.1/../../../../arm-none-eabi/lib/thumb/v7e-m+fp/hard\libc.a
LOAD C:/ST/STM32CubeIDE_1.14.1/STM32CubeIDE/plugins/com.st.stm32cube.ide.mcu.externaltools.gnu-tools-for-stm32.11.3.rel1.win32_1.1.100.202309141235/tools/bin/../lib/gcc/arm-none-eabi/11.3.1/../../../../arm-none-eabi/lib/thumb/v7e-m+fp/hard\libm.a
LOAD C:/ST/STM32CubeIDE_1.14.1/STM32CubeIDE/plugins/com.st.stm32cube.ide.mcu.externaltools.gnu-tools-for-stm32.11.3.rel1.win32_1.1.100.202309141235/tools/bin/../lib/gcc/arm-none-eabi/11.3.1/thumb/v7e-m+fp/hard\libgcc.a

.comment        0x0000000000000000       0x43
 .comment       0x0000000000000000       0x43 C:/ST/STM32CubeIDE_1.14.1/STM32CubeIDE/plugins/com.st.stm32cube.ide.mcu.externaltools.gnu-tools-for-stm32.11.3.rel1.win32_1.1.100.202309141235/tools/bin/../lib/gcc/arm-none-eabi/11.3.1/thumb/v7e-m+fp/hard/crtbegin.o
                                         0x44 (size before relaxing)
 .comment       0x0000000000000043       0x44 ./Core/Src/alarm.o
 .comment       0x0000000000000043       0x44 ./Core/Src/fonts.o
 .comment       0x0000000000000043       0x44 ./Core/Src/fsm.o
 .comment       0x0000000000000043       0x44 ./Core/Src/keypad.o
 .comment       0x0000000000000043       0x44 ./Core/Src/main.o
 .comment       0x0000000000000043       0x44 ./Core/Src/servo.o
 .comment       0x0000000000000043       0x44 ./Core/Src/ssd1306.o
 .comment       0x0000000000000043       0x44 ./Core/Src/stm32f3xx_hal_msp.o
 .comment       0x0000000000000043       0x44 ./Core/Src/stm32f3xx_it.o
 .comment       0x0000000000000043       0x44 ./Core/Src/system_stm32f3xx.o
 .comment       0x0000000000000043       0x44 ./Drivers/STM32F3xx_HAL_Driver/Src/stm32f3xx_hal.o
 .comment       0x0000000000000043       0x44 ./Drivers/STM32F3xx_HAL_Driver/Src/stm32f3xx_hal_cortex.o
 .comment       0x0000000000000043       0x44 ./Drivers/STM32F3xx_HAL_Driver/Src/stm32f3xx_hal_gpio.o
 .comment       0x0000000000000043       0x44 ./Drivers/STM32F3xx_HAL_Driver/Src/stm32f3xx_hal_i2c.o
 .comment       0x0000000000000043       0x44 ./Drivers/STM32F3xx_HAL_Driver/Src/stm32f3xx_hal_i2c_ex.o
 .comment       0x0000000000000043       0x44 ./Drivers/STM32F3xx_HAL_Driver/Src/stm32f3xx_hal_pcd.o
 .comment       0x0000000000000043       0x44 ./Drivers/STM32F3xx_HAL_Driver/Src/stm32f3xx_hal_rcc.o
 .comment       0x0000000000000043       0x44 ./Drivers/STM32F3xx_HAL_Driver/Src/stm32f3xx_hal_rcc_ex.o
 .comment       0x0000000000000043       0x44 ./Drivers/STM32F3xx_HAL_Driver/Src/stm32f3xx_hal_spi.o
 .comment       0x0000000000000043       0x44 ./Drivers/STM32F3xx_HAL_Driver/Src/stm32f3xx_hal_tim.o
 .comment       0x0000000000000043       0x44 ./Drivers/STM32F3xx_HAL_Driver/Src/stm32f3xx_hal_tim_ex.o
 .comment       0x0000000000000043       0x44 ./Drivers/STM32F3xx_HAL_Driver/Src/stm32f3xx_ll_usb.o

.debug_info     0x0000000000000000    0x136e3
 .debug_info    0x0000000000000000      0x924 ./Core/Src/alarm.o
 .debug_info    0x0000000000000924       0xd5 ./Core/Src/fonts.o
 .debug_info    0x00000000000009f9      0x627 ./Core/Src/fsm.o
 .debug_info    0x0000000000001020      0x2c7 ./Core/Src/keypad.o
 .debug_info    0x00000000000012e7     0x1a70 ./Core/Src/main.o
 .debug_info    0x0000000000002d57      0x63e ./Core/Src/servo.o
 .debug_info    0x0000000000003395      0x858 ./Core/Src/ssd1306.o
 .debug_info    0x0000000000003bed     0x153c ./Core/Src/stm32f3xx_hal_msp.o
 .debug_info    0x0000000000005129      0x113 ./Core/Src/stm32f3xx_it.o
 .debug_info    0x000000000000523c      0x407 ./Core/Src/system_stm32f3xx.o
 .debug_info    0x0000000000005643       0x23 ./Core/Startup/startup_stm32f303vctx.o
 .debug_info    0x0000000000005666      0x7d4 ./Drivers/STM32F3xx_HAL_Driver/Src/stm32f3xx_hal.o
 .debug_info    0x0000000000005e3a      0xce4 ./Drivers/STM32F3xx_HAL_Driver/Src/stm32f3xx_hal_cortex.o
 .debug_info    0x0000000000006b1e      0x5fe ./Drivers/STM32F3xx_HAL_Driver/Src/stm32f3xx_hal_gpio.o
 .debug_info    0x000000000000711c     0x20c3 ./Drivers/STM32F3xx_HAL_Driver/Src/stm32f3xx_hal_i2c.o
 .debug_info    0x00000000000091df      0x818 ./Drivers/STM32F3xx_HAL_Driver/Src/stm32f3xx_hal_i2c_ex.o
 .debug_info    0x00000000000099f7     0x166f ./Drivers/STM32F3xx_HAL_Driver/Src/stm32f3xx_hal_pcd.o
 .debug_info    0x000000000000b066     0x148a ./Drivers/STM32F3xx_HAL_Driver/Src/stm32f3xx_hal_rcc.o
 .debug_info    0x000000000000c4f0      0x5b9 ./Drivers/STM32F3xx_HAL_Driver/Src/stm32f3xx_hal_rcc_ex.o
 .debug_info    0x000000000000caa9     0x1622 ./Drivers/STM32F3xx_HAL_Driver/Src/stm32f3xx_hal_spi.o
 .debug_info    0x000000000000e0cb     0x2a70 ./Drivers/STM32F3xx_HAL_Driver/Src/stm32f3xx_hal_tim.o
 .debug_info    0x0000000000010b3b     0x156d ./Drivers/STM32F3xx_HAL_Driver/Src/stm32f3xx_hal_tim_ex.o
 .debug_info    0x00000000000120a8     0x163b ./Drivers/STM32F3xx_HAL_Driver/Src/stm32f3xx_ll_usb.o

.debug_abbrev   0x0000000000000000     0x2db3
 .debug_abbrev  0x0000000000000000      0x21b ./Core/Src/alarm.o
 .debug_abbrev  0x000000000000021b       0x79 ./Core/Src/fonts.o
 .debug_abbrev  0x0000000000000294      0x22a ./Core/Src/fsm.o
 .debug_abbrev  0x00000000000004be      0x17c ./Core/Src/keypad.o
 .debug_abbrev  0x000000000000063a      0x31c ./Core/Src/main.o
 .debug_abbrev  0x0000000000000956      0x14f ./Core/Src/servo.o
 .debug_abbrev  0x0000000000000aa5      0x253 ./Core/Src/ssd1306.o
 .debug_abbrev  0x0000000000000cf8      0x258 ./Core/Src/stm32f3xx_hal_msp.o
 .debug_abbrev  0x0000000000000f50       0x73 ./Core/Src/stm32f3xx_it.o
 .debug_abbrev  0x0000000000000fc3      0x11a ./Core/Src/system_stm32f3xx.o
 .debug_abbrev  0x00000000000010dd       0x12 ./Core/Startup/startup_stm32f303vctx.o
 .debug_abbrev  0x00000000000010ef      0x215 ./Drivers/STM32F3xx_HAL_Driver/Src/stm32f3xx_hal.o
 .debug_abbrev  0x0000000000001304      0x31e ./Drivers/STM32F3xx_HAL_Driver/Src/stm32f3xx_hal_cortex.o
 .debug_abbrev  0x0000000000001622      0x1ca ./Drivers/STM32F3xx_HAL_Driver/Src/stm32f3xx_hal_gpio.o
 .debug_abbrev  0x00000000000017ec      0x260 ./Drivers/STM32F3xx_HAL_Driver/Src/stm32f3xx_hal_i2c.o
 .debug_abbrev  0x0000000000001a4c      0x1c2 ./Drivers/STM32F3xx_HAL_Driver/Src/stm32f3xx_hal_i2c_ex.o
 .debug_abbrev  0x0000000000001c0e      0x2d9 ./Drivers/STM32F3xx_HAL_Driver/Src/stm32f3xx_hal_pcd.o
 .debug_abbrev  0x0000000000001ee7      0x300 ./Drivers/STM32F3xx_HAL_Driver/Src/stm32f3xx_hal_rcc.o
 .debug_abbrev  0x00000000000021e7      0x221 ./Drivers/STM32F3xx_HAL_Driver/Src/stm32f3xx_hal_rcc_ex.o
 .debug_abbrev  0x0000000000002408      0x269 ./Drivers/STM32F3xx_HAL_Driver/Src/stm32f3xx_hal_spi.o
 .debug_abbrev  0x0000000000002671      0x278 ./Drivers/STM32F3xx_HAL_Driver/Src/stm32f3xx_hal_tim.o
 .debug_abbrev  0x00000000000028e9      0x283 ./Drivers/STM32F3xx_HAL_Driver/Src/stm32f3xx_hal_tim_ex.o
 .debug_abbrev  0x0000000000002b6c      0x247 ./Drivers/STM32F3xx_HAL_Driver/Src/stm32f3xx_ll_usb.o

.debug_aranges  0x0000000000000000     0x1270
 .debug_aranges
                0x0000000000000000       0x48 ./Core/Src/alarm.o
 .debug_aranges
                0x0000000000000048       0x18 ./Core/Src/fonts.o
 .debug_aranges
                0x0000000000000060       0xa8 ./Core/Src/fsm.o
 .debug_aranges
                0x0000000000000108       0x30 ./Core/Src/keypad.o
 .debug_aranges
                0x0000000000000138       0x60 ./Core/Src/main.o
 .debug_aranges
                0x0000000000000198       0x28 ./Core/Src/servo.o
 .debug_aranges
                0x00000000000001c0       0x58 ./Core/Src/ssd1306.o
 .debug_aranges
                0x0000000000000218       0x68 ./Core/Src/stm32f3xx_hal_msp.o
 .debug_aranges
                0x0000000000000280       0x60 ./Core/Src/stm32f3xx_it.o
 .debug_aranges
                0x00000000000002e0       0x28 ./Core/Src/system_stm32f3xx.o
 .debug_aranges
                0x0000000000000308       0x28 ./Core/Startup/startup_stm32f303vctx.o
 .debug_aranges
                0x0000000000000330       0xe0 ./Drivers/STM32F3xx_HAL_Driver/Src/stm32f3xx_hal.o
 .debug_aranges
                0x0000000000000410      0x128 ./Drivers/STM32F3xx_HAL_Driver/Src/stm32f3xx_hal_cortex.o
 .debug_aranges
                0x0000000000000538       0x58 ./Drivers/STM32F3xx_HAL_Driver/Src/stm32f3xx_hal_gpio.o
 .debug_aranges
                0x0000000000000590      0x2a0 ./Drivers/STM32F3xx_HAL_Driver/Src/stm32f3xx_hal_i2c.o
 .debug_aranges
                0x0000000000000830       0x48 ./Drivers/STM32F3xx_HAL_Driver/Src/stm32f3xx_hal_i2c_ex.o
 .debug_aranges
                0x0000000000000878      0x140 ./Drivers/STM32F3xx_HAL_Driver/Src/stm32f3xx_hal_pcd.o
 .debug_aranges
                0x00000000000009b8       0x88 ./Drivers/STM32F3xx_HAL_Driver/Src/stm32f3xx_hal_rcc.o
 .debug_aranges
                0x0000000000000a40       0x38 ./Drivers/STM32F3xx_HAL_Driver/Src/stm32f3xx_hal_rcc_ex.o
 .debug_aranges
                0x0000000000000a78      0x1d8 ./Drivers/STM32F3xx_HAL_Driver/Src/stm32f3xx_hal_spi.o
 .debug_aranges
                0x0000000000000c50      0x3e0 ./Drivers/STM32F3xx_HAL_Driver/Src/stm32f3xx_hal_tim.o
 .debug_aranges
                0x0000000000001030      0x178 ./Drivers/STM32F3xx_HAL_Driver/Src/stm32f3xx_hal_tim_ex.o
 .debug_aranges
                0x00000000000011a8       0xc8 ./Drivers/STM32F3xx_HAL_Driver/Src/stm32f3xx_ll_usb.o

.debug_rnglists
                0x0000000000000000      0xe37
 .debug_rnglists
                0x0000000000000000       0x34 ./Core/Src/alarm.o
 .debug_rnglists
                0x0000000000000034       0x7b ./Core/Src/fsm.o
 .debug_rnglists
                0x00000000000000af       0x20 ./Core/Src/keypad.o
 .debug_rnglists
                0x00000000000000cf       0x48 ./Core/Src/main.o
 .debug_rnglists
                0x0000000000000117       0x19 ./Core/Src/servo.o
 .debug_rnglists
                0x0000000000000130       0x3f ./Core/Src/ssd1306.o
 .debug_rnglists
                0x000000000000016f       0x4d ./Core/Src/stm32f3xx_hal_msp.o
 .debug_rnglists
                0x00000000000001bc       0x43 ./Core/Src/stm32f3xx_it.o
 .debug_rnglists
                0x00000000000001ff       0x1a ./Core/Src/system_stm32f3xx.o
 .debug_rnglists
                0x0000000000000219       0x19 ./Core/Startup/startup_stm32f303vctx.o
 .debug_rnglists
                0x0000000000000232       0xa3 ./Drivers/STM32F3xx_HAL_Driver/Src/stm32f3xx_hal.o
 .debug_rnglists
                0x00000000000002d5       0xda ./Drivers/STM32F3xx_HAL_Driver/Src/stm32f3xx_hal_cortex.o
 .debug_rnglists
                0x00000000000003af       0x3f ./Drivers/STM32F3xx_HAL_Driver/Src/stm32f3xx_hal_gpio.o
 .debug_rnglists
                0x00000000000003ee      0x228 ./Drivers/STM32F3xx_HAL_Driver/Src/stm32f3xx_hal_i2c.o
 .debug_rnglists
                0x0000000000000616       0x35 ./Drivers/STM32F3xx_HAL_Driver/Src/stm32f3xx_hal_i2c_ex.o
 .debug_rnglists
                0x000000000000064b       0xf4 ./Drivers/STM32F3xx_HAL_Driver/Src/stm32f3xx_hal_pcd.o
 .debug_rnglists
                0x000000000000073f       0x66 ./Drivers/STM32F3xx_HAL_Driver/Src/stm32f3xx_hal_rcc.o
 .debug_rnglists
                0x00000000000007a5       0x28 ./Drivers/STM32F3xx_HAL_Driver/Src/stm32f3xx_hal_rcc_ex.o
 .debug_rnglists
                0x00000000000007cd      0x178 ./Drivers/STM32F3xx_HAL_Driver/Src/stm32f3xx_hal_spi.o
 .debug_rnglists
                0x0000000000000945      0x328 ./Drivers/STM32F3xx_HAL_Driver/Src/stm32f3xx_hal_tim.o
 .debug_rnglists
                0x0000000000000c6d      0x131 ./Drivers/STM32F3xx_HAL_Driver/Src/stm32f3xx_hal_tim_ex.o
 .debug_rnglists
                0x0000000000000d9e       0x99 ./Drivers/STM32F3xx_HAL_Driver/Src/stm32f3xx_ll_usb.o

.debug_macro    0x0000000000000000    0x1f3fe
 .debug_macro   0x0000000000000000      0x223 ./Core/Src/alarm.o
 .debug_macro   0x0000000000000223      0xaa8 ./Core/Src/alarm.o
 .debug_macro   0x0000000000000ccb      0x15d ./Core/Src/alarm.o
 .debug_macro   0x0000000000000e28       0x2e ./Core/Src/alarm.o
 .debug_macro   0x0000000000000e56       0x28 ./Core/Src/alarm.o
 .debug_macro   0x0000000000000e7e       0x22 ./Core/Src/alarm.o
 .debug_macro   0x0000000000000ea0       0x8e ./Core/Src/alarm.o
 .debug_macro   0x0000000000000f2e       0x51 ./Core/Src/alarm.o
 .debug_macro   0x0000000000000f7f      0x103 ./Core/Src/alarm.o
 .debug_macro   0x0000000000001082       0x6a ./Core/Src/alarm.o
 .debug_macro   0x00000000000010ec      0x1df ./Core/Src/alarm.o
 .debug_macro   0x00000000000012cb       0x1c ./Core/Src/alarm.o
 .debug_macro   0x00000000000012e7       0x22 ./Core/Src/alarm.o
 .debug_macro   0x0000000000001309       0xd9 ./Core/Src/alarm.o
 .debug_macro   0x00000000000013e2     0x102d ./Core/Src/alarm.o
 .debug_macro   0x000000000000240f      0x11f ./Core/Src/alarm.o
 .debug_macro   0x000000000000252e    0x12a3a ./Core/Src/alarm.o
 .debug_macro   0x0000000000014f68       0x6d ./Core/Src/alarm.o
 .debug_macro   0x0000000000014fd5     0x3574 ./Core/Src/alarm.o
 .debug_macro   0x0000000000018549      0x174 ./Core/Src/alarm.o
 .debug_macro   0x00000000000186bd       0x55 ./Core/Src/alarm.o
 .debug_macro   0x0000000000018712      0x961 ./Core/Src/alarm.o
 .debug_macro   0x0000000000019073      0x5fe ./Core/Src/alarm.o
 .debug_macro   0x0000000000019671      0x1b5 ./Core/Src/alarm.o
 .debug_macro   0x0000000000019826      0x1fb ./Core/Src/alarm.o
 .debug_macro   0x0000000000019a21      0x1dc ./Core/Src/alarm.o
 .debug_macro   0x0000000000019bfd      0x1bc ./Core/Src/alarm.o
 .debug_macro   0x0000000000019db9       0x30 ./Core/Src/alarm.o
 .debug_macro   0x0000000000019de9       0x3c ./Core/Src/alarm.o
 .debug_macro   0x0000000000019e25      0x235 ./Core/Src/alarm.o
 .debug_macro   0x000000000001a05a       0xc5 ./Core/Src/alarm.o
 .debug_macro   0x000000000001a11f      0x21d ./Core/Src/alarm.o
 .debug_macro   0x000000000001a33c      0x22c ./Core/Src/alarm.o
 .debug_macro   0x000000000001a568       0x5b ./Core/Src/alarm.o
 .debug_macro   0x000000000001a5c3       0xa5 ./Core/Src/alarm.o
 .debug_macro   0x000000000001a668       0x73 ./Core/Src/alarm.o
 .debug_macro   0x000000000001a6db      0x242 ./Core/Src/alarm.o
 .debug_macro   0x000000000001a91d       0x81 ./Core/Src/alarm.o
 .debug_macro   0x000000000001a99e       0xd3 ./Core/Src/alarm.o
 .debug_macro   0x000000000001aa71      0x2fe ./Core/Src/alarm.o
 .debug_macro   0x000000000001ad6f      0xa60 ./Core/Src/alarm.o
 .debug_macro   0x000000000001b7cf       0x89 ./Core/Src/alarm.o
 .debug_macro   0x000000000001b858      0x275 ./Core/Src/alarm.o
 .debug_macro   0x000000000001bacd      0x148 ./Core/Src/alarm.o
 .debug_macro   0x000000000001bc15       0x22 ./Core/Src/alarm.o
 .debug_macro   0x000000000001bc37       0x34 ./Core/Src/alarm.o
 .debug_macro   0x000000000001bc6b       0x6d ./Core/Src/fonts.o
 .debug_macro   0x000000000001bcd8      0x39f ./Core/Src/fsm.o
 .debug_macro   0x000000000001c077       0x3a ./Core/Src/fsm.o
 .debug_macro   0x000000000001c0b1       0x10 ./Core/Src/fsm.o
 .debug_macro   0x000000000001c0c1       0x61 ./Core/Src/fsm.o
 .debug_macro   0x000000000001c122       0x2a ./Core/Src/fsm.o
 .debug_macro   0x000000000001c14c       0x43 ./Core/Src/fsm.o
 .debug_macro   0x000000000001c18f       0x34 ./Core/Src/fsm.o
 .debug_macro   0x000000000001c1c3       0x16 ./Core/Src/fsm.o
 .debug_macro   0x000000000001c1d9       0x43 ./Core/Src/fsm.o
 .debug_macro   0x000000000001c21c       0x34 ./Core/Src/fsm.o
 .debug_macro   0x000000000001c250       0x10 ./Core/Src/fsm.o
 .debug_macro   0x000000000001c260       0x58 ./Core/Src/fsm.o
 .debug_macro   0x000000000001c2b8       0x8e ./Core/Src/fsm.o
 .debug_macro   0x000000000001c346       0x1c ./Core/Src/fsm.o
 .debug_macro   0x000000000001c362      0x177 ./Core/Src/fsm.o
 .debug_macro   0x000000000001c4d9      0x369 ./Core/Src/fsm.o
 .debug_macro   0x000000000001c842       0x10 ./Core/Src/fsm.o
 .debug_macro   0x000000000001c852       0x35 ./Core/Src/fsm.o
 .debug_macro   0x000000000001c887       0x20 ./Core/Src/fsm.o
 .debug_macro   0x000000000001c8a7       0x1c ./Core/Src/fsm.o
 .debug_macro   0x000000000001c8c3       0x10 ./Core/Src/fsm.o
 .debug_macro   0x000000000001c8d3       0x1c ./Core/Src/fsm.o
 .debug_macro   0x000000000001c8ef       0x16 ./Core/Src/fsm.o
 .debug_macro   0x000000000001c905      0x147 ./Core/Src/fsm.o
 .debug_macro   0x000000000001ca4c      0x11f ./Core/Src/fsm.o
 .debug_macro   0x000000000001cb6b      0x215 ./Core/Src/keypad.o
 .debug_macro   0x000000000001cd80      0x24e ./Core/Src/main.o
 .debug_macro   0x000000000001cfce      0x221 ./Core/Src/servo.o
 .debug_macro   0x000000000001d1ef      0x2f3 ./Core/Src/ssd1306.o
 .debug_macro   0x000000000001d4e2      0x20b ./Core/Src/stm32f3xx_hal_msp.o
 .debug_macro   0x000000000001d6ed      0x215 ./Core/Src/stm32f3xx_it.o
 .debug_macro   0x000000000001d902      0x1fc ./Core/Src/system_stm32f3xx.o
 .debug_macro   0x000000000001dafe      0x220 ./Drivers/STM32F3xx_HAL_Driver/Src/stm32f3xx_hal.o
 .debug_macro   0x000000000001dd1e      0x1fc ./Drivers/STM32F3xx_HAL_Driver/Src/stm32f3xx_hal_cortex.o
 .debug_macro   0x000000000001df1a      0x203 ./Drivers/STM32F3xx_HAL_Driver/Src/stm32f3xx_hal_gpio.o
 .debug_macro   0x000000000001e11d      0x2c8 ./Drivers/STM32F3xx_HAL_Driver/Src/stm32f3xx_hal_i2c.o
 .debug_macro   0x000000000001e3e5      0x1fc ./Drivers/STM32F3xx_HAL_Driver/Src/stm32f3xx_hal_i2c_ex.o
 .debug_macro   0x000000000001e5e1      0x208 ./Drivers/STM32F3xx_HAL_Driver/Src/stm32f3xx_hal_pcd.o
 .debug_macro   0x000000000001e7e9      0x220 ./Drivers/STM32F3xx_HAL_Driver/Src/stm32f3xx_hal_rcc.o
 .debug_macro   0x000000000001ea09      0x1fc ./Drivers/STM32F3xx_HAL_Driver/Src/stm32f3xx_hal_rcc_ex.o
 .debug_macro   0x000000000001ec05      0x204 ./Drivers/STM32F3xx_HAL_Driver/Src/stm32f3xx_hal_spi.o
 .debug_macro   0x000000000001ee09      0x1fd ./Drivers/STM32F3xx_HAL_Driver/Src/stm32f3xx_hal_tim.o
 .debug_macro   0x000000000001f006      0x1fc ./Drivers/STM32F3xx_HAL_Driver/Src/stm32f3xx_hal_tim_ex.o
 .debug_macro   0x000000000001f202      0x1fc ./Drivers/STM32F3xx_HAL_Driver/Src/stm32f3xx_ll_usb.o

.debug_line     0x0000000000000000    0x18379
 .debug_line    0x0000000000000000      0x93c ./Core/Src/alarm.o
 .debug_line    0x000000000000093c      0x412 ./Core/Src/fonts.o
 .debug_line    0x0000000000000d4e      0xe46 ./Core/Src/fsm.o
 .debug_line    0x0000000000001b94      0x876 ./Core/Src/keypad.o
 .debug_line    0x000000000000240a      0xaca ./Core/Src/main.o
 .debug_line    0x0000000000002ed4      0x7d1 ./Core/Src/servo.o
 .debug_line    0x00000000000036a5      0xaa1 ./Core/Src/ssd1306.o
 .debug_line    0x0000000000004146      0x95f ./Core/Src/stm32f3xx_hal_msp.o
 .debug_line    0x0000000000004aa5      0x881 ./Core/Src/stm32f3xx_it.o
 .debug_line    0x0000000000005326      0x835 ./Core/Src/system_stm32f3xx.o
 .debug_line    0x0000000000005b5b       0x7a ./Core/Startup/startup_stm32f303vctx.o
 .debug_line    0x0000000000005bd5      0xa6a ./Drivers/STM32F3xx_HAL_Driver/Src/stm32f3xx_hal.o
 .debug_line    0x000000000000663f      0xd5d ./Drivers/STM32F3xx_HAL_Driver/Src/stm32f3xx_hal_cortex.o
 .debug_line    0x000000000000739c      0xbc9 ./Drivers/STM32F3xx_HAL_Driver/Src/stm32f3xx_hal_gpio.o
 .debug_line    0x0000000000007f65     0x3a41 ./Drivers/STM32F3xx_HAL_Driver/Src/stm32f3xx_hal_i2c.o
 .debug_line    0x000000000000b9a6      0x9dc ./Drivers/STM32F3xx_HAL_Driver/Src/stm32f3xx_hal_i2c_ex.o
 .debug_line    0x000000000000c382     0x13cb ./Drivers/STM32F3xx_HAL_Driver/Src/stm32f3xx_hal_pcd.o
 .debug_line    0x000000000000d74d     0x1404 ./Drivers/STM32F3xx_HAL_Driver/Src/stm32f3xx_hal_rcc.o
 .debug_line    0x000000000000eb51      0xda6 ./Drivers/STM32F3xx_HAL_Driver/Src/stm32f3xx_hal_rcc_ex.o
 .debug_line    0x000000000000f8f7     0x205e ./Drivers/STM32F3xx_HAL_Driver/Src/stm32f3xx_hal_spi.o
 .debug_line    0x0000000000011955     0x3e44 ./Drivers/STM32F3xx_HAL_Driver/Src/stm32f3xx_hal_tim.o
 .debug_line    0x0000000000015799     0x1b4a ./Drivers/STM32F3xx_HAL_Driver/Src/stm32f3xx_hal_tim_ex.o
 .debug_line    0x00000000000172e3     0x1096 ./Drivers/STM32F3xx_HAL_Driver/Src/stm32f3xx_ll_usb.o

.debug_str      0x0000000000000000    0xb9b87
 .debug_str     0x0000000000000000    0xb0871 ./Core/Src/alarm.o
                                      0xb0fec (size before relaxing)
 .debug_str     0x00000000000b0871       0x25 ./Core/Src/fonts.o
                                       0x3d0a (size before relaxing)
 .debug_str     0x00000000000b0896     0x4611 ./Core/Src/fsm.o
                                      0xb4f4c (size before relaxing)
 .debug_str     0x00000000000b4ea7       0x83 ./Core/Src/keypad.o
                                      0xb08ff (size before relaxing)
 .debug_str     0x00000000000b4f2a      0xd05 ./Core/Src/main.o
                                      0xb1d39 (size before relaxing)
 .debug_str     0x00000000000b5c2f       0x41 ./Core/Src/servo.o
                                      0xb0d57 (size before relaxing)
 .debug_str     0x00000000000b5c70       0xaf ./Core/Src/ssd1306.o
                                      0xb3f62 (size before relaxing)
 .debug_str     0x00000000000b5d1f       0xfc ./Core/Src/stm32f3xx_hal_msp.o
                                      0xb169c (size before relaxing)
 .debug_str     0x00000000000b5e1b       0xc9 ./Core/Src/stm32f3xx_it.o
                                      0xb08af (size before relaxing)
 .debug_str     0x00000000000b5ee4       0xdf ./Core/Src/system_stm32f3xx.o
                                      0xb047b (size before relaxing)
 .debug_str     0x00000000000b5fc3       0x80 ./Core/Startup/startup_stm32f303vctx.o
 .debug_str     0x00000000000b6043      0x6a7 ./Drivers/STM32F3xx_HAL_Driver/Src/stm32f3xx_hal.o
                                      0xb0cbc (size before relaxing)
 .debug_str     0x00000000000b66ea      0x37f ./Drivers/STM32F3xx_HAL_Driver/Src/stm32f3xx_hal_cortex.o
                                      0xb0d40 (size before relaxing)
 .debug_str     0x00000000000b6a69      0x11f ./Drivers/STM32F3xx_HAL_Driver/Src/stm32f3xx_hal_gpio.o
                                      0xb05eb (size before relaxing)
 .debug_str     0x00000000000b6b88      0xe53 ./Drivers/STM32F3xx_HAL_Driver/Src/stm32f3xx_hal_i2c.o
                                      0xb177e (size before relaxing)
 .debug_str     0x00000000000b79db       0xb8 ./Drivers/STM32F3xx_HAL_Driver/Src/stm32f3xx_hal_i2c_ex.o
                                      0xb0975 (size before relaxing)
 .debug_str     0x00000000000b7a93      0x527 ./Drivers/STM32F3xx_HAL_Driver/Src/stm32f3xx_hal_pcd.o
                                      0xb0cb3 (size before relaxing)
 .debug_str     0x00000000000b7fba      0x2c6 ./Drivers/STM32F3xx_HAL_Driver/Src/stm32f3xx_hal_rcc.o
                                      0xb091e (size before relaxing)
 .debug_str     0x00000000000b8280       0xbe ./Drivers/STM32F3xx_HAL_Driver/Src/stm32f3xx_hal_rcc_ex.o
                                      0xb06e2 (size before relaxing)
 .debug_str     0x00000000000b833e      0x56b ./Drivers/STM32F3xx_HAL_Driver/Src/stm32f3xx_hal_spi.o
                                      0xb0da4 (size before relaxing)
 .debug_str     0x00000000000b88a9      0xe04 ./Drivers/STM32F3xx_HAL_Driver/Src/stm32f3xx_hal_tim.o
                                      0xb18b5 (size before relaxing)
 .debug_str     0x00000000000b96ad      0x402 ./Drivers/STM32F3xx_HAL_Driver/Src/stm32f3xx_hal_tim_ex.o
                                      0xb10fb (size before relaxing)
 .debug_str     0x00000000000b9aaf       0xd8 ./Drivers/STM32F3xx_HAL_Driver/Src/stm32f3xx_ll_usb.o
                                      0xb0808 (size before relaxing)

.debug_frame    0x0000000000000000     0x4d7c
 .debug_frame   0x0000000000000000       0xe0 ./Core/Src/alarm.o
 .debug_frame   0x00000000000000e0      0x26c ./Core/Src/fsm.o
 .debug_frame   0x000000000000034c       0x6c ./Core/Src/keypad.o
 .debug_frame   0x00000000000003b8      0x12c ./Core/Src/main.o
 .debug_frame   0x00000000000004e4       0x50 ./Core/Src/servo.o
 .debug_frame   0x0000000000000534      0x134 ./Core/Src/ssd1306.o
 .debug_frame   0x0000000000000668      0x180 ./Core/Src/stm32f3xx_hal_msp.o
 .debug_frame   0x00000000000007e8      0x104 ./Core/Src/stm32f3xx_it.o
 .debug_frame   0x00000000000008ec       0x58 ./Core/Src/system_stm32f3xx.o
 .debug_frame   0x0000000000000944      0x334 ./Drivers/STM32F3xx_HAL_Driver/Src/stm32f3xx_hal.o
 .debug_frame   0x0000000000000c78      0x4e8 ./Drivers/STM32F3xx_HAL_Driver/Src/stm32f3xx_hal_cortex.o
 .debug_frame   0x0000000000001160      0x14c ./Drivers/STM32F3xx_HAL_Driver/Src/stm32f3xx_hal_gpio.o
 .debug_frame   0x00000000000012ac      0xc38 ./Drivers/STM32F3xx_HAL_Driver/Src/stm32f3xx_hal_i2c.o
 .debug_frame   0x0000000000001ee4      0x100 ./Drivers/STM32F3xx_HAL_Driver/Src/stm32f3xx_hal_i2c_ex.o
 .debug_frame   0x0000000000001fe4      0x590 ./Drivers/STM32F3xx_HAL_Driver/Src/stm32f3xx_hal_pcd.o
 .debug_frame   0x0000000000002574      0x214 ./Drivers/STM32F3xx_HAL_Driver/Src/stm32f3xx_hal_rcc.o
 .debug_frame   0x0000000000002788       0xb0 ./Drivers/STM32F3xx_HAL_Driver/Src/stm32f3xx_hal_rcc_ex.o
 .debug_frame   0x0000000000002838      0x860 ./Drivers/STM32F3xx_HAL_Driver/Src/stm32f3xx_hal_spi.o
 .debug_frame   0x0000000000003098     0x1218 ./Drivers/STM32F3xx_HAL_Driver/Src/stm32f3xx_hal_tim.o
 .debug_frame   0x00000000000042b0      0x688 ./Drivers/STM32F3xx_HAL_Driver/Src/stm32f3xx_hal_tim_ex.o
 .debug_frame   0x0000000000004938      0x380 ./Drivers/STM32F3xx_HAL_Driver/Src/stm32f3xx_ll_usb.o
 .debug_frame   0x0000000000004cb8       0x20 C:/ST/STM32CubeIDE_1.14.1/STM32CubeIDE/plugins/com.st.stm32cube.ide.mcu.externaltools.gnu-tools-for-stm32.11.3.rel1.win32_1.1.100.202309141235/tools/bin/../lib/gcc/arm-none-eabi/11.3.1/../../../../arm-none-eabi/lib/thumb/v7e-m+fp/hard\libc_nano.a(libc_a-memset.o)
 .debug_frame   0x0000000000004cd8       0x28 C:/ST/STM32CubeIDE_1.14.1/STM32CubeIDE/plugins/com.st.stm32cube.ide.mcu.externaltools.gnu-tools-for-stm32.11.3.rel1.win32_1.1.100.202309141235/tools/bin/../lib/gcc/arm-none-eabi/11.3.1/../../../../arm-none-eabi/lib/thumb/v7e-m+fp/hard\libc_nano.a(libc_a-strncmp.o)
 .debug_frame   0x0000000000004d00       0x28 C:/ST/STM32CubeIDE_1.14.1/STM32CubeIDE/plugins/com.st.stm32cube.ide.mcu.externaltools.gnu-tools-for-stm32.11.3.rel1.win32_1.1.100.202309141235/tools/bin/../lib/gcc/arm-none-eabi/11.3.1/../../../../arm-none-eabi/lib/thumb/v7e-m+fp/hard\libc_nano.a(libc_a-strncpy.o)
 .debug_frame   0x0000000000004d28       0x2c C:/ST/STM32CubeIDE_1.14.1/STM32CubeIDE/plugins/com.st.stm32cube.ide.mcu.externaltools.gnu-tools-for-stm32.11.3.rel1.win32_1.1.100.202309141235/tools/bin/../lib/gcc/arm-none-eabi/11.3.1/../../../../arm-none-eabi/lib/thumb/v7e-m+fp/hard\libc_nano.a(libc_a-init.o)
 .debug_frame   0x0000000000004d54       0x28 C:/ST/STM32CubeIDE_1.14.1/STM32CubeIDE/plugins/com.st.stm32cube.ide.mcu.externaltools.gnu-tools-for-stm32.11.3.rel1.win32_1.1.100.202309141235/tools/bin/../lib/gcc/arm-none-eabi/11.3.1/../../../../arm-none-eabi/lib/thumb/v7e-m+fp/hard\libc_nano.a(libc_a-memcpy-stub.o)

.debug_line_str
                0x0000000000000000       0x74
 .debug_line_str
                0x0000000000000000       0x74 ./Core/Startup/startup_stm32f303vctx.o
                                         0x8c (size before relaxing)
